Archive member included to satisfy reference by file (symbol)

c:/program files (x86)/gnu arm embedded toolchain/10 2020-q4-major/bin/../lib/gcc/arm-none-eabi/10.2.1/../../../../arm-none-eabi/lib/thumb/v7e-m+fp/hard\libc_nano.a(lib_a-exit.o)
                              c:/program files (x86)/gnu arm embedded toolchain/10 2020-q4-major/bin/../lib/gcc/arm-none-eabi/10.2.1/../../../../arm-none-eabi/lib/thumb/v7e-m+fp/hard/crt0.o (exit)
c:/program files (x86)/gnu arm embedded toolchain/10 2020-q4-major/bin/../lib/gcc/arm-none-eabi/10.2.1/../../../../arm-none-eabi/lib/thumb/v7e-m+fp/hard\libc_nano.a(lib_a-impure.o)
                              c:/program files (x86)/gnu arm embedded toolchain/10 2020-q4-major/bin/../lib/gcc/arm-none-eabi/10.2.1/../../../../arm-none-eabi/lib/thumb/v7e-m+fp/hard\libc_nano.a(lib_a-exit.o) (_global_impure_ptr)
c:/program files (x86)/gnu arm embedded toolchain/10 2020-q4-major/bin/../lib/gcc/arm-none-eabi/10.2.1/../../../../arm-none-eabi/lib/thumb/v7e-m+fp/hard\libc_nano.a(lib_a-init.o)
                              c:/program files (x86)/gnu arm embedded toolchain/10 2020-q4-major/bin/../lib/gcc/arm-none-eabi/10.2.1/../../../../arm-none-eabi/lib/thumb/v7e-m+fp/hard/crt0.o (__libc_init_array)
c:/program files (x86)/gnu arm embedded toolchain/10 2020-q4-major/bin/../lib/gcc/arm-none-eabi/10.2.1/../../../../arm-none-eabi/lib/thumb/v7e-m+fp/hard\libc_nano.a(lib_a-memcpy-stub.o)
                              build/queue.o (memcpy)
c:/program files (x86)/gnu arm embedded toolchain/10 2020-q4-major/bin/../lib/gcc/arm-none-eabi/10.2.1/../../../../arm-none-eabi/lib/thumb/v7e-m+fp/hard\libc_nano.a(lib_a-memset.o)
                              c:/program files (x86)/gnu arm embedded toolchain/10 2020-q4-major/bin/../lib/gcc/arm-none-eabi/10.2.1/../../../../arm-none-eabi/lib/thumb/v7e-m+fp/hard/crt0.o (memset)
c:/program files (x86)/gnu arm embedded toolchain/10 2020-q4-major/bin/../lib/gcc/arm-none-eabi/10.2.1/../../../../arm-none-eabi/lib/thumb/v7e-m+fp/hard\libc_nano.a(lib_a-puts.o)
                              build/main.o (puts)
c:/program files (x86)/gnu arm embedded toolchain/10 2020-q4-major/bin/../lib/gcc/arm-none-eabi/10.2.1/../../../../arm-none-eabi/lib/thumb/v7e-m+fp/hard\libc_nano.a(lib_a-wbuf.o)
                              c:/program files (x86)/gnu arm embedded toolchain/10 2020-q4-major/bin/../lib/gcc/arm-none-eabi/10.2.1/../../../../arm-none-eabi/lib/thumb/v7e-m+fp/hard\libc_nano.a(lib_a-puts.o) (__swbuf_r)
c:/program files (x86)/gnu arm embedded toolchain/10 2020-q4-major/bin/../lib/gcc/arm-none-eabi/10.2.1/../../../../arm-none-eabi/lib/thumb/v7e-m+fp/hard\libc_nano.a(lib_a-wsetup.o)
                              c:/program files (x86)/gnu arm embedded toolchain/10 2020-q4-major/bin/../lib/gcc/arm-none-eabi/10.2.1/../../../../arm-none-eabi/lib/thumb/v7e-m+fp/hard\libc_nano.a(lib_a-puts.o) (__swsetup_r)
c:/program files (x86)/gnu arm embedded toolchain/10 2020-q4-major/bin/../lib/gcc/arm-none-eabi/10.2.1/../../../../arm-none-eabi/lib/thumb/v7e-m+fp/hard\libc_nano.a(lib_a-fflush.o)
                              c:/program files (x86)/gnu arm embedded toolchain/10 2020-q4-major/bin/../lib/gcc/arm-none-eabi/10.2.1/../../../../arm-none-eabi/lib/thumb/v7e-m+fp/hard\libc_nano.a(lib_a-wbuf.o) (_fflush_r)
c:/program files (x86)/gnu arm embedded toolchain/10 2020-q4-major/bin/../lib/gcc/arm-none-eabi/10.2.1/../../../../arm-none-eabi/lib/thumb/v7e-m+fp/hard\libc_nano.a(lib_a-findfp.o)
                              c:/program files (x86)/gnu arm embedded toolchain/10 2020-q4-major/bin/../lib/gcc/arm-none-eabi/10.2.1/../../../../arm-none-eabi/lib/thumb/v7e-m+fp/hard\libc_nano.a(lib_a-puts.o) (__sinit)
c:/program files (x86)/gnu arm embedded toolchain/10 2020-q4-major/bin/../lib/gcc/arm-none-eabi/10.2.1/../../../../arm-none-eabi/lib/thumb/v7e-m+fp/hard\libc_nano.a(lib_a-fwalk.o)
                              c:/program files (x86)/gnu arm embedded toolchain/10 2020-q4-major/bin/../lib/gcc/arm-none-eabi/10.2.1/../../../../arm-none-eabi/lib/thumb/v7e-m+fp/hard\libc_nano.a(lib_a-findfp.o) (_fwalk)
c:/program files (x86)/gnu arm embedded toolchain/10 2020-q4-major/bin/../lib/gcc/arm-none-eabi/10.2.1/../../../../arm-none-eabi/lib/thumb/v7e-m+fp/hard\libc_nano.a(lib_a-lock.o)
                              c:/program files (x86)/gnu arm embedded toolchain/10 2020-q4-major/bin/../lib/gcc/arm-none-eabi/10.2.1/../../../../arm-none-eabi/lib/thumb/v7e-m+fp/hard\libc_nano.a(lib_a-findfp.o) (__retarget_lock_init_recursive)
c:/program files (x86)/gnu arm embedded toolchain/10 2020-q4-major/bin/../lib/gcc/arm-none-eabi/10.2.1/../../../../arm-none-eabi/lib/thumb/v7e-m+fp/hard\libc_nano.a(lib_a-makebuf.o)
                              c:/program files (x86)/gnu arm embedded toolchain/10 2020-q4-major/bin/../lib/gcc/arm-none-eabi/10.2.1/../../../../arm-none-eabi/lib/thumb/v7e-m+fp/hard\libc_nano.a(lib_a-wsetup.o) (__smakebuf_r)
[...]
Memory Configuration

Name             Origin             Length             Attributes
RAM              0x20000000         0x00020000         xrw
CCMRAM           0x10000000         0x00010000         xrw
FLASH            0x08000000         0x00080000         xr
*default*        0x00000000         0xffffffff

Linker script and memory map

LOAD c:/program files (x86)/gnu arm embedded toolchain/10 2020-q4-major/bin/../lib/gcc/arm-none-eabi/10.2.1/thumb/v7e-m+fp/hard/crti.o
LOAD c:/program files (x86)/gnu arm embedded toolchain/10 2020-q4-major/bin/../lib/gcc/arm-none-eabi/10.2.1/thumb/v7e-m+fp/hard/crtbegin.o
LOAD c:/program files (x86)/gnu arm embedded toolchain/10 2020-q4-major/bin/../lib/gcc/arm-none-eabi/10.2.1/../../../../arm-none-eabi/lib/thumb/v7e-m+fp/hard/crt0.o
LOAD build/main.o
LOAD build/gpio.o
LOAD build/freertos.o
LOAD build/stm32f4xx_it.o
LOAD build/stm32f4xx_hal_msp.o
LOAD build/stm32f4xx_hal_timebase_tim.o
LOAD build/stm32f4xx_hal_rcc.o
LOAD build/stm32f4xx_hal_rcc_ex.o
LOAD build/stm32f4xx_hal_flash.o
LOAD build/stm32f4xx_hal_flash_ex.o
LOAD build/stm32f4xx_hal_flash_ramfunc.o
LOAD build/stm32f4xx_hal_gpio.o
LOAD build/stm32f4xx_hal_dma_ex.o
LOAD build/stm32f4xx_hal_dma.o
LOAD build/stm32f4xx_hal_pwr.o
LOAD build/stm32f4xx_hal_pwr_ex.o
LOAD build/stm32f4xx_hal_cortex.o
LOAD build/stm32f4xx_hal.o
LOAD build/stm32f4xx_hal_exti.o
LOAD build/stm32f4xx_hal_tim.o
LOAD build/stm32f4xx_hal_tim_ex.o
LOAD build/system_stm32f4xx.o
LOAD build/croutine.o
LOAD build/event_groups.o
LOAD build/list.o
LOAD build/queue.o
LOAD build/stream_buffer.o
LOAD build/tasks.o
LOAD build/timers.o
LOAD build/cmsis_os.o
LOAD build/heap_4.o
LOAD build/port.o
LOAD build/usart.o
LOAD build/stm32f4xx_hal_uart.o
LOAD build/startup_stm32f407xx.o
LOAD c:/program files (x86)/gnu arm embedded toolchain/10 2020-q4-major/bin/../lib/gcc/arm-none-eabi/10.2.1/../../../../arm-none-eabi/lib/thumb/v7e-m+fp/hard\libc_nano.a
LOAD c:/program files (x86)/gnu arm embedded toolchain/10 2020-q4-major/bin/../lib/gcc/arm-none-eabi/10.2.1/../../../../arm-none-eabi/lib/thumb/v7e-m+fp/hard\libm.a
LOAD c:/program files (x86)/gnu arm embedded toolchain/10 2020-q4-major/bin/../lib/gcc/arm-none-eabi/10.2.1/../../../../arm-none-eabi/lib/thumb/v7e-m+fp/hard\libnosys.a
START GROUP
LOAD c:/program files (x86)/gnu arm embedded toolchain/10 2020-q4-major/bin/../lib/gcc/arm-none-eabi/10.2.1/thumb/v7e-m+fp/hard\libgcc.a
LOAD c:/program files (x86)/gnu arm embedded toolchain/10 2020-q4-major/bin/../lib/gcc/arm-none-eabi/10.2.1/../../../../arm-none-eabi/lib/thumb/v7e-m+fp/hard\libc_nano.a
END GROUP
START GROUP
LOAD c:/program files (x86)/gnu arm embedded toolchain/10 2020-q4-major/bin/../lib/gcc/arm-none-eabi/10.2.1/thumb/v7e-m+fp/hard\libgcc.a
LOAD c:/program files (x86)/gnu arm embedded toolchain/10 2020-q4-major/bin/../lib/gcc/arm-none-eabi/10.2.1/../../../../arm-none-eabi/lib/thumb/v7e-m+fp/hard\libc_nano.a
END GROUP
LOAD c:/program files (x86)/gnu arm embedded toolchain/10 2020-q4-major/bin/../lib/gcc/arm-none-eabi/10.2.1/thumb/v7e-m+fp/hard/crtend.o
LOAD c:/program files (x86)/gnu arm embedded toolchain/10 2020-q4-major/bin/../lib/gcc/arm-none-eabi/10.2.1/thumb/v7e-m+fp/hard/crtn.o
                0x20020000                _estack = 0x20020000
                0x00000200                _Min_Heap_Size = 0x200
                0x00000400                _Min_Stack_Size = 0x400

.isr_vector     0x08000000      0x188
                0x08000000                . = ALIGN (0x4)
 *(.isr_vector)
 .isr_vector    0x08000000      0x188 build/startup_stm32f407xx.o
                0x08000000                g_pfnVectors
                0x08000188                . = ALIGN (0x4)

.text           0x08000190     0x2424
                0x08000190                . = ALIGN (0x4)
 *(.text)
 .text          0x08000190       0x40 c:/program files (x86)/gnu arm embedded toolchain/10 2020-q4-major/bin/../lib/gcc/arm-none-eabi/10.2.1/thumb/v7e-m+fp/hard/crtbegin.o
 .text          0x080001d0       0x30 c:/program files (x86)/gnu arm embedded toolchain/10 2020-q4-major/bin/../lib/gcc/arm-none-eabi/10.2.1/thumb/v7e-m+fp/hard\libgcc.a(_aeabi_uldivmod.o)
                0x080001d0                __aeabi_uldivmod
 .text          0x08000200      0x2d0 c:/program files (x86)/gnu arm embedded toolchain/10 2020-q4-major/bin/../lib/gcc/arm-none-eabi/10.2.1/thumb/v7e-m+fp/hard\libgcc.a(_udivmoddi4.o)
                0x08000200                __udivmoddi4
 .text          0x080004d0        0x4 c:/program files (x86)/gnu arm embedded toolchain/10 2020-q4-major/bin/../lib/gcc/arm-none-eabi/10.2.1/thumb/v7e-m+fp/hard\libgcc.a(_dvmd_tls.o)
                0x080004d0                __aeabi_idiv0
                0x080004d0                __aeabi_ldiv0
 *(.text*)
 .text.HAL_TIM_PeriodElapsedCallback
                0x080004d4       0x18 build/main.o
                0x080004d4                HAL_TIM_PeriodElapsedCallback
 .text.Error_Handler
                0x080004ec        0x4 build/main.o
                0x080004ec                Error_Handler
 .text.SystemClock_Config
                0x080004f0       0xa8 build/main.o
                0x080004f0                SystemClock_Config
 .text.main     0x08000598       0x64 build/main.o
                0x08000598                main
 .text.MX_GPIO_Init
                0x080005fc       0x7c build/gpio.o
                0x080005fc                MX_GPIO_Init
 .text.NMI_Handler
                0x08000678        0x2 build/stm32f4xx_it.o
                0x08000678                NMI_Handler
 .text.HardFault_Handler
                0x0800067a        0x2 build/stm32f4xx_it.o
                0x0800067a                HardFault_Handler
 .text.MemManage_Handler
                0x0800067c        0x2 build/stm32f4xx_it.o
                0x0800067c                MemManage_Handler
 .text.BusFault_Handler
                0x0800067e        0x2 build/stm32f4xx_it.o
                0x0800067e                BusFault_Handler
 .text.UsageFault_Handler
                0x08000680        0x2 build/stm32f4xx_it.o
                0x08000680                UsageFault_Handler
 .text.DebugMon_Handler
                0x08000682        0x2 build/stm32f4xx_it.o
                0x08000682                DebugMon_Handler
 .text.TIM1_UP_TIM10_IRQHandler
                0x08000684       0x10 build/stm32f4xx_it.o
                0x08000684                TIM1_UP_TIM10_IRQHandler
 .text.HAL_MspInit
                0x08000694       0x44 build/stm32f4xx_hal_msp.o
                0x08000694                HAL_MspInit
 .text.HAL_InitTick
                0x080006d8       0x7c build/stm32f4xx_hal_timebase_tim.o
                0x080006d8                HAL_InitTick
 .text.HAL_RCC_OscConfig
                0x08000754      0x3f8 build/stm32f4xx_hal_rcc.o
                0x08000754                HAL_RCC_OscConfig
 .text.HAL_RCC_GetSysClockFreq
                0x08000b4c       0xd4 build/stm32f4xx_hal_rcc.o
                0x08000b4c                HAL_RCC_GetSysClockFreq
 .text.HAL_RCC_ClockConfig
                0x08000c20      0x160 build/stm32f4xx_hal_rcc.o
                0x08000c20                HAL_RCC_ClockConfig
 .text.HAL_RCC_GetHCLKFreq
                0x08000d80        0xc build/stm32f4xx_hal_rcc.o
                0x08000d80                HAL_RCC_GetHCLKFreq
 .text.HAL_RCC_GetPCLK1Freq
                0x08000d8c       0x20 build/stm32f4xx_hal_rcc.o
                0x08000d8c                HAL_RCC_GetPCLK1Freq
 .text.HAL_RCC_GetPCLK2Freq
                0x08000dac       0x20 build/stm32f4xx_hal_rcc.o
                0x08000dac                HAL_RCC_GetPCLK2Freq
 .text.HAL_RCC_GetClockConfig
                0x08000dcc       0x3c build/stm32f4xx_hal_rcc.o
                0x08000dcc                HAL_RCC_GetClockConfig
 .text.HAL_GPIO_Init
                0x08000e08      0x1e4 build/stm32f4xx_hal_gpio.o
                0x08000e08                HAL_GPIO_Init
 .text.HAL_GPIO_WritePin
                0x08000fec        0xc build/stm32f4xx_hal_gpio.o
                0x08000fec                HAL_GPIO_WritePin
 .text.HAL_GPIO_TogglePin
                0x08000ff8       0x12 build/stm32f4xx_hal_gpio.o
                0x08000ff8                HAL_GPIO_TogglePin
 *fill*         0x0800100a        0x2 
 .text.HAL_NVIC_SetPriorityGrouping
                0x0800100c       0x24 build/stm32f4xx_hal_cortex.o
                0x0800100c                HAL_NVIC_SetPriorityGrouping
 .text.HAL_NVIC_SetPriority
                0x08001030       0x70 build/stm32f4xx_hal_cortex.o
                0x08001030                HAL_NVIC_SetPriority
 .text.HAL_NVIC_EnableIRQ
                0x080010a0       0x1c build/stm32f4xx_hal_cortex.o
                0x080010a0                HAL_NVIC_EnableIRQ
 .text.HAL_Init
                0x080010bc       0x34 build/stm32f4xx_hal.o
                0x080010bc                HAL_Init
 .text.HAL_IncTick
                0x080010f0       0x18 build/stm32f4xx_hal.o
                0x080010f0                HAL_IncTick
 .text.HAL_GetTick
                0x08001108        0xc build/stm32f4xx_hal.o
                0x08001108                HAL_GetTick
 .text.HAL_Delay
                0x08001114       0x28 build/stm32f4xx_hal.o
                0x08001114                HAL_Delay
 .text.HAL_TIM_Base_MspInit
                0x0800113c        0x2 build/stm32f4xx_hal_tim.o
                0x0800113c                HAL_TIM_Base_MspInit
 *fill*         0x0800113e        0x2 
 .text.HAL_TIM_Base_Start_IT
                0x08001140       0x88 build/stm32f4xx_hal_tim.o
                0x08001140                HAL_TIM_Base_Start_IT
 .text.HAL_TIM_OC_DelayElapsedCallback
                0x080011c8        0x2 build/stm32f4xx_hal_tim.o
                0x080011c8                HAL_TIM_OC_DelayElapsedCallback
 .text.HAL_TIM_IC_CaptureCallback
                0x080011ca        0x2 build/stm32f4xx_hal_tim.o
                0x080011ca                HAL_TIM_IC_CaptureCallback
 .text.HAL_TIM_PWM_PulseFinishedCallback
                0x080011cc        0x2 build/stm32f4xx_hal_tim.o
                0x080011cc                HAL_TIM_PWM_PulseFinishedCallback
 .text.HAL_TIM_TriggerCallback
                0x080011ce        0x2 build/stm32f4xx_hal_tim.o
                0x080011ce                HAL_TIM_TriggerCallback
 .text.HAL_TIM_IRQHandler
                0x080011d0      0x17a build/stm32f4xx_hal_tim.o
                0x080011d0                HAL_TIM_IRQHandler
 *fill*         0x0800134a        0x2 
 .text.TIM_Base_SetConfig
                0x0800134c       0xc8 build/stm32f4xx_hal_tim.o
                0x0800134c                TIM_Base_SetConfig
 .text.HAL_TIM_Base_Init
                0x08001414       0x58 build/stm32f4xx_hal_tim.o
                0x08001414                HAL_TIM_Base_Init
 .text.HAL_TIMEx_CommutCallback
                0x0800146c        0x2 build/stm32f4xx_hal_tim_ex.o
                0x0800146c                HAL_TIMEx_CommutCallback
 .text.HAL_TIMEx_BreakCallback
                0x0800146e        0x2 build/stm32f4xx_hal_tim_ex.o
                0x0800146e                HAL_TIMEx_BreakCallback
 .text.SystemInit
                0x08001470       0x14 build/system_stm32f4xx.o
                0x08001470                SystemInit
 .text.vListInsertEnd
                0x08001484       0x16 build/list.o
                0x08001484                vListInsertEnd
 .text.uxListRemove
                0x0800149a       0x26 build/list.o
                0x0800149a                uxListRemove
 .text.prvResetNextTaskUnblockTime
                0x080014c0       0x2c build/tasks.o
 .text.xTaskIncrementTick
                0x080014ec      0x118 build/tasks.o
                0x080014ec                xTaskIncrementTick
 .text.vTaskSwitchContext
                0x08001604       0x98 build/tasks.o
                0x08001604                vTaskSwitchContext
 *fill*         0x0800169c        0x4 
 .text.SVC_Handler
                0x080016a0       0x24 build/port.o
                0x080016a0                SVC_Handler
 *fill*         0x080016c4        0xc 
 .text.PendSV_Handler
                0x080016d0       0x64 build/port.o
                0x080016d0                PendSV_Handler
 .text.SysTick_Handler
                0x08001734       0x2c build/port.o
                0x08001734                SysTick_Handler
 .text.__io_putchar
                0x08001760       0x24 build/usart.o
                0x08001760                __io_putchar
 .text._write   0x08001784       0x1c build/usart.o
                0x08001784                _write
 .text.MX_USART1_UART_Init
                0x080017a0       0x34 build/usart.o
                0x080017a0                MX_USART1_UART_Init
 .text.HAL_UART_MspInit
                0x080017d4       0x74 build/usart.o
                0x080017d4                HAL_UART_MspInit
 .text.UART_SetConfig
                0x08001848      0x110 build/stm32f4xx_hal_uart.o
 .text.UART_WaitOnFlagUntilTimeout
                0x08001958       0x6c build/stm32f4xx_hal_uart.o
 .text.HAL_UART_Init
                0x080019c4       0x5e build/stm32f4xx_hal_uart.o
                0x080019c4                HAL_UART_Init
 .text.HAL_UART_Transmit
                0x08001a22       0xd8 build/stm32f4xx_hal_uart.o
                0x08001a22                HAL_UART_Transmit
 *fill*         0x08001afa        0x2 
 .text.Reset_Handler
                0x08001afc       0x50 build/startup_stm32f407xx.o
                0x08001afc                Reset_Handler
 .text.Default_Handler
                0x08001b4c        0x2 build/startup_stm32f407xx.o
                0x08001b4c                RTC_Alarm_IRQHandler
                0x08001b4c                HASH_RNG_IRQHandler
                0x08001b4c                EXTI2_IRQHandler
                0x08001b4c                TIM8_CC_IRQHandler
                0x08001b4c                TIM1_CC_IRQHandler
                0x08001b4c                DMA2_Stream5_IRQHandler
                0x08001b4c                DMA1_Stream5_IRQHandler
                0x08001b4c                PVD_IRQHandler
                0x08001b4c                SDIO_IRQHandler
                0x08001b4c                TAMP_STAMP_IRQHandler
                0x08001b4c                CAN2_RX1_IRQHandler
                0x08001b4c                EXTI3_IRQHandler
                0x08001b4c                TIM8_TRG_COM_TIM14_IRQHandler
                0x08001b4c                TIM8_UP_TIM13_IRQHandler
                0x08001b4c                I2C3_ER_IRQHandler
                0x08001b4c                EXTI0_IRQHandler
                0x08001b4c                I2C2_EV_IRQHandler
                0x08001b4c                DMA1_Stream2_IRQHandler
                0x08001b4c                CAN1_RX0_IRQHandler
                0x08001b4c                FPU_IRQHandler
                0x08001b4c                OTG_HS_WKUP_IRQHandler
                0x08001b4c                CAN2_SCE_IRQHandler
                0x08001b4c                DMA2_Stream2_IRQHandler
                0x08001b4c                SPI1_IRQHandler
                0x08001b4c                TIM6_DAC_IRQHandler
                0x08001b4c                TIM1_BRK_TIM9_IRQHandler
                0x08001b4c                DCMI_IRQHandler
                0x08001b4c                CAN2_RX0_IRQHandler
                0x08001b4c                DMA2_Stream3_IRQHandler
                0x08001b4c                USART6_IRQHandler
                0x08001b4c                USART3_IRQHandler
                0x08001b4c                CAN1_RX1_IRQHandler
                0x08001b4c                UART5_IRQHandler
                0x08001b4c                DMA2_Stream0_IRQHandler
                0x08001b4c                TIM4_IRQHandler
                0x08001b4c                I2C1_EV_IRQHandler
                0x08001b4c                DMA1_Stream6_IRQHandler
                0x08001b4c                DMA1_Stream1_IRQHandler
                0x08001b4c                UART4_IRQHandler
                0x08001b4c                TIM3_IRQHandler
                0x08001b4c                RCC_IRQHandler
                0x08001b4c                TIM8_BRK_TIM12_IRQHandler
                0x08001b4c                Default_Handler
                0x08001b4c                EXTI15_10_IRQHandler
                0x08001b4c                ADC_IRQHandler
                0x08001b4c                DMA1_Stream7_IRQHandler
                0x08001b4c                TIM7_IRQHandler
                0x08001b4c                CAN2_TX_IRQHandler
                0x08001b4c                TIM5_IRQHandler
                0x08001b4c                DMA2_Stream7_IRQHandler
                0x08001b4c                I2C3_EV_IRQHandler
                0x08001b4c                EXTI9_5_IRQHandler
                0x08001b4c                RTC_WKUP_IRQHandler
                0x08001b4c                ETH_WKUP_IRQHandler
                0x08001b4c                SPI2_IRQHandler
                0x08001b4c                OTG_HS_EP1_IN_IRQHandler
                0x08001b4c                DMA1_Stream0_IRQHandler
                0x08001b4c                CAN1_TX_IRQHandler
                0x08001b4c                EXTI4_IRQHandler
                0x08001b4c                FSMC_IRQHandler
                0x08001b4c                ETH_IRQHandler
                0x08001b4c                OTG_HS_EP1_OUT_IRQHandler
                0x08001b4c                WWDG_IRQHandler
                0x08001b4c                TIM2_IRQHandler
                0x08001b4c                OTG_FS_WKUP_IRQHandler
                0x08001b4c                TIM1_TRG_COM_TIM11_IRQHandler
                0x08001b4c                OTG_HS_IRQHandler
                0x08001b4c                EXTI1_IRQHandler
                0x08001b4c                USART2_IRQHandler
                0x08001b4c                I2C2_ER_IRQHandler
                0x08001b4c                DMA2_Stream1_IRQHandler
                0x08001b4c                CAN1_SCE_IRQHandler
                0x08001b4c                FLASH_IRQHandler
                0x08001b4c                DMA2_Stream4_IRQHandler
                0x08001b4c                USART1_IRQHandler
                0x08001b4c                OTG_FS_IRQHandler
                0x08001b4c                SPI3_IRQHandler
                0x08001b4c                DMA1_Stream4_IRQHandler
                0x08001b4c                I2C1_ER_IRQHandler
                0x08001b4c                DMA2_Stream6_IRQHandler
                0x08001b4c                DMA1_Stream3_IRQHandler
 *fill*         0x08001b4e        0x2 
 .text.__libc_init_array
                0x08001b50       0x48 c:/program files (x86)/gnu arm embedded toolchain/10 2020-q4-major/bin/../lib/gcc/arm-none-eabi/10.2.1/../../../../arm-none-eabi/lib/thumb/v7e-m+fp/hard\libc_nano.a(lib_a-init.o)
                0x08001b50                __libc_init_array
 .text.memset   0x08001b98       0x10 c:/program files (x86)/gnu arm embedded toolchain/10 2020-q4-major/bin/../lib/gcc/arm-none-eabi/10.2.1/../../../../arm-none-eabi/lib/thumb/v7e-m+fp/hard\libc_nano.a(lib_a-memset.o)
                0x08001b98                memset
 .text._puts_r  0x08001ba8       0xdc c:/program files (x86)/gnu arm embedded toolchain/10 2020-q4-major/bin/../lib/gcc/arm-none-eabi/10.2.1/../../../../arm-none-eabi/lib/thumb/v7e-m+fp/hard\libc_nano.a(lib_a-puts.o)
                0x08001ba8                _puts_r
 .text.puts     0x08001c84       0x10 c:/program files (x86)/gnu arm embedded toolchain/10 2020-q4-major/bin/../lib/gcc/arm-none-eabi/10.2.1/../../../../arm-none-eabi/lib/thumb/v7e-m+fp/hard\libc_nano.a(lib_a-puts.o)
                0x08001c84                puts
 .text.__swbuf_r
                0x08001c94       0xa4 c:/program files (x86)/gnu arm embedded toolchain/10 2020-q4-major/bin/../lib/gcc/arm-none-eabi/10.2.1/../../../../arm-none-eabi/lib/thumb/v7e-m+fp/hard\libc_nano.a(lib_a-wbuf.o)
                0x08001c94                __swbuf_r
 .text.__swsetup_r
                0x08001d38       0xdc c:/program files (x86)/gnu arm embedded toolchain/10 2020-q4-major/bin/../lib/gcc/arm-none-eabi/10.2.1/../../../../arm-none-eabi/lib/thumb/v7e-m+fp/hard\libc_nano.a(lib_a-wsetup.o)
                0x08001d38                __swsetup_r
 .text.__sflush_r
                0x08001e14      0x10c c:/program files (x86)/gnu arm embedded toolchain/10 2020-q4-major/bin/../lib/gcc/arm-none-eabi/10.2.1/../../../../arm-none-eabi/lib/thumb/v7e-m+fp/hard\libc_nano.a(lib_a-fflush.o)
                0x08001e14                __sflush_r
 .text._fflush_r
                0x08001f20       0x78 c:/program files (x86)/gnu arm embedded toolchain/10 2020-q4-major/bin/../lib/gcc/arm-none-eabi/10.2.1/../../../../arm-none-eabi/lib/thumb/v7e-m+fp/hard\libc_nano.a(lib_a-fflush.o)
                0x08001f20                _fflush_r
 .text.std      0x08001f98       0x48 c:/program files (x86)/gnu arm embedded toolchain/10 2020-q4-major/bin/../lib/gcc/arm-none-eabi/10.2.1/../../../../arm-none-eabi/lib/thumb/v7e-m+fp/hard\libc_nano.a(lib_a-findfp.o)
 .text._cleanup_r
                0x08001fe0        0xc c:/program files (x86)/gnu arm embedded toolchain/10 2020-q4-major/bin/../lib/gcc/arm-none-eabi/10.2.1/../../../../arm-none-eabi/lib/thumb/v7e-m+fp/hard\libc_nano.a(lib_a-findfp.o)
                0x08001fe0                _cleanup_r
 .text.__sfmoreglue
                0x08001fec       0x2c c:/program files (x86)/gnu arm embedded toolchain/10 2020-q4-major/bin/../lib/gcc/arm-none-eabi/10.2.1/../../../../arm-none-eabi/lib/thumb/v7e-m+fp/hard\libc_nano.a(lib_a-findfp.o)
                0x08001fec                __sfmoreglue
 .text.__sfp_lock_acquire
                0x08002018        0xc c:/program files (x86)/gnu arm embedded toolchain/10 2020-q4-major/bin/../lib/gcc/arm-none-eabi/10.2.1/../../../../arm-none-eabi/lib/thumb/v7e-m+fp/hard\libc_nano.a(lib_a-findfp.o)
                0x08002018                __sfp_lock_acquire
 .text.__sfp_lock_release
                0x08002024        0xc c:/program files (x86)/gnu arm embedded toolchain/10 2020-q4-major/bin/../lib/gcc/arm-none-eabi/10.2.1/../../../../arm-none-eabi/lib/thumb/v7e-m+fp/hard\libc_nano.a(lib_a-findfp.o)
                0x08002024                __sfp_lock_release
 .text.__sinit_lock_acquire
                0x08002030        0xc c:/program files (x86)/gnu arm embedded toolchain/10 2020-q4-major/bin/../lib/gcc/arm-none-eabi/10.2.1/../../../../arm-none-eabi/lib/thumb/v7e-m+fp/hard\libc_nano.a(lib_a-findfp.o)
                0x08002030                __sinit_lock_acquire
 .text.__sinit_lock_release
                0x0800203c        0xc c:/program files (x86)/gnu arm embedded toolchain/10 2020-q4-major/bin/../lib/gcc/arm-none-eabi/10.2.1/../../../../arm-none-eabi/lib/thumb/v7e-m+fp/hard\libc_nano.a(lib_a-findfp.o)
                0x0800203c                __sinit_lock_release
 .text.__sinit  0x08002048       0x70 c:/program files (x86)/gnu arm embedded toolchain/10 2020-q4-major/bin/../lib/gcc/arm-none-eabi/10.2.1/../../../../arm-none-eabi/lib/thumb/v7e-m+fp/hard\libc_nano.a(lib_a-findfp.o)
                0x08002048                __sinit
 .text.__sfp    0x080020b8       0x8c c:/program files (x86)/gnu arm embedded toolchain/10 2020-q4-major/bin/../lib/gcc/arm-none-eabi/10.2.1/../../../../arm-none-eabi/lib/thumb/v7e-m+fp/hard\libc_nano.a(lib_a-findfp.o)
                0x080020b8                __sfp
 .text._fwalk_reent
                0x08002144       0x3e c:/program files (x86)/gnu arm embedded toolchain/10 2020-q4-major/bin/../lib/gcc/arm-none-eabi/10.2.1/../../../../arm-none-eabi/lib/thumb/v7e-m+fp/hard\libc_nano.a(lib_a-fwalk.o)
                0x08002144                _fwalk_reent
 .text.__retarget_lock_init_recursive
                0x08002182        0x2 c:/program files (x86)/gnu arm embedded toolchain/10 2020-q4-major/bin/../lib/gcc/arm-none-eabi/10.2.1/../../../../arm-none-eabi/lib/thumb/v7e-m+fp/hard\libc_nano.a(lib_a-lock.o)
                0x08002182                __retarget_lock_init_recursive
 .text.__retarget_lock_acquire_recursive
                0x08002184        0x2 c:/program files (x86)/gnu arm embedded toolchain/10 2020-q4-major/bin/../lib/gcc/arm-none-eabi/10.2.1/../../../../arm-none-eabi/lib/thumb/v7e-m+fp/hard\libc_nano.a(lib_a-lock.o)
                0x08002184                __retarget_lock_acquire_recursive
 .text.__retarget_lock_release_recursive
                0x08002186        0x2 c:/program files (x86)/gnu arm embedded toolchain/10 2020-q4-major/bin/../lib/gcc/arm-none-eabi/10.2.1/../../../../arm-none-eabi/lib/thumb/v7e-m+fp/hard\libc_nano.a(lib_a-lock.o)
                0x08002186                __retarget_lock_release_recursive
 .text.__swhatbuf_r
                0x08002188       0x4a c:/program files (x86)/gnu arm embedded toolchain/10 2020-q4-major/bin/../lib/gcc/arm-none-eabi/10.2.1/../../../../arm-none-eabi/lib/thumb/v7e-m+fp/hard\libc_nano.a(lib_a-makebuf.o)
                0x08002188                __swhatbuf_r
 *fill*         0x080021d2        0x2 
 .text.__smakebuf_r
                0x080021d4       0x80 c:/program files (x86)/gnu arm embedded toolchain/10 2020-q4-major/bin/../lib/gcc/arm-none-eabi/10.2.1/../../../../arm-none-eabi/lib/thumb/v7e-m+fp/hard\libc_nano.a(lib_a-makebuf.o)
                0x080021d4                __smakebuf_r
 .text._free_r  0x08002254       0x98 c:/program files (x86)/gnu arm embedded toolchain/10 2020-q4-major/bin/../lib/gcc/arm-none-eabi/10.2.1/../../../../arm-none-eabi/lib/thumb/v7e-m+fp/hard\libc_nano.a(lib_a-nano-freer.o)
                0x08002254                _free_r
 .text._malloc_r
                0x080022ec       0xb4 c:/program files (x86)/gnu arm embedded toolchain/10 2020-q4-major/bin/../lib/gcc/arm-none-eabi/10.2.1/../../../../arm-none-eabi/lib/thumb/v7e-m+fp/hard\libc_nano.a(lib_a-nano-mallocr.o)
                0x080022ec                _malloc_r
 .text._sbrk_r  0x080023a0       0x20 c:/program files (x86)/gnu arm embedded toolchain/10 2020-q4-major/bin/../lib/gcc/arm-none-eabi/10.2.1/../../../../arm-none-eabi/lib/thumb/v7e-m+fp/hard\libc_nano.a(lib_a-sbrkr.o)
                0x080023a0                _sbrk_r
 .text.__sread  0x080023c0       0x22 c:/program files (x86)/gnu arm embedded toolchain/10 2020-q4-major/bin/../lib/gcc/arm-none-eabi/10.2.1/../../../../arm-none-eabi/lib/thumb/v7e-m+fp/hard\libc_nano.a(lib_a-stdio.o)
                0x080023c0                __sread
 .text.__swrite
                0x080023e2       0x38 c:/program files (x86)/gnu arm embedded toolchain/10 2020-q4-major/bin/../lib/gcc/arm-none-eabi/10.2.1/../../../../arm-none-eabi/lib/thumb/v7e-m+fp/hard\libc_nano.a(lib_a-stdio.o)
                0x080023e2                __swrite
 .text.__sseek  0x0800241a       0x24 c:/program files (x86)/gnu arm embedded toolchain/10 2020-q4-major/bin/../lib/gcc/arm-none-eabi/10.2.1/../../../../arm-none-eabi/lib/thumb/v7e-m+fp/hard\libc_nano.a(lib_a-stdio.o)
                0x0800241a                __sseek
 .text.__sclose
                0x0800243e        0x8 c:/program files (x86)/gnu arm embedded toolchain/10 2020-q4-major/bin/../lib/gcc/arm-none-eabi/10.2.1/../../../../arm-none-eabi/lib/thumb/v7e-m+fp/hard\libc_nano.a(lib_a-stdio.o)
                0x0800243e                __sclose
 *fill*         0x08002446        0x2 
 .text._write_r
                0x08002448       0x24 c:/program files (x86)/gnu arm embedded toolchain/10 2020-q4-major/bin/../lib/gcc/arm-none-eabi/10.2.1/../../../../arm-none-eabi/lib/thumb/v7e-m+fp/hard\libc_nano.a(lib_a-writer.o)
                0x08002448                _write_r
 .text._close_r
                0x0800246c       0x20 c:/program files (x86)/gnu arm embedded toolchain/10 2020-q4-major/bin/../lib/gcc/arm-none-eabi/10.2.1/../../../../arm-none-eabi/lib/thumb/v7e-m+fp/hard\libc_nano.a(lib_a-closer.o)
                0x0800246c                _close_r
 .text._fstat_r
                0x0800248c       0x24 c:/program files (x86)/gnu arm embedded toolchain/10 2020-q4-major/bin/../lib/gcc/arm-none-eabi/10.2.1/../../../../arm-none-eabi/lib/thumb/v7e-m+fp/hard\libc_nano.a(lib_a-fstatr.o)
                0x0800248c                _fstat_r
 .text._isatty_r
                0x080024b0       0x20 c:/program files (x86)/gnu arm embedded toolchain/10 2020-q4-major/bin/../lib/gcc/arm-none-eabi/10.2.1/../../../../arm-none-eabi/lib/thumb/v7e-m+fp/hard\libc_nano.a(lib_a-isattyr.o)
                0x080024b0                _isatty_r
 .text._lseek_r
                0x080024d0       0x24 c:/program files (x86)/gnu arm embedded toolchain/10 2020-q4-major/bin/../lib/gcc/arm-none-eabi/10.2.1/../../../../arm-none-eabi/lib/thumb/v7e-m+fp/hard\libc_nano.a(lib_a-lseekr.o)
                0x080024d0                _lseek_r
 .text.__malloc_lock
                0x080024f4        0xc c:/program files (x86)/gnu arm embedded toolchain/10 2020-q4-major/bin/../lib/gcc/arm-none-eabi/10.2.1/../../../../arm-none-eabi/lib/thumb/v7e-m+fp/hard\libc_nano.a(lib_a-mlock.o)
                0x080024f4                __malloc_lock
 .text.__malloc_unlock
                0x08002500        0xc c:/program files (x86)/gnu arm embedded toolchain/10 2020-q4-major/bin/../lib/gcc/arm-none-eabi/10.2.1/../../../../arm-none-eabi/lib/thumb/v7e-m+fp/hard\libc_nano.a(lib_a-mlock.o)
                0x08002500                __malloc_unlock
 .text._read_r  0x0800250c       0x24 c:/program files (x86)/gnu arm embedded toolchain/10 2020-q4-major/bin/../lib/gcc/arm-none-eabi/10.2.1/../../../../arm-none-eabi/lib/thumb/v7e-m+fp/hard\libc_nano.a(lib_a-readr.o)
                0x0800250c                _read_r
 .text._close   0x08002530       0x10 c:/program files (x86)/gnu arm embedded toolchain/10 2020-q4-major/bin/../lib/gcc/arm-none-eabi/10.2.1/../../../../arm-none-eabi/lib/thumb/v7e-m+fp/hard\libnosys.a(close.o)
                0x08002530                _close
 .text._fstat   0x08002540       0x10 c:/program files (x86)/gnu arm embedded toolchain/10 2020-q4-major/bin/../lib/gcc/arm-none-eabi/10.2.1/../../../../arm-none-eabi/lib/thumb/v7e-m+fp/hard\libnosys.a(fstat.o)
                0x08002540                _fstat
 .text._isatty  0x08002550       0x10 c:/program files (x86)/gnu arm embedded toolchain/10 2020-q4-major/bin/../lib/gcc/arm-none-eabi/10.2.1/../../../../arm-none-eabi/lib/thumb/v7e-m+fp/hard\libnosys.a(isatty.o)
                0x08002550                _isatty
 .text._lseek   0x08002560       0x10 c:/program files (x86)/gnu arm embedded toolchain/10 2020-q4-major/bin/../lib/gcc/arm-none-eabi/10.2.1/../../../../arm-none-eabi/lib/thumb/v7e-m+fp/hard\libnosys.a(lseek.o)
                0x08002560                _lseek
 .text._read    0x08002570       0x10 c:/program files (x86)/gnu arm embedded toolchain/10 2020-q4-major/bin/../lib/gcc/arm-none-eabi/10.2.1/../../../../arm-none-eabi/lib/thumb/v7e-m+fp/hard\libnosys.a(read.o)
                0x08002570                _read
 .text._sbrk    0x08002580       0x1c c:/program files (x86)/gnu arm embedded toolchain/10 2020-q4-major/bin/../lib/gcc/arm-none-eabi/10.2.1/../../../../arm-none-eabi/lib/thumb/v7e-m+fp/hard\libnosys.a(sbrk.o)
                0x08002580                _sbrk
 *(.glue_7)
 .glue_7        0x0800259c        0x0 linker stubs
 *(.glue_7t)
 .glue_7t       0x0800259c        0x0 linker stubs
 *(.eh_frame)
 .eh_frame      0x0800259c        0x0 c:/program files (x86)/gnu arm embedded toolchain/10 2020-q4-major/bin/../lib/gcc/arm-none-eabi/10.2.1/thumb/v7e-m+fp/hard/crtbegin.o
 *(.init)
 .init          0x0800259c        0x4 c:/program files (x86)/gnu arm embedded toolchain/10 2020-q4-major/bin/../lib/gcc/arm-none-eabi/10.2.1/thumb/v7e-m+fp/hard/crti.o
                0x0800259c                _init
 .init          0x080025a0        0x8 c:/program files (x86)/gnu arm embedded toolchain/10 2020-q4-major/bin/../lib/gcc/arm-none-eabi/10.2.1/thumb/v7e-m+fp/hard/crtn.o
 *(.fini)
 .fini          0x080025a8        0x4 c:/program files (x86)/gnu arm embedded toolchain/10 2020-q4-major/bin/../lib/gcc/arm-none-eabi/10.2.1/thumb/v7e-m+fp/hard/crti.o
                0x080025a8                _fini
 .fini          0x080025ac        0x8 c:/program files (x86)/gnu arm embedded toolchain/10 2020-q4-major/bin/../lib/gcc/arm-none-eabi/10.2.1/thumb/v7e-m+fp/hard/crtn.o
                0x080025b4                . = ALIGN (0x4)
                0x080025b4                _etext = .

.vfp11_veneer   0x080025b4        0x0
 .vfp11_veneer  0x080025b4        0x0 linker stubs

.v4_bx          0x080025b4        0x0
 .v4_bx         0x080025b4        0x0 linker stubs

.iplt           0x080025b4        0x0
 .iplt          0x080025b4        0x0 c:/program files (x86)/gnu arm embedded toolchain/10 2020-q4-major/bin/../lib/gcc/arm-none-eabi/10.2.1/thumb/v7e-m+fp/hard/crtbegin.o

.rodata         0x080025b4       0x8c
                0x080025b4                . = ALIGN (0x4)
 *(.rodata)
 *(.rodata*)
 .rodata.main.str1.4
                0x080025b4        0xd build/main.o
 *fill*         0x080025c1        0x3 
 .rodata.AHBPrescTable
                0x080025c4       0x10 build/system_stm32f4xx.o
                0x080025c4                AHBPrescTable
 .rodata.APBPrescTable
                0x080025d4        0x8 build/system_stm32f4xx.o
                0x080025d4                APBPrescTable
 .rodata._global_impure_ptr
                0x080025dc        0x4 c:/program files (x86)/gnu arm embedded toolchain/10 2020-q4-major/bin/../lib/gcc/arm-none-eabi/10.2.1/../../../../arm-none-eabi/lib/thumb/v7e-m+fp/hard\libc_nano.a(lib_a-impure.o)
                0x080025dc                _global_impure_ptr
 .rodata.__sf_fake_stderr
                0x080025e0       0x20 c:/program files (x86)/gnu arm embedded toolchain/10 2020-q4-major/bin/../lib/gcc/arm-none-eabi/10.2.1/../../../../arm-none-eabi/lib/thumb/v7e-m+fp/hard\libc_nano.a(lib_a-findfp.o)
                0x080025e0                __sf_fake_stderr
 .rodata.__sf_fake_stdin
                0x08002600       0x20 c:/program files (x86)/gnu arm embedded toolchain/10 2020-q4-major/bin/../lib/gcc/arm-none-eabi/10.2.1/../../../../arm-none-eabi/lib/thumb/v7e-m+fp/hard\libc_nano.a(lib_a-findfp.o)
                0x08002600                __sf_fake_stdin
 .rodata.__sf_fake_stdout
                0x08002620       0x20 c:/program files (x86)/gnu arm embedded toolchain/10 2020-q4-major/bin/../lib/gcc/arm-none-eabi/10.2.1/../../../../arm-none-eabi/lib/thumb/v7e-m+fp/hard\libc_nano.a(lib_a-findfp.o)
                0x08002620                __sf_fake_stdout
                0x08002640                . = ALIGN (0x4)

.ARM.extab
 *(.ARM.extab* .gnu.linkonce.armextab.*)

.ARM            0x08002640        0x8
                0x08002640                __exidx_start = .
 *(.ARM.exidx*)
 .ARM.exidx     0x08002640        0x8 c:/program files (x86)/gnu arm embedded toolchain/10 2020-q4-major/bin/../lib/gcc/arm-none-eabi/10.2.1/thumb/v7e-m+fp/hard\libgcc.a(_udivmoddi4.o)
                0x08002648                __exidx_end = .

.rel.dyn        0x08002648        0x0
 .rel.iplt      0x08002648        0x0 c:/program files (x86)/gnu arm embedded toolchain/10 2020-q4-major/bin/../lib/gcc/arm-none-eabi/10.2.1/thumb/v7e-m+fp/hard/crtbegin.o

.preinit_array  0x08002648        0x0
                0x08002648                PROVIDE (__preinit_array_start = .)
 *(.preinit_array*)
                0x08002648                PROVIDE (__preinit_array_end = .)

.init_array     0x08002648        0x4
                0x08002648                PROVIDE (__init_array_start = .)
 *(SORT_BY_NAME(.init_array.*))
 *(.init_array*)
 .init_array    0x08002648        0x4 c:/program files (x86)/gnu arm embedded toolchain/10 2020-q4-major/bin/../lib/gcc/arm-none-eabi/10.2.1/thumb/v7e-m+fp/hard/crtbegin.o
                0x0800264c                PROVIDE (__init_array_end = .)

.fini_array     0x0800264c        0x4
                [!provide]                PROVIDE (__fini_array_start = .)
 *(SORT_BY_NAME(.fini_array.*))
 *(.fini_array*)
 .fini_array    0x0800264c        0x4 c:/program files (x86)/gnu arm embedded toolchain/10 2020-q4-major/bin/../lib/gcc/arm-none-eabi/10.2.1/thumb/v7e-m+fp/hard/crtbegin.o
                [!provide]                PROVIDE (__fini_array_end = .)
                0x08002650                _sidata = LOADADDR (.data)

.data           0x20000000       0x70 load address 0x08002650
                0x20000000                . = ALIGN (0x4)
                0x20000000                _sdata = .
 *(.data)
 *(.data*)
 .data.uwTickFreq
                0x20000000        0x1 build/stm32f4xx_hal.o
                0x20000000                uwTickFreq
 *fill*         0x20000001        0x3 
 .data.uwTickPrio
                0x20000004        0x4 build/stm32f4xx_hal.o
                0x20000004                uwTickPrio
 .data.SystemCoreClock
                0x20000008        0x4 build/system_stm32f4xx.o
                0x20000008                SystemCoreClock
 .data._impure_ptr
                0x2000000c        0x4 c:/program files (x86)/gnu arm embedded toolchain/10 2020-q4-major/bin/../lib/gcc/arm-none-eabi/10.2.1/../../../../arm-none-eabi/lib/thumb/v7e-m+fp/hard\libc_nano.a(lib_a-impure.o)
                0x2000000c                _impure_ptr
 .data.impure_data
                0x20000010       0x60 c:/program files (x86)/gnu arm embedded toolchain/10 2020-q4-major/bin/../lib/gcc/arm-none-eabi/10.2.1/../../../../arm-none-eabi/lib/thumb/v7e-m+fp/hard\libc_nano.a(lib_a-impure.o)
                0x20000070                . = ALIGN (0x4)
                0x20000070                _edata = .
                0x080026c0                _siccmram = LOADADDR (.ccmram)

.igot.plt       0x20000070        0x0 load address 0x080026c0
 .igot.plt      0x20000070        0x0 c:/program files (x86)/gnu arm embedded toolchain/10 2020-q4-major/bin/../lib/gcc/arm-none-eabi/10.2.1/thumb/v7e-m+fp/hard/crtbegin.o

.ccmram         0x10000000        0x0 load address 0x080026c0
                0x10000000                . = ALIGN (0x4)
                0x10000000                _sccmram = .
 *(.ccmram)
 *(.ccmram*)
                0x10000000                . = ALIGN (0x4)
                0x10000000                _eccmram = .
                0x10000000                . = ALIGN (0x4)

.bss            0x20000070      0x174
                0x20000070                _sbss = .
                0x20000070                __bss_start__ = _sbss
 *(.bss)
 .bss           0x20000070       0x1c c:/program files (x86)/gnu arm embedded toolchain/10 2020-q4-major/bin/../lib/gcc/arm-none-eabi/10.2.1/thumb/v7e-m+fp/hard/crtbegin.o
 *(.bss*)
 .bss.htim1     0x2000008c       0x48 build/stm32f4xx_hal_timebase_tim.o
                0x2000008c                htim1
 .bss.uwTick    0x200000d4        0x4 build/stm32f4xx_hal.o
                0x200000d4                uwTick
 .bss.pxCurrentTCB
                0x200000d8        0x4 build/tasks.o
                0x200000d8                pxCurrentTCB
 .bss.pxDelayedTaskList
                0x200000dc        0x4 build/tasks.o
 .bss.pxOverflowDelayedTaskList
                0x200000e0        0x4 build/tasks.o
 .bss.pxReadyTasksLists
                0x200000e4       0x8c build/tasks.o
 .bss.uxSchedulerSuspended
                0x20000170        0x4 build/tasks.o
 .bss.uxTopReadyPriority
                0x20000174        0x4 build/tasks.o
 .bss.xNextTaskUnblockTime
                0x20000178        0x4 build/tasks.o
 .bss.xNumOfOverflows
                0x2000017c        0x4 build/tasks.o
 .bss.xPendedTicks
                0x20000180        0x4 build/tasks.o
 .bss.xTickCount
                0x20000184        0x4 build/tasks.o
 .bss.xYieldPending
                0x20000188        0x4 build/tasks.o
 .bss.huart1    0x2000018c       0x44 build/usart.o
                0x2000018c                huart1
 .bss.__lock___malloc_recursive_mutex
                0x200001d0        0x1 c:/program files (x86)/gnu arm embedded toolchain/10 2020-q4-major/bin/../lib/gcc/arm-none-eabi/10.2.1/../../../../arm-none-eabi/lib/thumb/v7e-m+fp/hard\libc_nano.a(lib_a-lock.o)
                0x200001d0                __lock___malloc_recursive_mutex
 .bss.__lock___sfp_recursive_mutex
                0x200001d1        0x1 c:/program files (x86)/gnu arm embedded toolchain/10 2020-q4-major/bin/../lib/gcc/arm-none-eabi/10.2.1/../../../../arm-none-eabi/lib/thumb/v7e-m+fp/hard\libc_nano.a(lib_a-lock.o)
                0x200001d1                __lock___sfp_recursive_mutex
 .bss.__lock___sinit_recursive_mutex
                0x200001d2        0x1 c:/program files (x86)/gnu arm embedded toolchain/10 2020-q4-major/bin/../lib/gcc/arm-none-eabi/10.2.1/../../../../arm-none-eabi/lib/thumb/v7e-m+fp/hard\libc_nano.a(lib_a-lock.o)
                0x200001d2                __lock___sinit_recursive_mutex
 *fill*         0x200001d3        0x1 
 .bss.__malloc_free_list
                0x200001d4        0x4 c:/program files (x86)/gnu arm embedded toolchain/10 2020-q4-major/bin/../lib/gcc/arm-none-eabi/10.2.1/../../../../arm-none-eabi/lib/thumb/v7e-m+fp/hard\libc_nano.a(lib_a-nano-mallocr.o)
                0x200001d4                __malloc_free_list
 .bss.__malloc_sbrk_start
                0x200001d8        0x4 c:/program files (x86)/gnu arm embedded toolchain/10 2020-q4-major/bin/../lib/gcc/arm-none-eabi/10.2.1/../../../../arm-none-eabi/lib/thumb/v7e-m+fp/hard\libc_nano.a(lib_a-nano-mallocr.o)
                0x200001d8                __malloc_sbrk_start
 .bss.errno     0x200001dc        0x4 c:/program files (x86)/gnu arm embedded toolchain/10 2020-q4-major/bin/../lib/gcc/arm-none-eabi/10.2.1/../../../../arm-none-eabi/lib/thumb/v7e-m+fp/hard\libc_nano.a(lib_a-reent.o)
                0x200001dc                errno
 .bss.heap_end.0
                0x200001e0        0x4 c:/program files (x86)/gnu arm embedded toolchain/10 2020-q4-major/bin/../lib/gcc/arm-none-eabi/10.2.1/../../../../arm-none-eabi/lib/thumb/v7e-m+fp/hard\libnosys.a(sbrk.o)
 *(COMMON)
                0x200001e4                . = ALIGN (0x4)
                0x200001e4                _ebss = .
                0x200001e4                __bss_end__ = _ebss

._user_heap_stack
                0x200001e4      0x604
                0x200001e8                . = ALIGN (0x8)
 *fill*         0x200001e4        0x4 
                0x200001e8                PROVIDE (end = .)
                [!provide]                PROVIDE (_end = .)
                0x200003e8                . = (. + _Min_Heap_Size)
 *fill*         0x200001e8      0x200 
                0x200007e8                . = (. + _Min_Stack_Size)
 *fill*         0x200003e8      0x400 
                0x200007e8                . = ALIGN (0x8)

/DISCARD/
 libc.a(*)
 libm.a(*)
 libgcc.a(*)

.ARM.attributes
                0x00000000       0x30
 *(.ARM.attributes)
 .ARM.attributes
                0x00000000       0x1e c:/program files (x86)/gnu arm embedded toolchain/10 2020-q4-major/bin/../lib/gcc/arm-none-eabi/10.2.1/thumb/v7e-m+fp/hard/crti.o
 .ARM.attributes
                0x0000001e       0x34 c:/program files (x86)/gnu arm embedded toolchain/10 2020-q4-major/bin/../lib/gcc/arm-none-eabi/10.2.1/thumb/v7e-m+fp/hard/crtbegin.o
 .ARM.attributes
                0x00000052       0x34 build/main.o
 .ARM.attributes
                0x00000086       0x34 build/gpio.o
 .ARM.attributes
                0x000000ba       0x34 build/stm32f4xx_it.o
 .ARM.attributes
                0x000000ee       0x34 build/stm32f4xx_hal_msp.o
 .ARM.attributes
                0x00000122       0x34 build/stm32f4xx_hal_timebase_tim.o
 .ARM.attributes
                0x00000156       0x34 build/stm32f4xx_hal_rcc.o
 .ARM.attributes
                0x0000018a       0x34 build/stm32f4xx_hal_gpio.o
 .ARM.attributes
                0x000001be       0x34 build/stm32f4xx_hal_cortex.o
 .ARM.attributes
                0x000001f2       0x34 build/stm32f4xx_hal.o
 .ARM.attributes
                0x00000226       0x34 build/stm32f4xx_hal_tim.o
 .ARM.attributes
                0x0000025a       0x34 build/stm32f4xx_hal_tim_ex.o
 .ARM.attributes
                0x0000028e       0x34 build/system_stm32f4xx.o
 .ARM.attributes
                0x000002c2       0x34 build/list.o
 .ARM.attributes
                0x000002f6       0x34 build/tasks.o
 .ARM.attributes
                0x0000032a       0x34 build/port.o
 .ARM.attributes
                0x0000035e       0x34 build/usart.o
 .ARM.attributes
                0x00000392       0x34 build/stm32f4xx_hal_uart.o
 .ARM.attributes
                0x000003c6       0x21 build/startup_stm32f407xx.o
 .ARM.attributes
                0x000003e7       0x32 c:/program files (x86)/gnu arm embedded toolchain/10 2020-q4-major/bin/../lib/gcc/arm-none-eabi/10.2.1/../../../../arm-none-eabi/lib/thumb/v7e-m+fp/hard\libc_nano.a(lib_a-impure.o)
 .ARM.attributes
                0x00000419       0x34 c:/program files (x86)/gnu arm embedded toolchain/10 2020-q4-major/bin/../lib/gcc/arm-none-eabi/10.2.1/../../../../arm-none-eabi/lib/thumb/v7e-m+fp/hard\libc_nano.a(lib_a-init.o)
 .ARM.attributes
                0x0000044d       0x34 c:/program files (x86)/gnu arm embedded toolchain/10 2020-q4-major/bin/../lib/gcc/arm-none-eabi/10.2.1/../../../../arm-none-eabi/lib/thumb/v7e-m+fp/hard\libc_nano.a(lib_a-memset.o)
 .ARM.attributes
                0x00000481       0x34 c:/program files (x86)/gnu arm embedded toolchain/10 2020-q4-major/bin/../lib/gcc/arm-none-eabi/10.2.1/../../../../arm-none-eabi/lib/thumb/v7e-m+fp/hard\libc_nano.a(lib_a-puts.o)
 .ARM.attributes
                0x000004b5       0x34 c:/program files (x86)/gnu arm embedded toolchain/10 2020-q4-major/bin/../lib/gcc/arm-none-eabi/10.2.1/../../../../arm-none-eabi/lib/thumb/v7e-m+fp/hard\libc_nano.a(lib_a-wbuf.o)
 .ARM.attributes
                0x000004e9       0x34 c:/program files (x86)/gnu arm embedded toolchain/10 2020-q4-major/bin/../lib/gcc/arm-none-eabi/10.2.1/../../../../arm-none-eabi/lib/thumb/v7e-m+fp/hard\libc_nano.a(lib_a-wsetup.o)
 .ARM.attributes
                0x0000051d       0x34 c:/program files (x86)/gnu arm embedded toolchain/10 2020-q4-major/bin/../lib/gcc/arm-none-eabi/10.2.1/../../../../arm-none-eabi/lib/thumb/v7e-m+fp/hard\libc_nano.a(lib_a-fflush.o)
 .ARM.attributes
                0x00000551       0x34 c:/program files (x86)/gnu arm embedded toolchain/10 2020-q4-major/bin/../lib/gcc/arm-none-eabi/10.2.1/../../../../arm-none-eabi/lib/thumb/v7e-m+fp/hard\libc_nano.a(lib_a-findfp.o)
 .ARM.attributes
                0x00000585       0x34 c:/program files (x86)/gnu arm embedded toolchain/10 2020-q4-major/bin/../lib/gcc/arm-none-eabi/10.2.1/../../../../arm-none-eabi/lib/thumb/v7e-m+fp/hard\libc_nano.a(lib_a-fwalk.o)
 .ARM.attributes
                0x000005b9       0x34 c:/program files (x86)/gnu arm embedded toolchain/10 2020-q4-major/bin/../lib/gcc/arm-none-eabi/10.2.1/../../../../arm-none-eabi/lib/thumb/v7e-m+fp/hard\libc_nano.a(lib_a-lock.o)
 .ARM.attributes
                0x000005ed       0x34 c:/program files (x86)/gnu arm embedded toolchain/10 2020-q4-major/bin/../lib/gcc/arm-none-eabi/10.2.1/../../../../arm-none-eabi/lib/thumb/v7e-m+fp/hard\libc_nano.a(lib_a-makebuf.o)
 .ARM.attributes
                0x00000621       0x34 c:/program files (x86)/gnu arm embedded toolchain/10 2020-q4-major/bin/../lib/gcc/arm-none-eabi/10.2.1/../../../../arm-none-eabi/lib/thumb/v7e-m+fp/hard\libc_nano.a(lib_a-nano-freer.o)
 .ARM.attributes
                0x00000655       0x34 c:/program files (x86)/gnu arm embedded toolchain/10 2020-q4-major/bin/../lib/gcc/arm-none-eabi/10.2.1/../../../../arm-none-eabi/lib/thumb/v7e-m+fp/hard\libc_nano.a(lib_a-nano-mallocr.o)
 .ARM.attributes
                0x00000689       0x34 c:/program files (x86)/gnu arm embedded toolchain/10 2020-q4-major/bin/../lib/gcc/arm-none-eabi/10.2.1/../../../../arm-none-eabi/lib/thumb/v7e-m+fp/hard\libc_nano.a(lib_a-sbrkr.o)
 .ARM.attributes
                0x000006bd       0x34 c:/program files (x86)/gnu arm embedded toolchain/10 2020-q4-major/bin/../lib/gcc/arm-none-eabi/10.2.1/../../../../arm-none-eabi/lib/thumb/v7e-m+fp/hard\libc_nano.a(lib_a-stdio.o)
 .ARM.attributes
                0x000006f1       0x34 c:/program files (x86)/gnu arm embedded toolchain/10 2020-q4-major/bin/../lib/gcc/arm-none-eabi/10.2.1/../../../../arm-none-eabi/lib/thumb/v7e-m+fp/hard\libc_nano.a(lib_a-writer.o)
 .ARM.attributes
                0x00000725       0x34 c:/program files (x86)/gnu arm embedded toolchain/10 2020-q4-major/bin/../lib/gcc/arm-none-eabi/10.2.1/../../../../arm-none-eabi/lib/thumb/v7e-m+fp/hard\libc_nano.a(lib_a-closer.o)
 .ARM.attributes
                0x00000759       0x34 c:/program files (x86)/gnu arm embedded toolchain/10 2020-q4-major/bin/../lib/gcc/arm-none-eabi/10.2.1/../../../../arm-none-eabi/lib/thumb/v7e-m+fp/hard\libc_nano.a(lib_a-fstatr.o)
 .ARM.attributes
                0x0000078d       0x34 c:/program files (x86)/gnu arm embedded toolchain/10 2020-q4-major/bin/../lib/gcc/arm-none-eabi/10.2.1/../../../../arm-none-eabi/lib/thumb/v7e-m+fp/hard\libc_nano.a(lib_a-isattyr.o)
 .ARM.attributes
                0x000007c1       0x34 c:/program files (x86)/gnu arm embedded toolchain/10 2020-q4-major/bin/../lib/gcc/arm-none-eabi/10.2.1/../../../../arm-none-eabi/lib/thumb/v7e-m+fp/hard\libc_nano.a(lib_a-lseekr.o)
 .ARM.attributes
                0x000007f5       0x34 c:/program files (x86)/gnu arm embedded toolchain/10 2020-q4-major/bin/../lib/gcc/arm-none-eabi/10.2.1/../../../../arm-none-eabi/lib/thumb/v7e-m+fp/hard\libc_nano.a(lib_a-mlock.o)
 .ARM.attributes
                0x00000829       0x34 c:/program files (x86)/gnu arm embedded toolchain/10 2020-q4-major/bin/../lib/gcc/arm-none-eabi/10.2.1/../../../../arm-none-eabi/lib/thumb/v7e-m+fp/hard\libc_nano.a(lib_a-readr.o)
 .ARM.attributes
                0x0000085d       0x34 c:/program files (x86)/gnu arm embedded toolchain/10 2020-q4-major/bin/../lib/gcc/arm-none-eabi/10.2.1/../../../../arm-none-eabi/lib/thumb/v7e-m+fp/hard\libc_nano.a(lib_a-reent.o)
 .ARM.attributes
                0x00000891       0x34 c:/program files (x86)/gnu arm embedded toolchain/10 2020-q4-major/bin/../lib/gcc/arm-none-eabi/10.2.1/../../../../arm-none-eabi/lib/thumb/v7e-m+fp/hard\libnosys.a(close.o)
 .ARM.attributes
                0x000008c5       0x34 c:/program files (x86)/gnu arm embedded toolchain/10 2020-q4-major/bin/../lib/gcc/arm-none-eabi/10.2.1/../../../../arm-none-eabi/lib/thumb/v7e-m+fp/hard\libnosys.a(fstat.o)
 .ARM.attributes
                0x000008f9       0x34 c:/program files (x86)/gnu arm embedded toolchain/10 2020-q4-major/bin/../lib/gcc/arm-none-eabi/10.2.1/../../../../arm-none-eabi/lib/thumb/v7e-m+fp/hard\libnosys.a(isatty.o)
 .ARM.attributes
                0x0000092d       0x34 c:/program files (x86)/gnu arm embedded toolchain/10 2020-q4-major/bin/../lib/gcc/arm-none-eabi/10.2.1/../../../../arm-none-eabi/lib/thumb/v7e-m+fp/hard\libnosys.a(lseek.o)
 .ARM.attributes
                0x00000961       0x34 c:/program files (x86)/gnu arm embedded toolchain/10 2020-q4-major/bin/../lib/gcc/arm-none-eabi/10.2.1/../../../../arm-none-eabi/lib/thumb/v7e-m+fp/hard\libnosys.a(read.o)
 .ARM.attributes
                0x00000995       0x34 c:/program files (x86)/gnu arm embedded toolchain/10 2020-q4-major/bin/../lib/gcc/arm-none-eabi/10.2.1/../../../../arm-none-eabi/lib/thumb/v7e-m+fp/hard\libnosys.a(sbrk.o)
 .ARM.attributes
                0x000009c9       0x1e c:/program files (x86)/gnu arm embedded toolchain/10 2020-q4-major/bin/../lib/gcc/arm-none-eabi/10.2.1/thumb/v7e-m+fp/hard\libgcc.a(_aeabi_uldivmod.o)
 .ARM.attributes
                0x000009e7       0x34 c:/program files (x86)/gnu arm embedded toolchain/10 2020-q4-major/bin/../lib/gcc/arm-none-eabi/10.2.1/thumb/v7e-m+fp/hard\libgcc.a(_udivmoddi4.o)
 .ARM.attributes
                0x00000a1b       0x1e c:/program files (x86)/gnu arm embedded toolchain/10 2020-q4-major/bin/../lib/gcc/arm-none-eabi/10.2.1/thumb/v7e-m+fp/hard\libgcc.a(_dvmd_tls.o)
 .ARM.attributes
                0x00000a39       0x1e c:/program files (x86)/gnu arm embedded toolchain/10 2020-q4-major/bin/../lib/gcc/arm-none-eabi/10.2.1/thumb/v7e-m+fp/hard/crtn.o
OUTPUT(build/WallRobotMainBoard.elf elf32-littlearm)
LOAD linker stubs
LOAD c:/program files (x86)/gnu arm embedded toolchain/10 2020-q4-major/bin/../lib/gcc/arm-none-eabi/10.2.1/../../../../arm-none-eabi/lib/thumb/v7e-m+fp/hard\libc.a
LOAD c:/program files (x86)/gnu arm embedded toolchain/10 2020-q4-major/bin/../lib/gcc/arm-none-eabi/10.2.1/../../../../arm-none-eabi/lib/thumb/v7e-m+fp/hard\libm.a
LOAD c:/program files (x86)/gnu arm embedded toolchain/10 2020-q4-major/bin/../lib/gcc/arm-none-eabi/10.2.1/thumb/v7e-m+fp/hard\libgcc.a

.debug_info     0x00000000    0x11b74
 .debug_info    0x00000000      0xe73 build/main.o
 .debug_info    0x00000e73      0x4c0 build/gpio.o
 .debug_info    0x00001333      0x7a4 build/stm32f4xx_it.o
 .debug_info    0x00001ad7      0x541 build/stm32f4xx_hal_msp.o
 .debug_info    0x00002018      0xd4f build/stm32f4xx_hal_timebase_tim.o
 .debug_info    0x00002d67      0xbe6 build/stm32f4xx_hal_rcc.o
 .debug_info    0x0000394d      0x848 build/stm32f4xx_hal_gpio.o
 .debug_info    0x00004195     0x1174 build/stm32f4xx_hal_cortex.o
 .debug_info    0x00005309      0xacf build/stm32f4xx_hal.o
 .debug_info    0x00005dd8     0x3e13 build/stm32f4xx_hal_tim.o
 .debug_info    0x00009beb     0x1bc2 build/stm32f4xx_hal_tim_ex.o
 .debug_info    0x0000b7ad      0x5b3 build/system_stm32f4xx.o
 .debug_info    0x0000bd60      0x30f build/list.o
 .debug_info    0x0000c06f     0x2ad1 build/tasks.o
 .debug_info    0x0000eb40      0x5c8 build/port.o
 .debug_info    0x0000f108      0xbc1 build/usart.o
 .debug_info    0x0000fcc9     0x1e89 build/stm32f4xx_hal_uart.o
 .debug_info    0x00011b52       0x22 build/startup_stm32f407xx.o

.debug_abbrev   0x00000000     0x24bd
 .debug_abbrev  0x00000000      0x23b build/main.o
 .debug_abbrev  0x0000023b      0x151 build/gpio.o
 .debug_abbrev  0x0000038c      0x17c build/stm32f4xx_it.o
 .debug_abbrev  0x00000508      0x11c build/stm32f4xx_hal_msp.o
 .debug_abbrev  0x00000624      0x1ef build/stm32f4xx_hal_timebase_tim.o
 .debug_abbrev  0x00000813      0x2aa build/stm32f4xx_hal_rcc.o
 .debug_abbrev  0x00000abd      0x22b build/stm32f4xx_hal_gpio.o
 .debug_abbrev  0x00000ce8      0x382 build/stm32f4xx_hal_cortex.o
 .debug_abbrev  0x0000106a      0x209 build/stm32f4xx_hal.o
 .debug_abbrev  0x00001273      0x282 build/stm32f4xx_hal_tim.o
 .debug_abbrev  0x000014f5      0x298 build/stm32f4xx_hal_tim_ex.o
 .debug_abbrev  0x0000178d      0x11b build/system_stm32f4xx.o
 .debug_abbrev  0x000018a8      0x124 build/list.o
 .debug_abbrev  0x000019cc      0x36b build/tasks.o
 .debug_abbrev  0x00001d37      0x28a build/port.o
 .debug_abbrev  0x00001fc1      0x21d build/usart.o
 .debug_abbrev  0x000021de      0x2cd build/stm32f4xx_hal_uart.o
 .debug_abbrev  0x000024ab       0x12 build/startup_stm32f407xx.o

.debug_loc      0x00000000     0xdbf7
 .debug_loc     0x00000000       0xc8 build/main.o
 .debug_loc     0x000000c8       0x38 build/gpio.o
 .debug_loc     0x00000100       0x20 build/stm32f4xx_it.o
 .debug_loc     0x00000120       0x38 build/stm32f4xx_hal_msp.o
 .debug_loc     0x00000158       0xbc build/stm32f4xx_hal_timebase_tim.o
 .debug_loc     0x00000214      0x6e4 build/stm32f4xx_hal_rcc.o
 .debug_loc     0x000008f8      0x5e8 build/stm32f4xx_hal_gpio.o
 .debug_loc     0x00000ee0      0x7a4 build/stm32f4xx_hal_cortex.o
 .debug_loc     0x00001684      0x1e1 build/stm32f4xx_hal.o
 .debug_loc     0x00001865     0x532d build/stm32f4xx_hal_tim.o
 .debug_loc     0x00006b92     0x1f8f build/stm32f4xx_hal_tim_ex.o
 .debug_loc     0x00008b21      0x158 build/system_stm32f4xx.o
 .debug_loc     0x00008c79       0xe5 build/list.o
 .debug_loc     0x00008d5e     0x2447 build/tasks.o
 .debug_loc     0x0000b1a5      0x1c0 build/port.o
 .debug_loc     0x0000b365      0x237 build/usart.o
 .debug_loc     0x0000b59c     0x265b build/stm32f4xx_hal_uart.o

.debug_aranges  0x00000000      0xdb0
 .debug_aranges
                0x00000000       0x38 build/main.o
 .debug_aranges
                0x00000038       0x20 build/gpio.o
 .debug_aranges
                0x00000058       0x50 build/stm32f4xx_it.o
 .debug_aranges
                0x000000a8       0x20 build/stm32f4xx_hal_msp.o
 .debug_aranges
                0x000000c8       0x30 build/stm32f4xx_hal_timebase_tim.o
 .debug_aranges
                0x000000f8       0x88 build/stm32f4xx_hal_rcc.o
 .debug_aranges
                0x00000180       0x58 build/stm32f4xx_hal_gpio.o
 .debug_aranges
                0x000001d8       0xa8 build/stm32f4xx_hal_cortex.o
 .debug_aranges
                0x00000280       0xf0 build/stm32f4xx_hal.o
 .debug_aranges
                0x00000370      0x3d0 build/stm32f4xx_hal_tim.o
 .debug_aranges
                0x00000740      0x168 build/stm32f4xx_hal_tim_ex.o
 .debug_aranges
                0x000008a8       0x28 build/system_stm32f4xx.o
 .debug_aranges
                0x000008d0       0x40 build/list.o
 .debug_aranges
                0x00000910      0x1b8 build/tasks.o
 .debug_aranges
                0x00000ac8       0x80 build/port.o
 .debug_aranges
                0x00000b48       0x40 build/usart.o
 .debug_aranges
                0x00000b88      0x200 build/stm32f4xx_hal_uart.o
 .debug_aranges
                0x00000d88       0x28 build/startup_stm32f407xx.o

.debug_ranges   0x00000000      0xe00
 .debug_ranges  0x00000000       0x28 build/main.o
 .debug_ranges  0x00000028       0x10 build/gpio.o
 .debug_ranges  0x00000038       0x40 build/stm32f4xx_it.o
 .debug_ranges  0x00000078       0x10 build/stm32f4xx_hal_msp.o
 .debug_ranges  0x00000088       0x20 build/stm32f4xx_hal_timebase_tim.o
 .debug_ranges  0x000000a8       0x90 build/stm32f4xx_hal_rcc.o
 .debug_ranges  0x00000138       0x48 build/stm32f4xx_hal_gpio.o
 .debug_ranges  0x00000180       0xf8 build/stm32f4xx_hal_cortex.o
 .debug_ranges  0x00000278       0xe0 build/stm32f4xx_hal.o
 .debug_ranges  0x00000358      0x3c0 build/stm32f4xx_hal_tim.o
 .debug_ranges  0x00000718      0x158 build/stm32f4xx_hal_tim_ex.o
 .debug_ranges  0x00000870       0x18 build/system_stm32f4xx.o
 .debug_ranges  0x00000888       0x30 build/list.o
 .debug_ranges  0x000008b8      0x280 build/tasks.o
 .debug_ranges  0x00000b38       0x88 build/port.o
 .debug_ranges  0x00000bc0       0x30 build/usart.o
 .debug_ranges  0x00000bf0      0x1f0 build/stm32f4xx_hal_uart.o
 .debug_ranges  0x00000de0       0x20 build/startup_stm32f407xx.o

.debug_line     0x00000000     0xe6df
 .debug_line    0x00000000      0x3c3 build/main.o
 .debug_line    0x000003c3      0x1d1 build/gpio.o
 .debug_line    0x00000594      0x298 build/stm32f4xx_it.o
 .debug_line    0x0000082c      0x1b2 build/stm32f4xx_hal_msp.o
 .debug_line    0x000009de      0x29f build/stm32f4xx_hal_timebase_tim.o
 .debug_line    0x00000c7d      0xb30 build/stm32f4xx_hal_rcc.o
 .debug_line    0x000017ad      0x701 build/stm32f4xx_hal_gpio.o
 .debug_line    0x00001eae      0x798 build/stm32f4xx_hal_cortex.o
 .debug_line    0x00002646      0x585 build/stm32f4xx_hal.o
 .debug_line    0x00002bcb     0x47f1 build/stm32f4xx_hal_tim.o
 .debug_line    0x000073bc     0x1c69 build/stm32f4xx_hal_tim_ex.o
 .debug_line    0x00009025      0x26b build/system_stm32f4xx.o
 .debug_line    0x00009290      0x379 build/list.o
 .debug_line    0x00009609     0x2504 build/tasks.o
 .debug_line    0x0000bb0d      0x725 build/port.o
 .debug_line    0x0000c232      0x35b build/usart.o
 .debug_line    0x0000c58d     0x20dc build/stm32f4xx_hal_uart.o
 .debug_line    0x0000e669       0x76 build/startup_stm32f407xx.o

.debug_str      0x00000000     0x484a
 .debug_str     0x00000000      0x96a build/main.o
                                0xa34 (size before relaxing)
 .debug_str     0x0000096a       0x7d build/gpio.o
                                0x344 (size before relaxing)
 .debug_str     0x000009e7       0xaa build/stm32f4xx_it.o
                                0x737 (size before relaxing)
 .debug_str     0x00000a91      0x527 build/stm32f4xx_hal_msp.o
                                0x796 (size before relaxing)
 .debug_str     0x00000fb8      0x103 build/stm32f4xx_hal_timebase_tim.o
                                0xe18 (size before relaxing)
 .debug_str     0x000010bb      0x1fb build/stm32f4xx_hal_rcc.o
                                0x6e3 (size before relaxing)
 .debug_str     0x000012b6      0x122 build/stm32f4xx_hal_gpio.o
                                0x4bd (size before relaxing)
 .debug_str     0x000013d8      0x4e2 build/stm32f4xx_hal_cortex.o
                                0xc09 (size before relaxing)
 .debug_str     0x000018ba      0x269 build/stm32f4xx_hal.o
                                0xb37 (size before relaxing)
 .debug_str     0x00001b23      0xed1 build/stm32f4xx_hal_tim.o
                               0x168f (size before relaxing)
 .debug_str     0x000029f4      0x591 build/stm32f4xx_hal_tim_ex.o
                                0xe90 (size before relaxing)
 .debug_str     0x00002f85       0x42 build/system_stm32f4xx.o
                                0x34d (size before relaxing)
 .debug_str     0x00002fc7      0x163 build/list.o
                                0x2df (size before relaxing)
 .debug_str     0x0000312a      0xd3b build/tasks.o
                                0xff8 (size before relaxing)
 .debug_str     0x00003e65      0x18d build/port.o
                                0x45b (size before relaxing)
 .debug_str     0x00003ff2      0x245 build/usart.o
                                0x811 (size before relaxing)
 .debug_str     0x00004237      0x5ef build/stm32f4xx_hal_uart.o
                                0xd12 (size before relaxing)
 .debug_str     0x00004826       0x24 build/startup_stm32f407xx.o
                                 0x47 (size before relaxing)

.comment        0x00000000       0x4d
 .comment       0x00000000       0x4d build/main.o
                                 0x4e (size before relaxing)
 .comment       0x0000004d       0x4e build/gpio.o
 .comment       0x0000004d       0x4e build/stm32f4xx_it.o
 .comment       0x0000004d       0x4e build/stm32f4xx_hal_msp.o
 .comment       0x0000004d       0x4e build/stm32f4xx_hal_timebase_tim.o
 .comment       0x0000004d       0x4e build/stm32f4xx_hal_rcc.o
 .comment       0x0000004d       0x4e build/stm32f4xx_hal_gpio.o
 .comment       0x0000004d       0x4e build/stm32f4xx_hal_cortex.o
 .comment       0x0000004d       0x4e build/stm32f4xx_hal.o
 .comment       0x0000004d       0x4e build/stm32f4xx_hal_tim.o
 .comment       0x0000004d       0x4e build/stm32f4xx_hal_tim_ex.o
 .comment       0x0000004d       0x4e build/system_stm32f4xx.o
 .comment       0x0000004d       0x4e build/list.o
 .comment       0x0000004d       0x4e build/tasks.o
 .comment       0x0000004d       0x4e build/port.o
 .comment       0x0000004d       0x4e build/usart.o
 .comment       0x0000004d       0x4e build/stm32f4xx_hal_uart.o

.debug_frame    0x00000000     0x2b94
 .debug_frame   0x00000000       0x70 build/main.o
 .debug_frame   0x00000070       0x30 build/gpio.o
 .debug_frame   0x000000a0       0x88 build/stm32f4xx_it.o
 .debug_frame   0x00000128       0x2c build/stm32f4xx_hal_msp.o
 .debug_frame   0x00000154       0x50 build/stm32f4xx_hal_timebase_tim.o
 .debug_frame   0x000001a4      0x16c build/stm32f4xx_hal_rcc.o
 .debug_frame   0x00000310       0xd8 build/stm32f4xx_hal_gpio.o
 .debug_frame   0x000003e8      0x148 build/stm32f4xx_hal_cortex.o
 .debug_frame   0x00000530      0x1ec build/stm32f4xx_hal.o
 .debug_frame   0x0000071c      0xb08 build/stm32f4xx_hal_tim.o
 .debug_frame   0x00001224      0x40c build/stm32f4xx_hal_tim_ex.o
 .debug_frame   0x00001630       0x30 build/system_stm32f4xx.o
 .debug_frame   0x00001660       0x70 build/list.o
 .debug_frame   0x000016d0      0x58c build/tasks.o
 .debug_frame   0x00001c5c      0x110 build/port.o
 .debug_frame   0x00001d6c       0x9c build/usart.o
 .debug_frame   0x00001e08      0x5c4 build/stm32f4xx_hal_uart.o
 .debug_frame   0x000023cc       0x2c c:/program files (x86)/gnu arm embedded toolchain/10 2020-q4-major/bin/../lib/gcc/arm-none-eabi/10.2.1/../../../../arm-none-eabi/lib/thumb/v7e-m+fp/hard\libc_nano.a(lib_a-init.o)
 .debug_frame   0x000023f8       0x20 c:/program files (x86)/gnu arm embedded toolchain/10 2020-q4-major/bin/../lib/gcc/arm-none-eabi/10.2.1/../../../../arm-none-eabi/lib/thumb/v7e-m+fp/hard\libc_nano.a(lib_a-memset.o)
 .debug_frame   0x00002418       0x3c c:/program files (x86)/gnu arm embedded toolchain/10 2020-q4-major/bin/../lib/gcc/arm-none-eabi/10.2.1/../../../../arm-none-eabi/lib/thumb/v7e-m+fp/hard\libc_nano.a(lib_a-puts.o)
 .debug_frame   0x00002454       0x40 c:/program files (x86)/gnu arm embedded toolchain/10 2020-q4-major/bin/../lib/gcc/arm-none-eabi/10.2.1/../../../../arm-none-eabi/lib/thumb/v7e-m+fp/hard\libc_nano.a(lib_a-wbuf.o)
 .debug_frame   0x00002494       0x2c c:/program files (x86)/gnu arm embedded toolchain/10 2020-q4-major/bin/../lib/gcc/arm-none-eabi/10.2.1/../../../../arm-none-eabi/lib/thumb/v7e-m+fp/hard\libc_nano.a(lib_a-wsetup.o)
 .debug_frame   0x000024c0       0x5c c:/program files (x86)/gnu arm embedded toolchain/10 2020-q4-major/bin/../lib/gcc/arm-none-eabi/10.2.1/../../../../arm-none-eabi/lib/thumb/v7e-m+fp/hard\libc_nano.a(lib_a-fflush.o)
 .debug_frame   0x0000251c      0x14c c:/program files (x86)/gnu arm embedded toolchain/10 2020-q4-major/bin/../lib/gcc/arm-none-eabi/10.2.1/../../../../arm-none-eabi/lib/thumb/v7e-m+fp/hard\libc_nano.a(lib_a-findfp.o)
 .debug_frame   0x00002668       0x54 c:/program files (x86)/gnu arm embedded toolchain/10 2020-q4-major/bin/../lib/gcc/arm-none-eabi/10.2.1/../../../../arm-none-eabi/lib/thumb/v7e-m+fp/hard\libc_nano.a(lib_a-fwalk.o)
 .debug_frame   0x000026bc       0xb0 c:/program files (x86)/gnu arm embedded toolchain/10 2020-q4-major/bin/../lib/gcc/arm-none-eabi/10.2.1/../../../../arm-none-eabi/lib/thumb/v7e-m+fp/hard\libc_nano.a(lib_a-lock.o)
 .debug_frame   0x0000276c       0x58 c:/program files (x86)/gnu arm embedded toolchain/10 2020-q4-major/bin/../lib/gcc/arm-none-eabi/10.2.1/../../../../arm-none-eabi/lib/thumb/v7e-m+fp/hard\libc_nano.a(lib_a-makebuf.o)
 .debug_frame   0x000027c4       0x38 c:/program files (x86)/gnu arm embedded toolchain/10 2020-q4-major/bin/../lib/gcc/arm-none-eabi/10.2.1/../../../../arm-none-eabi/lib/thumb/v7e-m+fp/hard\libc_nano.a(lib_a-nano-freer.o)
 .debug_frame   0x000027fc       0x30 c:/program files (x86)/gnu arm embedded toolchain/10 2020-q4-major/bin/../lib/gcc/arm-none-eabi/10.2.1/../../../../arm-none-eabi/lib/thumb/v7e-m+fp/hard\libc_nano.a(lib_a-nano-mallocr.o)
 .debug_frame   0x0000282c       0x2c c:/program files (x86)/gnu arm embedded toolchain/10 2020-q4-major/bin/../lib/gcc/arm-none-eabi/10.2.1/../../../../arm-none-eabi/lib/thumb/v7e-m+fp/hard\libc_nano.a(lib_a-sbrkr.o)
 .debug_frame   0x00002858       0x88 c:/program files (x86)/gnu arm embedded toolchain/10 2020-q4-major/bin/../lib/gcc/arm-none-eabi/10.2.1/../../../../arm-none-eabi/lib/thumb/v7e-m+fp/hard\libc_nano.a(lib_a-stdio.o)
 .debug_frame   0x000028e0       0x2c c:/program files (x86)/gnu arm embedded toolchain/10 2020-q4-major/bin/../lib/gcc/arm-none-eabi/10.2.1/../../../../arm-none-eabi/lib/thumb/v7e-m+fp/hard\libc_nano.a(lib_a-writer.o)
 .debug_frame   0x0000290c       0x2c c:/program files (x86)/gnu arm embedded toolchain/10 2020-q4-major/bin/../lib/gcc/arm-none-eabi/10.2.1/../../../../arm-none-eabi/lib/thumb/v7e-m+fp/hard\libc_nano.a(lib_a-closer.o)
 .debug_frame   0x00002938       0x2c c:/program files (x86)/gnu arm embedded toolchain/10 2020-q4-major/bin/../lib/gcc/arm-none-eabi/10.2.1/../../../../arm-none-eabi/lib/thumb/v7e-m+fp/hard\libc_nano.a(lib_a-fstatr.o)
 .debug_frame   0x00002964       0x2c c:/program files (x86)/gnu arm embedded toolchain/10 2020-q4-major/bin/../lib/gcc/arm-none-eabi/10.2.1/../../../../arm-none-eabi/lib/thumb/v7e-m+fp/hard\libc_nano.a(lib_a-isattyr.o)
 .debug_frame   0x00002990       0x2c c:/program files (x86)/gnu arm embedded toolchain/10 2020-q4-major/bin/../lib/gcc/arm-none-eabi/10.2.1/../../../../arm-none-eabi/lib/thumb/v7e-m+fp/hard\libc_nano.a(lib_a-lseekr.o)
 .debug_frame   0x000029bc       0x30 c:/program files (x86)/gnu arm embedded toolchain/10 2020-q4-major/bin/../lib/gcc/arm-none-eabi/10.2.1/../../../../arm-none-eabi/lib/thumb/v7e-m+fp/hard\libc_nano.a(lib_a-mlock.o)
 .debug_frame   0x000029ec       0x2c c:/program files (x86)/gnu arm embedded toolchain/10 2020-q4-major/bin/../lib/gcc/arm-none-eabi/10.2.1/../../../../arm-none-eabi/lib/thumb/v7e-m+fp/hard\libc_nano.a(lib_a-readr.o)
 .debug_frame   0x00002a18       0x5c c:/program files (x86)/gnu arm embedded toolchain/10 2020-q4-major/bin/../lib/gcc/arm-none-eabi/10.2.1/../../../../arm-none-eabi/lib/thumb/v7e-m+fp/hard\libc_nano.a(lib_a-reent.o)
 .debug_frame   0x00002a74       0x20 c:/program files (x86)/gnu arm embedded toolchain/10 2020-q4-major/bin/../lib/gcc/arm-none-eabi/10.2.1/../../../../arm-none-eabi/lib/thumb/v7e-m+fp/hard\libnosys.a(close.o)
 .debug_frame   0x00002a94       0x20 c:/program files (x86)/gnu arm embedded toolchain/10 2020-q4-major/bin/../lib/gcc/arm-none-eabi/10.2.1/../../../../arm-none-eabi/lib/thumb/v7e-m+fp/hard\libnosys.a(fstat.o)
 .debug_frame   0x00002ab4       0x20 c:/program files (x86)/gnu arm embedded toolchain/10 2020-q4-major/bin/../lib/gcc/arm-none-eabi/10.2.1/../../../../arm-none-eabi/lib/thumb/v7e-m+fp/hard\libnosys.a(isatty.o)
 .debug_frame   0x00002ad4       0x20 c:/program files (x86)/gnu arm embedded toolchain/10 2020-q4-major/bin/../lib/gcc/arm-none-eabi/10.2.1/../../../../arm-none-eabi/lib/thumb/v7e-m+fp/hard\libnosys.a(lseek.o)
 .debug_frame   0x00002af4       0x20 c:/program files (x86)/gnu arm embedded toolchain/10 2020-q4-major/bin/../lib/gcc/arm-none-eabi/10.2.1/../../../../arm-none-eabi/lib/thumb/v7e-m+fp/hard\libnosys.a(read.o)
 .debug_frame   0x00002b14       0x20 c:/program files (x86)/gnu arm embedded toolchain/10 2020-q4-major/bin/../lib/gcc/arm-none-eabi/10.2.1/../../../../arm-none-eabi/lib/thumb/v7e-m+fp/hard\libnosys.a(sbrk.o)
 .debug_frame   0x00002b34       0x2c c:/program files (x86)/gnu arm embedded toolchain/10 2020-q4-major/bin/../lib/gcc/arm-none-eabi/10.2.1/thumb/v7e-m+fp/hard\libgcc.a(_aeabi_uldivmod.o)
 .debug_frame   0x00002b60       0x34 c:/program files (x86)/gnu arm embedded toolchain/10 2020-q4-major/bin/../lib/gcc/arm-none-eabi/10.2.1/thumb/v7e-m+fp/hard\libgcc.a(_udivmoddi4.o)

.stab           0x00000000       0x84
 .stab          0x00000000       0x24 c:/program files (x86)/gnu arm embedded toolchain/10 2020-q4-major/bin/../lib/gcc/arm-none-eabi/10.2.1/../../../../arm-none-eabi/lib/thumb/v7e-m+fp/hard\libnosys.a(close.o)
 .stab          0x00000024       0x18 c:/program files (x86)/gnu arm embedded toolchain/10 2020-q4-major/bin/../lib/gcc/arm-none-eabi/10.2.1/../../../../arm-none-eabi/lib/thumb/v7e-m+fp/hard\libnosys.a(fstat.o)
                                 0x24 (size before relaxing)
 .stab          0x0000003c       0x18 c:/program files (x86)/gnu arm embedded toolchain/10 2020-q4-major/bin/../lib/gcc/arm-none-eabi/10.2.1/../../../../arm-none-eabi/lib/thumb/v7e-m+fp/hard\libnosys.a(isatty.o)
                                 0x24 (size before relaxing)
 .stab          0x00000054       0x18 c:/program files (x86)/gnu arm embedded toolchain/10 2020-q4-major/bin/../lib/gcc/arm-none-eabi/10.2.1/../../../../arm-none-eabi/lib/thumb/v7e-m+fp/hard\libnosys.a(lseek.o)
                                 0x24 (size before relaxing)
 .stab          0x0000006c       0x18 c:/program files (x86)/gnu arm embedded toolchain/10 2020-q4-major/bin/../lib/gcc/arm-none-eabi/10.2.1/../../../../arm-none-eabi/lib/thumb/v7e-m+fp/hard\libnosys.a(read.o)
                                 0x24 (size before relaxing)

.stabstr        0x00000000      0x117
 .stabstr       0x00000000      0x117 c:/program files (x86)/gnu arm embedded toolchain/10 2020-q4-major/bin/../lib/gcc/arm-none-eabi/10.2.1/../../../../arm-none-eabi/lib/thumb/v7e-m+fp/hard\libnosys.a(close.o)

Cross Reference Table

Symbol                                            File
ADC_IRQHandler                                    build/startup_stm32f407xx.o
AHBPrescTable                                     build/system_stm32f4xx.o
                                                  build/stm32f4xx_hal_rcc.o
APBPrescTable                                     build/system_stm32f4xx.o
                                                  build/stm32f4xx_hal_rcc.o
BusFault_Handler                                  build/stm32f4xx_it.o
CAN1_RX0_IRQHandler                               build/startup_stm32f407xx.o
CAN1_RX1_IRQHandler                               build/startup_stm32f407xx.o
CAN1_SCE_IRQHandler                               build/startup_stm32f407xx.o
CAN1_TX_IRQHandler                                build/startup_stm32f407xx.o
CAN2_RX0_IRQHandler                               build/startup_stm32f407xx.o
CAN2_RX1_IRQHandler                               build/startup_stm32f407xx.o
CAN2_SCE_IRQHandler                               build/startup_stm32f407xx.o
CAN2_TX_IRQHandler                                build/startup_stm32f407xx.o
DCMI_IRQHandler                                   build/startup_stm32f407xx.o
DMA1_Stream0_IRQHandler                           build/startup_stm32f407xx.o
DMA1_Stream1_IRQHandler                           build/startup_stm32f407xx.o
DMA1_Stream2_IRQHandler                           build/startup_stm32f407xx.o
DMA1_Stream3_IRQHandler                           build/startup_stm32f407xx.o
DMA1_Stream4_IRQHandler                           build/startup_stm32f407xx.o
DMA1_Stream5_IRQHandler                           build/startup_stm32f407xx.o
DMA1_Stream6_IRQHandler                           build/startup_stm32f407xx.o
DMA1_Stream7_IRQHandler                           build/startup_stm32f407xx.o
DMA2_Stream0_IRQHandler                           build/startup_stm32f407xx.o
DMA2_Stream1_IRQHandler                           build/startup_stm32f407xx.o
DMA2_Stream2_IRQHandler                           build/startup_stm32f407xx.o
DMA2_Stream3_IRQHandler                           build/startup_stm32f407xx.o
DMA2_Stream4_IRQHandler                           build/startup_stm32f407xx.o
DMA2_Stream5_IRQHandler                           build/startup_stm32f407xx.o
DMA2_Stream6_IRQHandler                           build/startup_stm32f407xx.o
DMA2_Stream7_IRQHandler                           build/startup_stm32f407xx.o
DebugMon_Handler                                  build/stm32f4xx_it.o
Default_Handler                                   build/startup_stm32f407xx.o
ETH_IRQHandler                                    build/startup_stm32f407xx.o
ETH_WKUP_IRQHandler                               build/startup_stm32f407xx.o
EXTI0_IRQHandler                                  build/startup_stm32f407xx.o
EXTI15_10_IRQHandler                              build/startup_stm32f407xx.o
EXTI1_IRQHandler                                  build/startup_stm32f407xx.o
EXTI2_IRQHandler                                  build/startup_stm32f407xx.o
EXTI3_IRQHandler                                  build/startup_stm32f407xx.o
EXTI4_IRQHandler                                  build/startup_stm32f407xx.o
EXTI9_5_IRQHandler                                build/startup_stm32f407xx.o
Error_Handler                                     build/main.o
                                                  build/usart.o
FLASH_Erase_Sector                                build/stm32f4xx_hal_flash_ex.o
                                                  build/stm32f4xx_hal_flash.o
FLASH_FlushCaches                                 build/stm32f4xx_hal_flash_ex.o
                                                  build/stm32f4xx_hal_flash.o
FLASH_IRQHandler                                  build/startup_stm32f407xx.o
FLASH_WaitForLastOperation                        build/stm32f4xx_hal_flash.o
                                                  build/stm32f4xx_hal_flash_ex.o
FPU_IRQHandler                                    build/startup_stm32f407xx.o
FSMC_IRQHandler                                   build/startup_stm32f407xx.o
HAL_DBGMCU_DisableDBGSleepMode                    build/stm32f4xx_hal.o
HAL_DBGMCU_DisableDBGStandbyMode                  build/stm32f4xx_hal.o
HAL_DBGMCU_DisableDBGStopMode                     build/stm32f4xx_hal.o
HAL_DBGMCU_EnableDBGSleepMode                     build/stm32f4xx_hal.o
HAL_DBGMCU_EnableDBGStandbyMode                   build/stm32f4xx_hal.o
HAL_DBGMCU_EnableDBGStopMode                      build/stm32f4xx_hal.o
HAL_DMAEx_ChangeMemory                            build/stm32f4xx_hal_dma_ex.o
HAL_DMAEx_MultiBufferStart                        build/stm32f4xx_hal_dma_ex.o
HAL_DMAEx_MultiBufferStart_IT                     build/stm32f4xx_hal_dma_ex.o
HAL_DMA_Abort                                     build/stm32f4xx_hal_dma.o
                                                  build/stm32f4xx_hal_uart.o
HAL_DMA_Abort_IT                                  build/stm32f4xx_hal_dma.o
                                                  build/stm32f4xx_hal_uart.o
                                                  build/stm32f4xx_hal_tim_ex.o
                                                  build/stm32f4xx_hal_tim.o
HAL_DMA_DeInit                                    build/stm32f4xx_hal_dma.o
HAL_DMA_GetError                                  build/stm32f4xx_hal_dma.o
                                                  build/stm32f4xx_hal_uart.o
HAL_DMA_GetState                                  build/stm32f4xx_hal_dma.o
HAL_DMA_IRQHandler                                build/stm32f4xx_hal_dma.o
HAL_DMA_Init                                      build/stm32f4xx_hal_dma.o
HAL_DMA_PollForTransfer                           build/stm32f4xx_hal_dma.o
HAL_DMA_RegisterCallback                          build/stm32f4xx_hal_dma.o
HAL_DMA_Start                                     build/stm32f4xx_hal_dma.o
HAL_DMA_Start_IT                                  build/stm32f4xx_hal_dma.o
                                                  build/stm32f4xx_hal_uart.o
                                                  build/stm32f4xx_hal_tim_ex.o
                                                  build/stm32f4xx_hal_tim.o
HAL_DMA_UnRegisterCallback                        build/stm32f4xx_hal_dma.o
HAL_DeInit                                        build/stm32f4xx_hal.o
HAL_Delay                                         build/stm32f4xx_hal.o
                                                  build/main.o
HAL_DisableCompensationCell                       build/stm32f4xx_hal.o
HAL_EXTI_ClearConfigLine                          build/stm32f4xx_hal_exti.o
HAL_EXTI_ClearPending                             build/stm32f4xx_hal_exti.o
HAL_EXTI_GenerateSWI                              build/stm32f4xx_hal_exti.o
HAL_EXTI_GetConfigLine                            build/stm32f4xx_hal_exti.o
HAL_EXTI_GetHandle                                build/stm32f4xx_hal_exti.o
HAL_EXTI_GetPending                               build/stm32f4xx_hal_exti.o
HAL_EXTI_IRQHandler                               build/stm32f4xx_hal_exti.o
HAL_EXTI_RegisterCallback                         build/stm32f4xx_hal_exti.o
HAL_EXTI_SetConfigLine                            build/stm32f4xx_hal_exti.o
HAL_EnableCompensationCell                        build/stm32f4xx_hal.o
HAL_FLASHEx_Erase                                 build/stm32f4xx_hal_flash_ex.o
HAL_FLASHEx_Erase_IT                              build/stm32f4xx_hal_flash_ex.o
HAL_FLASHEx_OBGetConfig                           build/stm32f4xx_hal_flash_ex.o
HAL_FLASHEx_OBProgram                             build/stm32f4xx_hal_flash_ex.o
HAL_FLASH_EndOfOperationCallback                  build/stm32f4xx_hal_flash.o
HAL_FLASH_GetError                                build/stm32f4xx_hal_flash.o
HAL_FLASH_IRQHandler                              build/stm32f4xx_hal_flash.o
HAL_FLASH_Lock                                    build/stm32f4xx_hal_flash.o
HAL_FLASH_OB_Launch                               build/stm32f4xx_hal_flash.o
HAL_FLASH_OB_Lock                                 build/stm32f4xx_hal_flash.o
HAL_FLASH_OB_Unlock                               build/stm32f4xx_hal_flash.o
HAL_FLASH_OperationErrorCallback                  build/stm32f4xx_hal_flash.o
HAL_FLASH_Program                                 build/stm32f4xx_hal_flash.o
HAL_FLASH_Program_IT                              build/stm32f4xx_hal_flash.o
HAL_FLASH_Unlock                                  build/stm32f4xx_hal_flash.o
HAL_GPIO_DeInit                                   build/stm32f4xx_hal_gpio.o
                                                  build/usart.o
HAL_GPIO_EXTI_Callback                            build/stm32f4xx_hal_gpio.o
HAL_GPIO_EXTI_IRQHandler                          build/stm32f4xx_hal_gpio.o
HAL_GPIO_Init                                     build/stm32f4xx_hal_gpio.o
                                                  build/usart.o
                                                  build/stm32f4xx_hal_rcc.o
                                                  build/gpio.o
HAL_GPIO_LockPin                                  build/stm32f4xx_hal_gpio.o
HAL_GPIO_ReadPin                                  build/stm32f4xx_hal_gpio.o
HAL_GPIO_TogglePin                                build/stm32f4xx_hal_gpio.o
                                                  build/main.o
HAL_GPIO_WritePin                                 build/stm32f4xx_hal_gpio.o
                                                  build/gpio.o
HAL_GetDEVID                                      build/stm32f4xx_hal.o
HAL_GetHalVersion                                 build/stm32f4xx_hal.o
HAL_GetREVID                                      build/stm32f4xx_hal.o
HAL_GetTick                                       build/stm32f4xx_hal.o
                                                  build/stm32f4xx_hal_uart.o
                                                  build/stm32f4xx_hal_pwr_ex.o
                                                  build/stm32f4xx_hal_dma.o
                                                  build/stm32f4xx_hal_flash.o
                                                  build/stm32f4xx_hal_rcc_ex.o
                                                  build/stm32f4xx_hal_rcc.o
HAL_GetTickFreq                                   build/stm32f4xx_hal.o
HAL_GetTickPrio                                   build/stm32f4xx_hal.o
HAL_GetUIDw0                                      build/stm32f4xx_hal.o
HAL_GetUIDw1                                      build/stm32f4xx_hal.o
HAL_GetUIDw2                                      build/stm32f4xx_hal.o
HAL_HalfDuplex_EnableReceiver                     build/stm32f4xx_hal_uart.o
HAL_HalfDuplex_EnableTransmitter                  build/stm32f4xx_hal_uart.o
HAL_HalfDuplex_Init                               build/stm32f4xx_hal_uart.o
HAL_IncTick                                       build/stm32f4xx_hal.o
                                                  build/main.o
HAL_Init                                          build/stm32f4xx_hal.o
                                                  build/main.o
HAL_InitTick                                      build/stm32f4xx_hal_timebase_tim.o
                                                  build/stm32f4xx_hal_rcc_ex.o
                                                  build/stm32f4xx_hal_rcc.o
HAL_LIN_Init                                      build/stm32f4xx_hal_uart.o
HAL_LIN_SendBreak                                 build/stm32f4xx_hal_uart.o
HAL_MPU_ConfigRegion                              build/stm32f4xx_hal_cortex.o
HAL_MPU_Disable                                   build/stm32f4xx_hal_cortex.o
HAL_MPU_Enable                                    build/stm32f4xx_hal_cortex.o
HAL_MspDeInit                                     build/stm32f4xx_hal.o
HAL_MspInit                                       build/stm32f4xx_hal_msp.o
HAL_MultiProcessor_EnterMuteMode                  build/stm32f4xx_hal_uart.o
HAL_MultiProcessor_ExitMuteMode                   build/stm32f4xx_hal_uart.o
HAL_MultiProcessor_Init                           build/stm32f4xx_hal_uart.o
HAL_NVIC_ClearPendingIRQ                          build/stm32f4xx_hal_cortex.o
HAL_NVIC_DisableIRQ                               build/stm32f4xx_hal_cortex.o
HAL_NVIC_EnableIRQ                                build/stm32f4xx_hal_cortex.o
                                                  build/stm32f4xx_hal_timebase_tim.o
HAL_NVIC_GetActive                                build/stm32f4xx_hal_cortex.o
HAL_NVIC_GetPendingIRQ                            build/stm32f4xx_hal_cortex.o
HAL_NVIC_GetPriority                              build/stm32f4xx_hal_cortex.o
HAL_NVIC_GetPriorityGrouping                      build/stm32f4xx_hal_cortex.o
HAL_NVIC_SetPendingIRQ                            build/stm32f4xx_hal_cortex.o
HAL_NVIC_SetPriority                              build/stm32f4xx_hal_cortex.o
                                                  build/stm32f4xx_hal.o
                                                  build/stm32f4xx_hal_timebase_tim.o
                                                  build/stm32f4xx_hal_msp.o
HAL_NVIC_SetPriorityGrouping                      build/stm32f4xx_hal_cortex.o
                                                  build/stm32f4xx_hal.o
HAL_NVIC_SystemReset                              build/stm32f4xx_hal_cortex.o
HAL_PWREx_ControlVoltageScaling                   build/stm32f4xx_hal_pwr_ex.o
HAL_PWREx_DisableBkUpReg                          build/stm32f4xx_hal_pwr_ex.o
HAL_PWREx_DisableFlashPowerDown                   build/stm32f4xx_hal_pwr_ex.o
HAL_PWREx_EnableBkUpReg                           build/stm32f4xx_hal_pwr_ex.o
HAL_PWREx_EnableFlashPowerDown                    build/stm32f4xx_hal_pwr_ex.o
HAL_PWREx_GetVoltageRange                         build/stm32f4xx_hal_pwr_ex.o
HAL_PWR_ConfigPVD                                 build/stm32f4xx_hal_pwr.o
HAL_PWR_DeInit                                    build/stm32f4xx_hal_pwr.o
HAL_PWR_DisableBkUpAccess                         build/stm32f4xx_hal_pwr.o
HAL_PWR_DisablePVD                                build/stm32f4xx_hal_pwr.o
HAL_PWR_DisableSEVOnPend                          build/stm32f4xx_hal_pwr.o
HAL_PWR_DisableSleepOnExit                        build/stm32f4xx_hal_pwr.o
HAL_PWR_DisableWakeUpPin                          build/stm32f4xx_hal_pwr.o
HAL_PWR_EnableBkUpAccess                          build/stm32f4xx_hal_pwr.o
HAL_PWR_EnablePVD                                 build/stm32f4xx_hal_pwr.o
HAL_PWR_EnableSEVOnPend                           build/stm32f4xx_hal_pwr.o
HAL_PWR_EnableSleepOnExit                         build/stm32f4xx_hal_pwr.o
HAL_PWR_EnableWakeUpPin                           build/stm32f4xx_hal_pwr.o
HAL_PWR_EnterSLEEPMode                            build/stm32f4xx_hal_pwr.o
HAL_PWR_EnterSTANDBYMode                          build/stm32f4xx_hal_pwr.o
HAL_PWR_EnterSTOPMode                             build/stm32f4xx_hal_pwr.o
HAL_PWR_PVDCallback                               build/stm32f4xx_hal_pwr.o
HAL_PWR_PVD_IRQHandler                            build/stm32f4xx_hal_pwr.o
HAL_RCCEx_DisablePLLI2S                           build/stm32f4xx_hal_rcc_ex.o
HAL_RCCEx_EnablePLLI2S                            build/stm32f4xx_hal_rcc_ex.o
HAL_RCCEx_GetPeriphCLKConfig                      build/stm32f4xx_hal_rcc_ex.o
HAL_RCCEx_GetPeriphCLKFreq                        build/stm32f4xx_hal_rcc_ex.o
HAL_RCCEx_PeriphCLKConfig                         build/stm32f4xx_hal_rcc_ex.o
HAL_RCC_CSSCallback                               build/stm32f4xx_hal_rcc.o
HAL_RCC_ClockConfig                               build/stm32f4xx_hal_rcc.o
                                                  build/main.o
HAL_RCC_DeInit                                    build/stm32f4xx_hal_rcc_ex.o
                                                  build/stm32f4xx_hal_rcc.o
HAL_RCC_DisableCSS                                build/stm32f4xx_hal_rcc.o
HAL_RCC_EnableCSS                                 build/stm32f4xx_hal_rcc.o
HAL_RCC_GetClockConfig                            build/stm32f4xx_hal_rcc.o
                                                  build/stm32f4xx_hal_timebase_tim.o
HAL_RCC_GetHCLKFreq                               build/stm32f4xx_hal_rcc.o
HAL_RCC_GetOscConfig                              build/stm32f4xx_hal_rcc.o
HAL_RCC_GetPCLK1Freq                              build/stm32f4xx_hal_rcc.o
                                                  build/stm32f4xx_hal_uart.o
HAL_RCC_GetPCLK2Freq                              build/stm32f4xx_hal_rcc.o
                                                  build/stm32f4xx_hal_uart.o
                                                  build/stm32f4xx_hal_timebase_tim.o
HAL_RCC_GetSysClockFreq                           build/stm32f4xx_hal_rcc.o
HAL_RCC_MCOConfig                                 build/stm32f4xx_hal_rcc.o
HAL_RCC_NMI_IRQHandler                            build/stm32f4xx_hal_rcc.o
HAL_RCC_OscConfig                                 build/stm32f4xx_hal_rcc.o
                                                  build/main.o
HAL_ResumeTick                                    build/stm32f4xx_hal_timebase_tim.o
HAL_SYSTICK_CLKSourceConfig                       build/stm32f4xx_hal_cortex.o
HAL_SYSTICK_Callback                              build/stm32f4xx_hal_cortex.o
HAL_SYSTICK_Config                                build/stm32f4xx_hal_cortex.o
                                                  build/stm32f4xx_hal.o
HAL_SYSTICK_IRQHandler                            build/stm32f4xx_hal_cortex.o
HAL_SetTickFreq                                   build/stm32f4xx_hal.o
HAL_SuspendTick                                   build/stm32f4xx_hal_timebase_tim.o
HAL_TIMEx_BreakCallback                           build/stm32f4xx_hal_tim_ex.o
                                                  build/stm32f4xx_hal_tim.o
HAL_TIMEx_CommutCallback                          build/stm32f4xx_hal_tim_ex.o
                                                  build/stm32f4xx_hal_tim.o
HAL_TIMEx_CommutHalfCpltCallback                  build/stm32f4xx_hal_tim_ex.o
HAL_TIMEx_ConfigBreakDeadTime                     build/stm32f4xx_hal_tim_ex.o
HAL_TIMEx_ConfigCommutEvent                       build/stm32f4xx_hal_tim_ex.o
HAL_TIMEx_ConfigCommutEvent_DMA                   build/stm32f4xx_hal_tim_ex.o
HAL_TIMEx_ConfigCommutEvent_IT                    build/stm32f4xx_hal_tim_ex.o
HAL_TIMEx_GetChannelNState                        build/stm32f4xx_hal_tim_ex.o
HAL_TIMEx_HallSensor_DeInit                       build/stm32f4xx_hal_tim_ex.o
HAL_TIMEx_HallSensor_GetState                     build/stm32f4xx_hal_tim_ex.o
HAL_TIMEx_HallSensor_Init                         build/stm32f4xx_hal_tim_ex.o
HAL_TIMEx_HallSensor_MspDeInit                    build/stm32f4xx_hal_tim_ex.o
HAL_TIMEx_HallSensor_MspInit                      build/stm32f4xx_hal_tim_ex.o
HAL_TIMEx_HallSensor_Start                        build/stm32f4xx_hal_tim_ex.o
HAL_TIMEx_HallSensor_Start_DMA                    build/stm32f4xx_hal_tim_ex.o
HAL_TIMEx_HallSensor_Start_IT                     build/stm32f4xx_hal_tim_ex.o
HAL_TIMEx_HallSensor_Stop                         build/stm32f4xx_hal_tim_ex.o
HAL_TIMEx_HallSensor_Stop_DMA                     build/stm32f4xx_hal_tim_ex.o
HAL_TIMEx_HallSensor_Stop_IT                      build/stm32f4xx_hal_tim_ex.o
HAL_TIMEx_MasterConfigSynchronization             build/stm32f4xx_hal_tim_ex.o
HAL_TIMEx_OCN_Start                               build/stm32f4xx_hal_tim_ex.o
HAL_TIMEx_OCN_Start_DMA                           build/stm32f4xx_hal_tim_ex.o
HAL_TIMEx_OCN_Start_IT                            build/stm32f4xx_hal_tim_ex.o
HAL_TIMEx_OCN_Stop                                build/stm32f4xx_hal_tim_ex.o
HAL_TIMEx_OCN_Stop_DMA                            build/stm32f4xx_hal_tim_ex.o
HAL_TIMEx_OCN_Stop_IT                             build/stm32f4xx_hal_tim_ex.o
HAL_TIMEx_OnePulseN_Start                         build/stm32f4xx_hal_tim_ex.o
HAL_TIMEx_OnePulseN_Start_IT                      build/stm32f4xx_hal_tim_ex.o
HAL_TIMEx_OnePulseN_Stop                          build/stm32f4xx_hal_tim_ex.o
HAL_TIMEx_OnePulseN_Stop_IT                       build/stm32f4xx_hal_tim_ex.o
HAL_TIMEx_PWMN_Start                              build/stm32f4xx_hal_tim_ex.o
HAL_TIMEx_PWMN_Start_DMA                          build/stm32f4xx_hal_tim_ex.o
HAL_TIMEx_PWMN_Start_IT                           build/stm32f4xx_hal_tim_ex.o
HAL_TIMEx_PWMN_Stop                               build/stm32f4xx_hal_tim_ex.o
HAL_TIMEx_PWMN_Stop_DMA                           build/stm32f4xx_hal_tim_ex.o
HAL_TIMEx_PWMN_Stop_IT                            build/stm32f4xx_hal_tim_ex.o
HAL_TIMEx_RemapConfig                             build/stm32f4xx_hal_tim_ex.o
HAL_TIM_Base_DeInit                               build/stm32f4xx_hal_tim.o
HAL_TIM_Base_GetState                             build/stm32f4xx_hal_tim.o
HAL_TIM_Base_Init                                 build/stm32f4xx_hal_tim.o
                                                  build/stm32f4xx_hal_timebase_tim.o
HAL_TIM_Base_MspDeInit                            build/stm32f4xx_hal_tim.o
HAL_TIM_Base_MspInit                              build/stm32f4xx_hal_tim.o
HAL_TIM_Base_Start                                build/stm32f4xx_hal_tim.o
HAL_TIM_Base_Start_DMA                            build/stm32f4xx_hal_tim.o
HAL_TIM_Base_Start_IT                             build/stm32f4xx_hal_tim.o
                                                  build/stm32f4xx_hal_timebase_tim.o
HAL_TIM_Base_Stop                                 build/stm32f4xx_hal_tim.o
HAL_TIM_Base_Stop_DMA                             build/stm32f4xx_hal_tim.o
HAL_TIM_Base_Stop_IT                              build/stm32f4xx_hal_tim.o
HAL_TIM_ConfigClockSource                         build/stm32f4xx_hal_tim.o
HAL_TIM_ConfigOCrefClear                          build/stm32f4xx_hal_tim.o
HAL_TIM_ConfigTI1Input                            build/stm32f4xx_hal_tim.o
HAL_TIM_DMABurstState                             build/stm32f4xx_hal_tim.o
HAL_TIM_DMABurst_MultiReadStart                   build/stm32f4xx_hal_tim.o
HAL_TIM_DMABurst_MultiWriteStart                  build/stm32f4xx_hal_tim.o
HAL_TIM_DMABurst_ReadStart                        build/stm32f4xx_hal_tim.o
HAL_TIM_DMABurst_ReadStop                         build/stm32f4xx_hal_tim.o
HAL_TIM_DMABurst_WriteStart                       build/stm32f4xx_hal_tim.o
HAL_TIM_DMABurst_WriteStop                        build/stm32f4xx_hal_tim.o
HAL_TIM_Encoder_DeInit                            build/stm32f4xx_hal_tim.o