Archive member included to satisfy reference by file (symbol)

c:/program files (x86)/gnu arm embedded toolchain/10 2020-q4-major/bin/../lib/gcc/arm-none-eabi/10.2.1/../../../../arm-none-eabi/lib/thumb/v7e-m+fp/hard\libc_nano.a(lib_a-exit.o)
                              c:/program files (x86)/gnu arm embedded toolchain/10 2020-q4-major/bin/../lib/gcc/arm-none-eabi/10.2.1/../../../../arm-none-eabi/lib/thumb/v7e-m+fp/hard/crt0.o (exit)
c:/program files (x86)/gnu arm embedded toolchain/10 2020-q4-major/bin/../lib/gcc/arm-none-eabi/10.2.1/../../../../arm-none-eabi/lib/thumb/v7e-m+fp/hard\libc_nano.a(lib_a-impure.o)
                              c:/program files (x86)/gnu arm embedded toolchain/10 2020-q4-major/bin/../lib/gcc/arm-none-eabi/10.2.1/../../../../arm-none-eabi/lib/thumb/v7e-m+fp/hard\libc_nano.a(lib_a-exit.o) (_global_impure_ptr)
c:/program files (x86)/gnu arm embedded toolchain/10 2020-q4-major/bin/../lib/gcc/arm-none-eabi/10.2.1/../../../../arm-none-eabi/lib/thumb/v7e-m+fp/hard\libc_nano.a(lib_a-init.o)
                              c:/program files (x86)/gnu arm embedded toolchain/10 2020-q4-major/bin/../lib/gcc/arm-none-eabi/10.2.1/../../../../arm-none-eabi/lib/thumb/v7e-m+fp/hard/crt0.o (__libc_init_array)
c:/program files (x86)/gnu arm embedded toolchain/10 2020-q4-major/bin/../lib/gcc/arm-none-eabi/10.2.1/../../../../arm-none-eabi/lib/thumb/v7e-m+fp/hard\libc_nano.a(lib_a-memcpy-stub.o)
                              build/queue.o (memcpy)
c:/program files (x86)/gnu arm embedded toolchain/10 2020-q4-major/bin/../lib/gcc/arm-none-eabi/10.2.1/../../../../arm-none-eabi/lib/thumb/v7e-m+fp/hard\libc_nano.a(lib_a-memset.o)
                              c:/program files (x86)/gnu arm embedded toolchain/10 2020-q4-major/bin/../lib/gcc/arm-none-eabi/10.2.1/../../../../arm-none-eabi/lib/thumb/v7e-m+fp/hard/crt0.o (memset)
c:/program files (x86)/gnu arm embedded toolchain/10 2020-q4-major/bin/../lib/gcc/arm-none-eabi/10.2.1/../../../../arm-none-eabi/lib/thumb/v7e-m+fp/hard\libc_nano.a(lib_a-nano-vfprintf_float.o)
                              (_printf_float)
c:/program files (x86)/gnu arm embedded toolchain/10 2020-q4-major/bin/../lib/gcc/arm-none-eabi/10.2.1/../../../../arm-none-eabi/lib/thumb/v7e-m+fp/hard\libc_nano.a(lib_a-nano-vfprintf_i.o)
                              c:/program files (x86)/gnu arm embedded toolchain/10 2020-q4-major/bin/../lib/gcc/arm-none-eabi/10.2.1/../../../../arm-none-eabi/lib/thumb/v7e-m+fp/hard\libc_nano.a(lib_a-nano-vfprintf_float.o) (_printf_common)
c:/program files (x86)/gnu arm embedded toolchain/10 2020-q4-major/bin/../lib/gcc/arm-none-eabi/10.2.1/../../../../arm-none-eabi/lib/thumb/v7e-m+fp/hard\libc_nano.a(lib_a-printf.o)
                              build/taskstatedisplay.o (printf)
c:/program files (x86)/gnu arm embedded toolchain/10 2020-q4-major/bin/../lib/gcc/arm-none-eabi/10.2.1/../../../../arm-none-eabi/lib/thumb/v7e-m+fp/hard\libc_nano.a(lib_a-puts.o)
                              build/imu.o (puts)
c:/program files (x86)/gnu arm embedded toolchain/10 2020-q4-major/bin/../lib/gcc/arm-none-eabi/10.2.1/../../../../arm-none-eabi/lib/thumb/v7e-m+fp/hard\libc_nano.a(lib_a-sprintf.o)
                              build/tasks.o (sprintf)
c:/program files (x86)/gnu arm embedded toolchain/10 2020-q4-major/bin/../lib/gcc/arm-none-eabi/10.2.1/../../../../arm-none-eabi/lib/thumb/v7e-m+fp/hard\libc_nano.a(lib_a-strcpy.o)
                              build/tasks.o (strcpy)
c:/program files (x86)/gnu arm embedded toolchain/10 2020-q4-major/bin/../lib/gcc/arm-none-eabi/10.2.1/../../../../arm-none-eabi/lib/thumb/v7e-m+fp/hard\libc_nano.a(lib_a-strlen.o)
                              build/tasks.o (strlen)
c:/program files (x86)/gnu arm embedded toolchain/10 2020-q4-major/bin/../lib/gcc/arm-none-eabi/10.2.1/../../../../arm-none-eabi/lib/thumb/v7e-m+fp/hard\libc_nano.a(lib_a-wbuf.o)
                              c:/program files (x86)/gnu arm embedded toolchain/10 2020-q4-major/bin/../lib/gcc/arm-none-eabi/10.2.1/../../../../arm-none-eabi/lib/thumb/v7e-m+fp/hard\libc_nano.a(lib_a-puts.o) (__swbuf_r)
c:/program files (x86)/gnu arm embedded toolchain/10 2020-q4-major/bin/../lib/gcc/arm-none-eabi/10.2.1/../../../../arm-none-eabi/lib/thumb/v7e-m+fp/hard\libc_nano.a(lib_a-wsetup.o)
                              c:/program files (x86)/gnu arm embedded toolchain/10 2020-q4-major/bin/../lib/gcc/arm-none-eabi/10.2.1/../../../../arm-none-eabi/lib/thumb/v7e-m+fp/hard\libc_nano.a(lib_a-puts.o) (__swsetup_r)
c:/program files (x86)/gnu arm embedded toolchain/10 2020-q4-major/bin/../lib/gcc/arm-none-eabi/10.2.1/../../../../arm-none-eabi/lib/thumb/v7e-m+fp/hard\libc_nano.a(lib_a-dtoa.o)
                              c:/program files (x86)/gnu arm embedded toolchain/10 2020-q4-major/bin/../lib/gcc/arm-none-eabi/10.2.1/../../../../arm-none-eabi/lib/thumb/v7e-m+fp/hard\libc_nano.a(lib_a-nano-vfprintf_float.o) (_dtoa_r)
[...]
Memory Configuration

Name             Origin             Length             Attributes
RAM              0x20000000         0x00020000         xrw
CCMRAM           0x10000000         0x00010000         xrw
FLASH            0x08000000         0x00080000         xr
*default*        0x00000000         0xffffffff

Linker script and memory map

LOAD c:/program files (x86)/gnu arm embedded toolchain/10 2020-q4-major/bin/../lib/gcc/arm-none-eabi/10.2.1/thumb/v7e-m+fp/hard/crti.o
LOAD c:/program files (x86)/gnu arm embedded toolchain/10 2020-q4-major/bin/../lib/gcc/arm-none-eabi/10.2.1/thumb/v7e-m+fp/hard/crtbegin.o
LOAD c:/program files (x86)/gnu arm embedded toolchain/10 2020-q4-major/bin/../lib/gcc/arm-none-eabi/10.2.1/../../../../arm-none-eabi/lib/thumb/v7e-m+fp/hard/crt0.o
LOAD build/main.o
LOAD build/gpio.o
LOAD build/freertos.o
LOAD build/stm32f4xx_it.o
LOAD build/stm32f4xx_hal_msp.o
LOAD build/stm32f4xx_hal_timebase_tim.o
LOAD build/stm32f4xx_hal_rcc.o
LOAD build/stm32f4xx_hal_rcc_ex.o
LOAD build/stm32f4xx_hal_flash.o
LOAD build/stm32f4xx_hal_flash_ex.o
LOAD build/stm32f4xx_hal_flash_ramfunc.o
LOAD build/stm32f4xx_hal_gpio.o
LOAD build/stm32f4xx_hal_dma_ex.o
LOAD build/stm32f4xx_hal_dma.o
LOAD build/stm32f4xx_hal_pwr.o
LOAD build/stm32f4xx_hal_pwr_ex.o
LOAD build/stm32f4xx_hal_cortex.o
LOAD build/stm32f4xx_hal.o
LOAD build/stm32f4xx_hal_exti.o
LOAD build/stm32f4xx_hal_tim.o
LOAD build/stm32f4xx_hal_tim_ex.o
LOAD build/system_stm32f4xx.o
LOAD build/croutine.o
LOAD build/event_groups.o
LOAD build/list.o
LOAD build/queue.o
LOAD build/stream_buffer.o
LOAD build/tasks.o
LOAD build/timers.o
LOAD build/cmsis_os.o
LOAD build/heap_4.o
LOAD build/port.o
LOAD build/usart.o
LOAD build/led.o
LOAD build/valve.o
LOAD build/remoter.o
LOAD build/imu.o
LOAD build/common.o
LOAD build/stm32f4xx_hal_uart.o
LOAD build/dma.o
LOAD build/tim.o
LOAD build/bsp.o
LOAD build/taskstatedisplay.o
LOAD build/putter.o
LOAD build/pump.o
LOAD build/balance.o
LOAD build/roller.o
LOAD build/unlock.o
LOAD build/modbus.o
LOAD build/startup_stm32f407xx.o
LOAD c:/program files (x86)/gnu arm embedded toolchain/10 2020-q4-major/bin/../lib/gcc/arm-none-eabi/10.2.1/../../../../arm-none-eabi/lib/thumb/v7e-m+fp/hard\libc_nano.a
LOAD c:/program files (x86)/gnu arm embedded toolchain/10 2020-q4-major/bin/../lib/gcc/arm-none-eabi/10.2.1/../../../../arm-none-eabi/lib/thumb/v7e-m+fp/hard\libm.a
LOAD c:/program files (x86)/gnu arm embedded toolchain/10 2020-q4-major/bin/../lib/gcc/arm-none-eabi/10.2.1/../../../../arm-none-eabi/lib/thumb/v7e-m+fp/hard\libnosys.a
START GROUP
LOAD c:/program files (x86)/gnu arm embedded toolchain/10 2020-q4-major/bin/../lib/gcc/arm-none-eabi/10.2.1/thumb/v7e-m+fp/hard\libgcc.a
LOAD c:/program files (x86)/gnu arm embedded toolchain/10 2020-q4-major/bin/../lib/gcc/arm-none-eabi/10.2.1/../../../../arm-none-eabi/lib/thumb/v7e-m+fp/hard\libc_nano.a
END GROUP
START GROUP
LOAD c:/program files (x86)/gnu arm embedded toolchain/10 2020-q4-major/bin/../lib/gcc/arm-none-eabi/10.2.1/thumb/v7e-m+fp/hard\libgcc.a
LOAD c:/program files (x86)/gnu arm embedded toolchain/10 2020-q4-major/bin/../lib/gcc/arm-none-eabi/10.2.1/../../../../arm-none-eabi/lib/thumb/v7e-m+fp/hard\libc_nano.a
END GROUP
LOAD c:/program files (x86)/gnu arm embedded toolchain/10 2020-q4-major/bin/../lib/gcc/arm-none-eabi/10.2.1/thumb/v7e-m+fp/hard/crtend.o
LOAD c:/program files (x86)/gnu arm embedded toolchain/10 2020-q4-major/bin/../lib/gcc/arm-none-eabi/10.2.1/thumb/v7e-m+fp/hard/crtn.o
                0x20020000                _estack = 0x20020000
                0x00000200                _Min_Heap_Size = 0x200
                0x00000400                _Min_Stack_Size = 0x400

.isr_vector     0x08000000      0x188
                0x08000000                . = ALIGN (0x4)
 *(.isr_vector)
 .isr_vector    0x08000000      0x188 build/startup_stm32f407xx.o
                0x08000000                g_pfnVectors
                0x08000188                . = ALIGN (0x4)

.text           0x08000190     0x9380
                0x08000190                . = ALIGN (0x4)
 *(.text)
 .text          0x08000190       0x40 c:/program files (x86)/gnu arm embedded toolchain/10 2020-q4-major/bin/../lib/gcc/arm-none-eabi/10.2.1/thumb/v7e-m+fp/hard/crtbegin.o
 .text          0x080001d0       0x10 c:/program files (x86)/gnu arm embedded toolchain/10 2020-q4-major/bin/../lib/gcc/arm-none-eabi/10.2.1/../../../../arm-none-eabi/lib/thumb/v7e-m+fp/hard\libc_nano.a(lib_a-strlen.o)
                0x080001d0                strlen
 .text          0x080001e0       0xa0 c:/program files (x86)/gnu arm embedded toolchain/10 2020-q4-major/bin/../lib/gcc/arm-none-eabi/10.2.1/../../../../arm-none-eabi/lib/thumb/v7e-m+fp/hard\libc_nano.a(lib_a-memchr.o)
                0x080001e0                memchr
 .text          0x08000280      0x378 c:/program files (x86)/gnu arm embedded toolchain/10 2020-q4-major/bin/../lib/gcc/arm-none-eabi/10.2.1/thumb/v7e-m+fp/hard\libgcc.a(_arm_addsubdf3.o)
                0x08000280                __aeabi_drsub
                0x08000288                __aeabi_dsub
                0x08000288                __subdf3
                0x0800028c                __aeabi_dadd
                0x0800028c                __adddf3
                0x08000504                __floatunsidf
                0x08000504                __aeabi_ui2d
                0x08000524                __floatsidf
                0x08000524                __aeabi_i2d
                0x08000548                __aeabi_f2d
                0x08000548                __extendsfdf2
                0x0800058c                __floatundidf
                0x0800058c                __aeabi_ul2d
                0x0800059c                __floatdidf
                0x0800059c                __aeabi_l2d
 .text          0x080005f8      0x424 c:/program files (x86)/gnu arm embedded toolchain/10 2020-q4-major/bin/../lib/gcc/arm-none-eabi/10.2.1/thumb/v7e-m+fp/hard\libgcc.a(_arm_muldivdf3.o)
                0x080005f8                __aeabi_dmul
                0x080005f8                __muldf3
                0x0800084c                __divdf3
                0x0800084c                __aeabi_ddiv
 .text          0x08000a1c      0x110 c:/program files (x86)/gnu arm embedded toolchain/10 2020-q4-major/bin/../lib/gcc/arm-none-eabi/10.2.1/thumb/v7e-m+fp/hard\libgcc.a(_arm_cmpdf2.o)
                0x08000a1c                __gtdf2
                0x08000a1c                __gedf2
                0x08000a24                __ltdf2
                0x08000a24                __ledf2
                0x08000a2c                __nedf2
                0x08000a2c                __eqdf2
                0x08000a2c                __cmpdf2
                0x08000aa8                __aeabi_cdrcmple
                0x08000ab8                __aeabi_cdcmpeq
                0x08000ab8                __aeabi_cdcmple
                0x08000ac8                __aeabi_dcmpeq
                0x08000adc                __aeabi_dcmplt
                0x08000af0                __aeabi_dcmple
                0x08000b04                __aeabi_dcmpge
                0x08000b18                __aeabi_dcmpgt
 .text          0x08000b2c       0x2c c:/program files (x86)/gnu arm embedded toolchain/10 2020-q4-major/bin/../lib/gcc/arm-none-eabi/10.2.1/thumb/v7e-m+fp/hard\libgcc.a(_arm_unorddf2.o)
                0x08000b2c                __unorddf2
                0x08000b2c                __aeabi_dcmpun
 .text          0x08000b58       0x50 c:/program files (x86)/gnu arm embedded toolchain/10 2020-q4-major/bin/../lib/gcc/arm-none-eabi/10.2.1/thumb/v7e-m+fp/hard\libgcc.a(_arm_fixdfsi.o)
                0x08000b58                __aeabi_d2iz
                0x08000b58                __fixdfsi
 .text          0x08000ba8       0xa0 c:/program files (x86)/gnu arm embedded toolchain/10 2020-q4-major/bin/../lib/gcc/arm-none-eabi/10.2.1/thumb/v7e-m+fp/hard\libgcc.a(_arm_truncdfsf2.o)
                0x08000ba8                __truncdfsf2
                0x08000ba8                __aeabi_d2f
 .text          0x08000c48       0x30 c:/program files (x86)/gnu arm embedded toolchain/10 2020-q4-major/bin/../lib/gcc/arm-none-eabi/10.2.1/thumb/v7e-m+fp/hard\libgcc.a(_aeabi_uldivmod.o)
                0x08000c48                __aeabi_uldivmod
 .text          0x08000c78      0x2d0 c:/program files (x86)/gnu arm embedded toolchain/10 2020-q4-major/bin/../lib/gcc/arm-none-eabi/10.2.1/thumb/v7e-m+fp/hard\libgcc.a(_udivmoddi4.o)
                0x08000c78                __udivmoddi4
 .text          0x08000f48        0x4 c:/program files (x86)/gnu arm embedded toolchain/10 2020-q4-major/bin/../lib/gcc/arm-none-eabi/10.2.1/thumb/v7e-m+fp/hard\libgcc.a(_dvmd_tls.o)
                0x08000f48                __aeabi_idiv0
                0x08000f48                __aeabi_ldiv0
 *(.text*)
 .text.MX_NVIC_Init
                0x08000f4c       0x24 build/main.o
 .text.start_task
                0x08000f70       0x80 build/main.o
                0x08000f70                start_task
 .text.HAL_TIM_PeriodElapsedCallback
                0x08000ff0       0x18 build/main.o
                0x08000ff0                HAL_TIM_PeriodElapsedCallback
 .text.Error_Handler
                0x08001008        0x4 build/main.o
                0x08001008                Error_Handler
 .text.SystemClock_Config
                0x0800100c       0xa8 build/main.o
                0x0800100c                SystemClock_Config
 .text.main     0x080010b4       0xfc build/main.o
                0x080010b4                main
 .text.MX_GPIO_Init
                0x080011b0      0x148 build/gpio.o
                0x080011b0                MX_GPIO_Init
 .text.GameStartTask
                0x080012f8        0xa build/freertos.o
                0x080012f8                GameStartTask
 *fill*         0x08001302        0x2 
 .text.configureTimerForRunTimeStats
                0x08001304       0x10 build/freertos.o
                0x08001304                configureTimerForRunTimeStats
 .text.getRunTimeCounterValue
                0x08001314        0xc build/freertos.o
                0x08001314                getRunTimeCounterValue
 .text.vApplicationGetIdleTaskMemory
                0x08001320       0x18 build/freertos.o
                0x08001320                vApplicationGetIdleTaskMemory
 .text.vApplicationGetTimerTaskMemory
                0x08001338       0x18 build/freertos.o
                0x08001338                vApplicationGetTimerTaskMemory
 .text.MX_FREERTOS_Init
                0x08001350       0x30 build/freertos.o
                0x08001350                MX_FREERTOS_Init
 .text.NMI_Handler
                0x08001380        0x2 build/stm32f4xx_it.o
                0x08001380                NMI_Handler
 .text.HardFault_Handler
                0x08001382        0x2 build/stm32f4xx_it.o
                0x08001382                HardFault_Handler
 .text.MemManage_Handler
                0x08001384        0x2 build/stm32f4xx_it.o
                0x08001384                MemManage_Handler
 .text.BusFault_Handler
                0x08001386        0x2 build/stm32f4xx_it.o
                0x08001386                BusFault_Handler
 .text.UsageFault_Handler
                0x08001388        0x2 build/stm32f4xx_it.o
                0x08001388                UsageFault_Handler
 .text.DebugMon_Handler
                0x0800138a        0x2 build/stm32f4xx_it.o
                0x0800138a                DebugMon_Handler
 .text.DMA1_Stream1_IRQHandler
                0x0800138c       0x10 build/stm32f4xx_it.o
                0x0800138c                DMA1_Stream1_IRQHandler
 .text.DMA1_Stream2_IRQHandler
                0x0800139c       0x10 build/stm32f4xx_it.o
                0x0800139c                DMA1_Stream2_IRQHandler
 .text.DMA1_Stream5_IRQHandler
                0x080013ac       0x10 build/stm32f4xx_it.o
                0x080013ac                DMA1_Stream5_IRQHandler
 .text.TIM1_UP_TIM10_IRQHandler
                0x080013bc       0x18 build/stm32f4xx_it.o
                0x080013bc                TIM1_UP_TIM10_IRQHandler
 .text.TIM3_IRQHandler
                0x080013d4       0x24 build/stm32f4xx_it.o
                0x080013d4                TIM3_IRQHandler
 .text.USART2_IRQHandler
                0x080013f8       0x8c build/stm32f4xx_it.o
                0x080013f8                USART2_IRQHandler
 .text.USART3_IRQHandler
                0x08001484       0x7c build/stm32f4xx_it.o
                0x08001484                USART3_IRQHandler
 .text.UART4_IRQHandler
                0x08001500       0x7c build/stm32f4xx_it.o
                0x08001500                UART4_IRQHandler
 .text.HAL_MspInit
                0x0800157c       0x44 build/stm32f4xx_hal_msp.o
                0x0800157c                HAL_MspInit
 .text.HAL_InitTick
                0x080015c0       0x7c build/stm32f4xx_hal_timebase_tim.o
                0x080015c0                HAL_InitTick
 .text.HAL_RCC_OscConfig
                0x0800163c      0x3f8 build/stm32f4xx_hal_rcc.o
                0x0800163c                HAL_RCC_OscConfig
 .text.HAL_RCC_GetSysClockFreq
                0x08001a34       0xd4 build/stm32f4xx_hal_rcc.o
                0x08001a34                HAL_RCC_GetSysClockFreq
 .text.HAL_RCC_ClockConfig
                0x08001b08      0x160 build/stm32f4xx_hal_rcc.o
                0x08001b08                HAL_RCC_ClockConfig
 .text.HAL_RCC_GetHCLKFreq
                0x08001c68        0xc build/stm32f4xx_hal_rcc.o
                0x08001c68                HAL_RCC_GetHCLKFreq
 .text.HAL_RCC_GetPCLK1Freq
                0x08001c74       0x20 build/stm32f4xx_hal_rcc.o
                0x08001c74                HAL_RCC_GetPCLK1Freq
 .text.HAL_RCC_GetPCLK2Freq
                0x08001c94       0x20 build/stm32f4xx_hal_rcc.o
                0x08001c94                HAL_RCC_GetPCLK2Freq
 .text.HAL_RCC_GetClockConfig
                0x08001cb4       0x3c build/stm32f4xx_hal_rcc.o
                0x08001cb4                HAL_RCC_GetClockConfig
 .text.HAL_GPIO_Init
                0x08001cf0      0x1e4 build/stm32f4xx_hal_gpio.o
                0x08001cf0                HAL_GPIO_Init
 .text.HAL_GPIO_WritePin
                0x08001ed4        0xc build/stm32f4xx_hal_gpio.o
                0x08001ed4                HAL_GPIO_WritePin
 .text.HAL_GPIO_TogglePin
                0x08001ee0       0x12 build/stm32f4xx_hal_gpio.o
                0x08001ee0                HAL_GPIO_TogglePin
 .text.DMA_SetConfig
                0x08001ef2       0x2c build/stm32f4xx_hal_dma.o
 *fill*         0x08001f1e        0x2 
 .text.DMA_CalcBaseAndBitshift
                0x08001f20       0x44 build/stm32f4xx_hal_dma.o
 .text.DMA_CheckFifoParam
                0x08001f64       0x8e build/stm32f4xx_hal_dma.o
 *fill*         0x08001ff2        0x2 
 .text.HAL_DMA_Init
                0x08001ff4       0xcc build/stm32f4xx_hal_dma.o
                0x08001ff4                HAL_DMA_Init
 .text.HAL_DMA_Start_IT
                0x080020c0       0x6a build/stm32f4xx_hal_dma.o
                0x080020c0                HAL_DMA_Start_IT
 .text.HAL_DMA_Abort
                0x0800212a       0x94 build/stm32f4xx_hal_dma.o
                0x0800212a                HAL_DMA_Abort
 .text.HAL_DMA_Abort_IT
                0x080021be       0x26 build/stm32f4xx_hal_dma.o
                0x080021be                HAL_DMA_Abort_IT
 .text.HAL_DMA_IRQHandler
                0x080021e4      0x1dc build/stm32f4xx_hal_dma.o
                0x080021e4                HAL_DMA_IRQHandler
 .text.HAL_NVIC_SetPriorityGrouping
                0x080023c0       0x24 build/stm32f4xx_hal_cortex.o
                0x080023c0                HAL_NVIC_SetPriorityGrouping
 .text.HAL_NVIC_SetPriority
                0x080023e4       0x70 build/stm32f4xx_hal_cortex.o
                0x080023e4                HAL_NVIC_SetPriority
 .text.HAL_NVIC_EnableIRQ
                0x08002454       0x1c build/stm32f4xx_hal_cortex.o
                0x08002454                HAL_NVIC_EnableIRQ
 .text.HAL_Init
                0x08002470       0x34 build/stm32f4xx_hal.o
                0x08002470                HAL_Init
 .text.HAL_IncTick
                0x080024a4       0x18 build/stm32f4xx_hal.o
                0x080024a4                HAL_IncTick
 .text.HAL_GetTick
                0x080024bc        0xc build/stm32f4xx_hal.o
                0x080024bc                HAL_GetTick
 .text.TIM_OC1_SetConfig
                0x080024c8       0x68 build/stm32f4xx_hal_tim.o
 .text.TIM_OC3_SetConfig
                0x08002530       0x70 build/stm32f4xx_hal_tim.o
 .text.TIM_OC4_SetConfig
                0x080025a0       0x50 build/stm32f4xx_hal_tim.o
 .text.TIM_TI1_ConfigInputStage
                0x080025f0       0x26 build/stm32f4xx_hal_tim.o
 .text.TIM_TI2_ConfigInputStage
                0x08002616       0x28 build/stm32f4xx_hal_tim.o
 .text.TIM_ITRx_SetConfig
                0x0800263e       0x10 build/stm32f4xx_hal_tim.o
 *fill*         0x0800264e        0x2 
 .text.HAL_TIM_Base_Start_IT
                0x08002650       0x88 build/stm32f4xx_hal_tim.o
                0x08002650                HAL_TIM_Base_Start_IT
 .text.HAL_TIM_PWM_MspInit
                0x080026d8        0x2 build/stm32f4xx_hal_tim.o
                0x080026d8                HAL_TIM_PWM_MspInit
 .text.HAL_TIM_OC_DelayElapsedCallback
                0x080026da        0x2 build/stm32f4xx_hal_tim.o
                0x080026da                HAL_TIM_OC_DelayElapsedCallback
 .text.HAL_TIM_IC_CaptureCallback
                0x080026dc        0x2 build/stm32f4xx_hal_tim.o
                0x080026dc                HAL_TIM_IC_CaptureCallback
 .text.HAL_TIM_PWM_PulseFinishedCallback
                0x080026de        0x2 build/stm32f4xx_hal_tim.o
                0x080026de                HAL_TIM_PWM_PulseFinishedCallback
 .text.HAL_TIM_TriggerCallback
                0x080026e0        0x2 build/stm32f4xx_hal_tim.o
                0x080026e0                HAL_TIM_TriggerCallback
 .text.HAL_TIM_IRQHandler
                0x080026e2      0x17a build/stm32f4xx_hal_tim.o
                0x080026e2                HAL_TIM_IRQHandler
 .text.TIM_Base_SetConfig
                0x0800285c       0xc8 build/stm32f4xx_hal_tim.o
                0x0800285c                TIM_Base_SetConfig
 .text.HAL_TIM_Base_Init
                0x08002924       0x58 build/stm32f4xx_hal_tim.o
                0x08002924                HAL_TIM_Base_Init
 .text.HAL_TIM_PWM_Init
                0x0800297c       0x58 build/stm32f4xx_hal_tim.o
                0x0800297c                HAL_TIM_PWM_Init
 .text.TIM_OC2_SetConfig
                0x080029d4       0x70 build/stm32f4xx_hal_tim.o
                0x080029d4                TIM_OC2_SetConfig
 .text.HAL_TIM_PWM_ConfigChannel
                0x08002a44       0xd0 build/stm32f4xx_hal_tim.o
                0x08002a44                HAL_TIM_PWM_ConfigChannel
 .text.TIM_ETR_SetConfig
                0x08002b14       0x1a build/stm32f4xx_hal_tim.o
                0x08002b14                TIM_ETR_SetConfig
 .text.HAL_TIM_ConfigClockSource
                0x08002b2e       0xda build/stm32f4xx_hal_tim.o
                0x08002b2e                HAL_TIM_ConfigClockSource
 .text.HAL_TIMEx_MasterConfigSynchronization
                0x08002c08       0x8c build/stm32f4xx_hal_tim_ex.o
                0x08002c08                HAL_TIMEx_MasterConfigSynchronization
 .text.HAL_TIMEx_CommutCallback
                0x08002c94        0x2 build/stm32f4xx_hal_tim_ex.o
                0x08002c94                HAL_TIMEx_CommutCallback
 .text.HAL_TIMEx_BreakCallback
                0x08002c96        0x2 build/stm32f4xx_hal_tim_ex.o
                0x08002c96                HAL_TIMEx_BreakCallback
 .text.SystemInit
                0x08002c98       0x14 build/system_stm32f4xx.o
                0x08002c98                SystemInit
 .text.vListInitialise
                0x08002cac       0x16 build/list.o
                0x08002cac                vListInitialise
 .text.vListInitialiseItem
                0x08002cc2        0x6 build/list.o
                0x08002cc2                vListInitialiseItem
 .text.vListInsertEnd
                0x08002cc8       0x16 build/list.o
                0x08002cc8                vListInsertEnd
 .text.vListInsert
                0x08002cde       0x32 build/list.o
                0x08002cde                vListInsert
 .text.uxListRemove
                0x08002d10       0x26 build/list.o
                0x08002d10                uxListRemove
 .text.prvGetDisinheritPriorityAfterTimeout
                0x08002d36       0x10 build/queue.o
 .text.prvIsQueueFull
                0x08002d46       0x1e build/queue.o
 .text.prvIsQueueEmpty
                0x08002d64       0x1a build/queue.o
 .text.prvCopyDataToQueue
                0x08002d7e       0x76 build/queue.o
 .text.prvCopyDataFromQueue
                0x08002df4       0x24 build/queue.o
 .text.prvUnlockQueue
                0x08002e18       0x6e build/queue.o
 .text.xQueueGenericReset
                0x08002e86       0x84 build/queue.o
                0x08002e86                xQueueGenericReset
 .text.prvInitialiseNewQueue
                0x08002f0a       0x22 build/queue.o
 .text.xQueueGenericCreateStatic
                0x08002f2c       0x94 build/queue.o
                0x08002f2c                xQueueGenericCreateStatic
 .text.xQueueGenericCreate
                0x08002fc0       0x48 build/queue.o
                0x08002fc0                xQueueGenericCreate
 .text.xQueueGenericSend
                0x08003008      0x188 build/queue.o
                0x08003008                xQueueGenericSend
 .text.xQueueGenericSendFromISR
                0x08003190       0xce build/queue.o
                0x08003190                xQueueGenericSendFromISR
 .text.xQueueGiveFromISR
                0x0800325e       0xb2 build/queue.o
                0x0800325e                xQueueGiveFromISR
 .text.xQueueReceive
                0x08003310      0x15e build/queue.o
                0x08003310                xQueueReceive
 .text.xQueueSemaphoreTake
                0x0800346e      0x1a6 build/queue.o
                0x0800346e                xQueueSemaphoreTake
 .text.vQueueAddToRegistry
                0x08003614       0x28 build/queue.o
                0x08003614                vQueueAddToRegistry
 .text.vQueueWaitForMessageRestricted
                0x0800363c       0x52 build/queue.o
                0x0800363c                vQueueWaitForMessageRestricted
 *fill*         0x0800368e        0x2 
 .text.prvResetNextTaskUnblockTime
                0x08003690       0x2c build/tasks.o
 .text.prvInitialiseNewTask
                0x080036bc       0xaa build/tasks.o
 *fill*         0x08003766        0x2 
 .text.prvInitialiseTaskLists
                0x08003768       0x68 build/tasks.o
 .text.prvAddNewTaskToReadyList
                0x080037d0       0xac build/tasks.o
 .text.prvDeleteTCB
                0x0800387c       0x38 build/tasks.o
 .text.prvCheckTasksWaitingTermination
                0x080038b4       0x4c build/tasks.o
 .text.prvIdleTask
                0x08003900       0x28 build/tasks.o
 .text.prvAddCurrentTaskToDelayedList
                0x08003928       0x98 build/tasks.o
 .text.xTaskCreateStatic
                0x080039c0       0x76 build/tasks.o
                0x080039c0                xTaskCreateStatic
 .text.xTaskCreate
                0x08003a36       0x68 build/tasks.o
                0x08003a36                xTaskCreate
 *fill*         0x08003a9e        0x2 
 .text.vTaskDelete
                0x08003aa0       0xe0 build/tasks.o
                0x08003aa0                vTaskDelete
 .text.vTaskStartScheduler
                0x08003b80       0xa0 build/tasks.o
                0x08003b80                vTaskStartScheduler
 .text.vTaskSuspendAll
                0x08003c20       0x10 build/tasks.o
                0x08003c20                vTaskSuspendAll
 .text.xTaskGetTickCount
                0x08003c30        0xc build/tasks.o
                0x08003c30                xTaskGetTickCount
 .text.xTaskIncrementTick
                0x08003c3c      0x118 build/tasks.o
                0x08003c3c                xTaskIncrementTick
 .text.xTaskResumeAll
                0x08003d54       0xf8 build/tasks.o
                0x08003d54                xTaskResumeAll
 .text.vTaskDelayUntil
                0x08003e4c       0xa4 build/tasks.o
                0x08003e4c                vTaskDelayUntil
 .text.vTaskDelay
                0x08003ef0       0x4c build/tasks.o
                0x08003ef0                vTaskDelay
 .text.vTaskSwitchContext
                0x08003f3c       0xc0 build/tasks.o
                0x08003f3c                vTaskSwitchContext
 .text.vTaskPlaceOnEventList
                0x08003ffc       0x30 build/tasks.o
                0x08003ffc                vTaskPlaceOnEventList
 .text.vTaskPlaceOnEventListRestricted
                0x0800402c       0x38 build/tasks.o
                0x0800402c                vTaskPlaceOnEventListRestricted
 .text.xTaskRemoveFromEventList
                0x08004064       0x8c build/tasks.o
                0x08004064                xTaskRemoveFromEventList
 .text.vTaskInternalSetTimeOutState
                0x080040f0       0x18 build/tasks.o
                0x080040f0                vTaskInternalSetTimeOutState
 .text.xTaskCheckForTimeOut
                0x08004108       0x84 build/tasks.o
                0x08004108                xTaskCheckForTimeOut
 .text.vTaskMissedYield
                0x0800418c        0xc build/tasks.o
                0x0800418c                vTaskMissedYield
 .text.xTaskGetSchedulerState
                0x08004198       0x20 build/tasks.o
                0x08004198                xTaskGetSchedulerState
 .text.xTaskPriorityInherit
                0x080041b8       0xac build/tasks.o
                0x080041b8                xTaskPriorityInherit
 .text.xTaskPriorityDisinherit
                0x08004264       0xb4 build/tasks.o
                0x08004264                xTaskPriorityDisinherit
 .text.vTaskPriorityDisinheritAfterTimeout
                0x08004318       0xb4 build/tasks.o
                0x08004318                vTaskPriorityDisinheritAfterTimeout
 .text.pvTaskIncrementMutexHeldCount
                0x080043cc       0x1c build/tasks.o
                0x080043cc                pvTaskIncrementMutexHeldCount
 .text.ulTaskNotifyTake
                0x080043e8       0x78 build/tasks.o
                0x080043e8                ulTaskNotifyTake
 .text.xTaskGenericNotify
                0x08004460      0x100 build/tasks.o
                0x08004460                xTaskGenericNotify
 .text.prvGetNextExpireTime
                0x08004560       0x20 build/timers.o
 .text.prvInsertTimerInActiveList
                0x08004580       0x48 build/timers.o
 .text.prvCheckForValidListAndQueue
                0x080045c8       0x70 build/timers.o
 .text.xTimerCreateTimerTask
                0x08004638       0x64 build/timers.o
                0x08004638                xTimerCreateTimerTask
 .text.xTimerGenericCommand
                0x0800469c       0x6c build/timers.o
                0x0800469c                xTimerGenericCommand
 .text.prvSwitchTimerLists
                0x08004708       0x7c build/timers.o
 .text.prvSampleTimeNow
                0x08004784       0x2c build/timers.o
 .text.prvProcessExpiredTimer
                0x080047b0       0x6c build/timers.o
 .text.prvProcessTimerOrBlockTask
                0x0800481c       0x74 build/timers.o
 .text.prvProcessReceivedCommands
                0x08004890       0xfc build/timers.o
 .text.prvTimerTask
                0x0800498c       0x16 build/timers.o
 .text.makeFreeRtosPriority
                0x080049a2        0xc build/cmsis_os.o
 .text.osKernelStart
                0x080049ae        0xa build/cmsis_os.o
                0x080049ae                osKernelStart
 .text.osThreadCreate
                0x080049b8       0x6a build/cmsis_os.o
                0x080049b8                osThreadCreate
 .text.osDelay  0x08004a22        0xe build/cmsis_os.o
                0x08004a22                osDelay
 .text.prvHeapInit
                0x08004a30       0x64 build/heap_4.o
 .text.prvInsertBlockIntoFreeList
                0x08004a94       0x64 build/heap_4.o
 .text.pvPortMalloc
                0x08004af8       0xfc build/heap_4.o
                0x08004af8                pvPortMalloc
 .text.vPortFree
                0x08004bf4       0x7c build/heap_4.o
                0x08004bf4                vPortFree
 .text.prvTaskExitError
                0x08004c70       0x40 build/port.o
 .text.prvPortStartFirstTask
                0x08004cb0       0x28 build/port.o
 .text.vPortEnableVFP
                0x08004cd8       0x14 build/port.o
 .text.pxPortInitialiseStack
                0x08004cec       0x2c build/port.o
                0x08004cec                pxPortInitialiseStack
 *fill*         0x08004d18        0x8 
 .text.SVC_Handler
                0x08004d20       0x24 build/port.o
                0x08004d20                SVC_Handler
 .text.vPortEnterCritical
                0x08004d44       0x44 build/port.o
                0x08004d44                vPortEnterCritical
 .text.vPortExitCritical
                0x08004d88       0x2c build/port.o
                0x08004d88                vPortExitCritical
 *fill*         0x08004db4        0xc 
 .text.PendSV_Handler
                0x08004dc0       0x64 build/port.o
                0x08004dc0                PendSV_Handler
 .text.SysTick_Handler
                0x08004e24       0x2c build/port.o
                0x08004e24                SysTick_Handler
 .text.vPortSetupTimerInterrupt
                0x08004e50       0x28 build/port.o
                0x08004e50                vPortSetupTimerInterrupt
 .text.xPortStartScheduler
                0x08004e78      0x118 build/port.o
                0x08004e78                xPortStartScheduler
 .text.vPortValidateInterruptPriority
                0x08004f90       0x5c build/port.o
                0x08004f90                vPortValidateInterruptPriority
 .text.__io_putchar
                0x08004fec       0x24 build/usart.o
                0x08004fec                __io_putchar
 .text._write   0x08005010       0x1c build/usart.o
                0x08005010                _write
 .text.MX_UART4_Init
                0x0800502c       0x34 build/usart.o
                0x0800502c                MX_UART4_Init
 .text.MX_USART1_UART_Init
                0x08005060       0x34 build/usart.o
                0x08005060                MX_USART1_UART_Init
 .text.MX_USART2_UART_Init
                0x08005094       0x34 build/usart.o
                0x08005094                MX_USART2_UART_Init
 .text.MX_USART3_UART_Init
                0x080050c8       0x34 build/usart.o
                0x080050c8                MX_USART3_UART_Init
 .text.HAL_UART_MspInit
                0x080050fc      0x244 build/usart.o
                0x080050fc                HAL_UART_MspInit
 .text.led_task
                0x08005340       0x7c build/led.o
                0x08005340                led_task
 .text.LOTADataClear
                0x080053bc       0x2c build/remoter.o
                0x080053bc                LOTADataClear
 .text.fRamp_for_LORA
                0x080053e8       0x98 build/remoter.o
                0x080053e8                fRamp_for_LORA
 .text.iPwm_for_LORA
                0x08005480       0x26 build/remoter.o
                0x08005480                iPwm_for_LORA
 *fill*         0x080054a6        0x2 
 .text.LORADataDecode
                0x080054a8      0x1cc build/remoter.o
                0x080054a8                LORADataDecode
 .text.lora_receive_task
                0x08005674       0x7c build/remoter.o
                0x08005674                lora_receive_task
 .text.UART_EndTxTransfer
                0x080056f0       0x12 build/stm32f4xx_hal_uart.o
 .text.UART_EndRxTransfer
                0x08005702       0x32 build/stm32f4xx_hal_uart.o
 .text.UART_Transmit_IT
                0x08005734       0x60 build/stm32f4xx_hal_uart.o
 .text.UART_SetConfig
                0x08005794      0x110 build/stm32f4xx_hal_uart.o
 .text.UART_WaitOnFlagUntilTimeout
                0x080058a4       0x6c build/stm32f4xx_hal_uart.o
 .text.HAL_UART_Init
                0x08005910       0x5e build/stm32f4xx_hal_uart.o
                0x08005910                HAL_UART_Init
 .text.HAL_UART_Transmit
                0x0800596e       0xd8 build/stm32f4xx_hal_uart.o
                0x0800596e                HAL_UART_Transmit
 .text.HAL_UART_DMAStop
                0x08005a46       0x64 build/stm32f4xx_hal_uart.o
                0x08005a46                HAL_UART_DMAStop
 .text.HAL_UART_TxCpltCallback
                0x08005aaa        0x2 build/stm32f4xx_hal_uart.o
                0x08005aaa                HAL_UART_TxCpltCallback
 .text.UART_EndTransmit_IT
                0x08005aac       0x1a build/stm32f4xx_hal_uart.o
 .text.HAL_UART_RxCpltCallback
                0x08005ac6        0x2 build/stm32f4xx_hal_uart.o
                0x08005ac6                HAL_UART_RxCpltCallback
 .text.HAL_UART_RxHalfCpltCallback
                0x08005ac8        0x2 build/stm32f4xx_hal_uart.o
                0x08005ac8                HAL_UART_RxHalfCpltCallback
 .text.HAL_UART_ErrorCallback
                0x08005aca        0x2 build/stm32f4xx_hal_uart.o
                0x08005aca                HAL_UART_ErrorCallback
 .text.UART_DMAError
                0x08005acc       0x58 build/stm32f4xx_hal_uart.o
 .text.UART_DMAAbortOnError
                0x08005b24       0x10 build/stm32f4xx_hal_uart.o
 .text.HAL_UARTEx_RxEventCallback
                0x08005b34        0x2 build/stm32f4xx_hal_uart.o
                0x08005b34                HAL_UARTEx_RxEventCallback
 .text.UART_Receive_IT
                0x08005b36       0xba build/stm32f4xx_hal_uart.o
 .text.HAL_UART_IRQHandler
                0x08005bf0      0x208 build/stm32f4xx_hal_uart.o
                0x08005bf0                HAL_UART_IRQHandler
 .text.UART_DMARxHalfCplt
                0x08005df8       0x1a build/stm32f4xx_hal_uart.o
 .text.UART_DMAReceiveCplt
                0x08005e12       0x5e build/stm32f4xx_hal_uart.o
 .text.UART_Start_Receive_DMA
                0x08005e70       0x78 build/stm32f4xx_hal_uart.o
                0x08005e70                UART_Start_Receive_DMA
 .text.HAL_UART_Receive_DMA
                0x08005ee8       0x38 build/stm32f4xx_hal_uart.o
                0x08005ee8                HAL_UART_Receive_DMA
 .text.MX_DMA_Init
                0x08005f20       0x44 build/dma.o
                0x08005f20                MX_DMA_Init
 .text.MX_TIM3_Init
                0x08005f64       0x6c build/tim.o
                0x08005f64                MX_TIM3_Init
 .text.HAL_TIM_Base_MspInit
                0x08005fd0       0xdc build/tim.o
                0x08005fd0                HAL_TIM_Base_MspInit
 .text.HAL_TIM_MspPostInit
                0x080060ac      0x12c build/tim.o
                0x080060ac                HAL_TIM_MspPostInit
 .text.MX_TIM2_Init
                0x080061d8       0xd4 build/tim.o
                0x080061d8                MX_TIM2_Init
 .text.MX_TIM4_Init
                0x080062ac       0xb4 build/tim.o
                0x080062ac                MX_TIM4_Init
 .text.MX_TIM10_Init
                0x08006360       0x70 build/tim.o
                0x08006360                MX_TIM10_Init
 .text.MX_TIM11_Init
                0x080063d0       0x70 build/tim.o
                0x080063d0                MX_TIM11_Init
 .text.esc_init_task
                0x08006440       0xb0 build/bsp.o
                0x08006440                esc_init_task
 .text.CheckForUnlock
                0x080064f0       0x64 build/unlock.o
                0x080064f0                CheckForUnlock
 .text.unlockRobotDectect
                0x08006554       0x80 build/unlock.o
                0x08006554                unlockRobotDectect
 .text.CRC_Compute
                0x080065d4       0x3c build/modbus.o
                0x080065d4                CRC_Compute
 .text.RS485_SendData
                0x08006610       0x24 build/modbus.o
                0x08006610                RS485_SendData
 .text.Master_06_Slove
                0x08006634       0x34 build/modbus.o
                0x08006634                Master_06_Slove
 .text.modbus_move_task
                0x08006668      0x3a8 build/modbus.o
                0x08006668                modbus_move_task
 .text.Reset_Handler
                0x08006a10       0x50 build/startup_stm32f407xx.o
                0x08006a10                Reset_Handler
 .text.Default_Handler
                0x08006a60        0x2 build/startup_stm32f407xx.o
                0x08006a60                RTC_Alarm_IRQHandler
                0x08006a60                HASH_RNG_IRQHandler
                0x08006a60                EXTI2_IRQHandler
                0x08006a60                TIM8_CC_IRQHandler
                0x08006a60                TIM1_CC_IRQHandler
                0x08006a60                DMA2_Stream5_IRQHandler
                0x08006a60                PVD_IRQHandler
                0x08006a60                SDIO_IRQHandler
                0x08006a60                TAMP_STAMP_IRQHandler
                0x08006a60                CAN2_RX1_IRQHandler
                0x08006a60                EXTI3_IRQHandler
                0x08006a60                TIM8_TRG_COM_TIM14_IRQHandler
                0x08006a60                TIM8_UP_TIM13_IRQHandler
                0x08006a60                I2C3_ER_IRQHandler
                0x08006a60                EXTI0_IRQHandler
                0x08006a60                I2C2_EV_IRQHandler
                0x08006a60                CAN1_RX0_IRQHandler
                0x08006a60                FPU_IRQHandler
                0x08006a60                OTG_HS_WKUP_IRQHandler
                0x08006a60                CAN2_SCE_IRQHandler
                0x08006a60                DMA2_Stream2_IRQHandler
                0x08006a60                SPI1_IRQHandler
                0x08006a60                TIM6_DAC_IRQHandler
                0x08006a60                TIM1_BRK_TIM9_IRQHandler
                0x08006a60                DCMI_IRQHandler
                0x08006a60                CAN2_RX0_IRQHandler
                0x08006a60                DMA2_Stream3_IRQHandler
                0x08006a60                USART6_IRQHandler
                0x08006a60                CAN1_RX1_IRQHandler
                0x08006a60                UART5_IRQHandler
                0x08006a60                DMA2_Stream0_IRQHandler
                0x08006a60                TIM4_IRQHandler
                0x08006a60                I2C1_EV_IRQHandler
                0x08006a60                DMA1_Stream6_IRQHandler
                0x08006a60                RCC_IRQHandler
                0x08006a60                TIM8_BRK_TIM12_IRQHandler
                0x08006a60                Default_Handler
                0x08006a60                EXTI15_10_IRQHandler
                0x08006a60                ADC_IRQHandler
                0x08006a60                DMA1_Stream7_IRQHandler
                0x08006a60                TIM7_IRQHandler
                0x08006a60                CAN2_TX_IRQHandler
                0x08006a60                TIM5_IRQHandler
                0x08006a60                DMA2_Stream7_IRQHandler
                0x08006a60                I2C3_EV_IRQHandler
                0x08006a60                EXTI9_5_IRQHandler
                0x08006a60                RTC_WKUP_IRQHandler
                0x08006a60                ETH_WKUP_IRQHandler
                0x08006a60                SPI2_IRQHandler
                0x08006a60                OTG_HS_EP1_IN_IRQHandler
                0x08006a60                DMA1_Stream0_IRQHandler
                0x08006a60                CAN1_TX_IRQHandler
                0x08006a60                EXTI4_IRQHandler
                0x08006a60                FSMC_IRQHandler
                0x08006a60                ETH_IRQHandler
                0x08006a60                OTG_HS_EP1_OUT_IRQHandler
                0x08006a60                WWDG_IRQHandler
                0x08006a60                TIM2_IRQHandler
                0x08006a60                OTG_FS_WKUP_IRQHandler
                0x08006a60                TIM1_TRG_COM_TIM11_IRQHandler
                0x08006a60                OTG_HS_IRQHandler
                0x08006a60                EXTI1_IRQHandler
                0x08006a60                I2C2_ER_IRQHandler
                0x08006a60                DMA2_Stream1_IRQHandler
                0x08006a60                CAN1_SCE_IRQHandler
                0x08006a60                FLASH_IRQHandler
                0x08006a60                DMA2_Stream4_IRQHandler
                0x08006a60                USART1_IRQHandler
                0x08006a60                OTG_FS_IRQHandler
                0x08006a60                SPI3_IRQHandler
                0x08006a60                DMA1_Stream4_IRQHandler
                0x08006a60                I2C1_ER_IRQHandler
                0x08006a60                DMA2_Stream6_IRQHandler
                0x08006a60                DMA1_Stream3_IRQHandler
 *fill*         0x08006a62        0x2 
 .text.__libc_init_array
                0x08006a64       0x48 c:/program files (x86)/gnu arm embedded toolchain/10 2020-q4-major/bin/../lib/gcc/arm-none-eabi/10.2.1/../../../../arm-none-eabi/lib/thumb/v7e-m+fp/hard\libc_nano.a(lib_a-init.o)
                0x08006a64                __libc_init_array
 .text.memcpy   0x08006aac       0x1c c:/program files (x86)/gnu arm embedded toolchain/10 2020-q4-major/bin/../lib/gcc/arm-none-eabi/10.2.1/../../../../arm-none-eabi/lib/thumb/v7e-m+fp/hard\libc_nano.a(lib_a-memcpy-stub.o)
                0x08006aac                memcpy
 .text.memset   0x08006ac8       0x10 c:/program files (x86)/gnu arm embedded toolchain/10 2020-q4-major/bin/../lib/gcc/arm-none-eabi/10.2.1/../../../../arm-none-eabi/lib/thumb/v7e-m+fp/hard\libc_nano.a(lib_a-memset.o)
                0x08006ac8                memset
 .text.__cvt    0x08006ad8       0xc4 c:/program files (x86)/gnu arm embedded toolchain/10 2020-q4-major/bin/../lib/gcc/arm-none-eabi/10.2.1/../../../../arm-none-eabi/lib/thumb/v7e-m+fp/hard\libc_nano.a(lib_a-nano-vfprintf_float.o)
                0x08006ad8                __cvt
 .text.__exponent
                0x08006b9c       0x7c c:/program files (x86)/gnu arm embedded toolchain/10 2020-q4-major/bin/../lib/gcc/arm-none-eabi/10.2.1/../../../../arm-none-eabi/lib/thumb/v7e-m+fp/hard\libc_nano.a(lib_a-nano-vfprintf_float.o)
                0x08006b9c                __exponent
 .text._printf_float
                0x08006c18      0x46c c:/program files (x86)/gnu arm embedded toolchain/10 2020-q4-major/bin/../lib/gcc/arm-none-eabi/10.2.1/../../../../arm-none-eabi/lib/thumb/v7e-m+fp/hard\libc_nano.a(lib_a-nano-vfprintf_float.o)
                0x08006c18                _printf_float
 .text._printf_common
                0x08007084       0xda c:/program files (x86)/gnu arm embedded toolchain/10 2020-q4-major/bin/../lib/gcc/arm-none-eabi/10.2.1/../../../../arm-none-eabi/lib/thumb/v7e-m+fp/hard\libc_nano.a(lib_a-nano-vfprintf_i.o)
                0x08007084                _printf_common
 *fill*         0x0800715e        0x2 
 .text._printf_i
                0x08007160      0x24c c:/program files (x86)/gnu arm embedded toolchain/10 2020-q4-major/bin/../lib/gcc/arm-none-eabi/10.2.1/../../../../arm-none-eabi/lib/thumb/v7e-m+fp/hard\libc_nano.a(lib_a-nano-vfprintf_i.o)
                0x08007160                _printf_i
 .text.__swbuf_r
                0x080073ac       0xa4 c:/program files (x86)/gnu arm embedded toolchain/10 2020-q4-major/bin/../lib/gcc/arm-none-eabi/10.2.1/../../../../arm-none-eabi/lib/thumb/v7e-m+fp/hard\libc_nano.a(lib_a-wbuf.o)
                0x080073ac                __swbuf_r
 .text.__swsetup_r
                0x08007450       0xdc c:/program files (x86)/gnu arm embedded toolchain/10 2020-q4-major/bin/../lib/gcc/arm-none-eabi/10.2.1/../../../../arm-none-eabi/lib/thumb/v7e-m+fp/hard\libc_nano.a(lib_a-wsetup.o)
                0x08007450                __swsetup_r
 .text.quorem   0x0800752c      0x116 c:/program files (x86)/gnu arm embedded toolchain/10 2020-q4-major/bin/../lib/gcc/arm-none-eabi/10.2.1/../../../../arm-none-eabi/lib/thumb/v7e-m+fp/hard\libc_nano.a(lib_a-dtoa.o)
 *fill*         0x08007642        0x6 
 .text._dtoa_r  0x08007648      0xbdc c:/program files (x86)/gnu arm embedded toolchain/10 2020-q4-major/bin/../lib/gcc/arm-none-eabi/10.2.1/../../../../arm-none-eabi/lib/thumb/v7e-m+fp/hard\libc_nano.a(lib_a-dtoa.o)
                0x08007648                _dtoa_r
 .text.__sflush_r
                0x08008224      0x10c c:/program files (x86)/gnu arm embedded toolchain/10 2020-q4-major/bin/../lib/gcc/arm-none-eabi/10.2.1/../../../../arm-none-eabi/lib/thumb/v7e-m+fp/hard\libc_nano.a(lib_a-fflush.o)
                0x08008224                __sflush_r
 .text._fflush_r
                0x08008330       0x78 c:/program files (x86)/gnu arm embedded toolchain/10 2020-q4-major/bin/../lib/gcc/arm-none-eabi/10.2.1/../../../../arm-none-eabi/lib/thumb/v7e-m+fp/hard\libc_nano.a(lib_a-fflush.o)
                0x08008330                _fflush_r
 .text.std      0x080083a8       0x48 c:/program files (x86)/gnu arm embedded toolchain/10 2020-q4-major/bin/../lib/gcc/arm-none-eabi/10.2.1/../../../../arm-none-eabi/lib/thumb/v7e-m+fp/hard\libc_nano.a(lib_a-findfp.o)
 .text._cleanup_r
                0x080083f0        0xc c:/program files (x86)/gnu arm embedded toolchain/10 2020-q4-major/bin/../lib/gcc/arm-none-eabi/10.2.1/../../../../arm-none-eabi/lib/thumb/v7e-m+fp/hard\libc_nano.a(lib_a-findfp.o)
                0x080083f0                _cleanup_r
 .text.__sfmoreglue
                0x080083fc       0x2c c:/program files (x86)/gnu arm embedded toolchain/10 2020-q4-major/bin/../lib/gcc/arm-none-eabi/10.2.1/../../../../arm-none-eabi/lib/thumb/v7e-m+fp/hard\libc_nano.a(lib_a-findfp.o)
                0x080083fc                __sfmoreglue
 .text.__sfp_lock_acquire
                0x08008428        0xc c:/program files (x86)/gnu arm embedded toolchain/10 2020-q4-major/bin/../lib/gcc/arm-none-eabi/10.2.1/../../../../arm-none-eabi/lib/thumb/v7e-m+fp/hard\libc_nano.a(lib_a-findfp.o)
                0x08008428                __sfp_lock_acquire
 .text.__sfp_lock_release
                0x08008434        0xc c:/program files (x86)/gnu arm embedded toolchain/10 2020-q4-major/bin/../lib/gcc/arm-none-eabi/10.2.1/../../../../arm-none-eabi/lib/thumb/v7e-m+fp/hard\libc_nano.a(lib_a-findfp.o)
                0x08008434                __sfp_lock_release
 .text.__sinit_lock_acquire
                0x08008440        0xc c:/program files (x86)/gnu arm embedded toolchain/10 2020-q4-major/bin/../lib/gcc/arm-none-eabi/10.2.1/../../../../arm-none-eabi/lib/thumb/v7e-m+fp/hard\libc_nano.a(lib_a-findfp.o)
                0x08008440                __sinit_lock_acquire
 .text.__sinit_lock_release
                0x0800844c        0xc c:/program files (x86)/gnu arm embedded toolchain/10 2020-q4-major/bin/../lib/gcc/arm-none-eabi/10.2.1/../../../../arm-none-eabi/lib/thumb/v7e-m+fp/hard\libc_nano.a(lib_a-findfp.o)
                0x0800844c                __sinit_lock_release
 .text.__sinit  0x08008458       0x70 c:/program files (x86)/gnu arm embedded toolchain/10 2020-q4-major/bin/../lib/gcc/arm-none-eabi/10.2.1/../../../../arm-none-eabi/lib/thumb/v7e-m+fp/hard\libc_nano.a(lib_a-findfp.o)
                0x08008458                __sinit
 .text.__sfp    0x080084c8       0x8c c:/program files (x86)/gnu arm embedded toolchain/10 2020-q4-major/bin/../lib/gcc/arm-none-eabi/10.2.1/../../../../arm-none-eabi/lib/thumb/v7e-m+fp/hard\libc_nano.a(lib_a-findfp.o)
                0x080084c8                __sfp
 .text._fwalk_reent
                0x08008554       0x3e c:/program files (x86)/gnu arm embedded toolchain/10 2020-q4-major/bin/../lib/gcc/arm-none-eabi/10.2.1/../../../../arm-none-eabi/lib/thumb/v7e-m+fp/hard\libc_nano.a(lib_a-fwalk.o)
                0x08008554                _fwalk_reent
 *fill*         0x08008592        0x2 
 .text._localeconv_r
                0x08008594        0x8 c:/program files (x86)/gnu arm embedded toolchain/10 2020-q4-major/bin/../lib/gcc/arm-none-eabi/10.2.1/../../../../arm-none-eabi/lib/thumb/v7e-m+fp/hard\libc_nano.a(lib_a-localeconv.o)
                0x08008594                _localeconv_r
 .text.__retarget_lock_init_recursive
                0x0800859c        0x2 c:/program files (x86)/gnu arm embedded toolchain/10 2020-q4-major/bin/../lib/gcc/arm-none-eabi/10.2.1/../../../../arm-none-eabi/lib/thumb/v7e-m+fp/hard\libc_nano.a(lib_a-lock.o)
                0x0800859c                __retarget_lock_init_recursive
 .text.__retarget_lock_acquire_recursive
                0x0800859e        0x2 c:/program files (x86)/gnu arm embedded toolchain/10 2020-q4-major/bin/../lib/gcc/arm-none-eabi/10.2.1/../../../../arm-none-eabi/lib/thumb/v7e-m+fp/hard\libc_nano.a(lib_a-lock.o)
                0x0800859e                __retarget_lock_acquire_recursive
 .text.__retarget_lock_release_recursive
                0x080085a0        0x2 c:/program files (x86)/gnu arm embedded toolchain/10 2020-q4-major/bin/../lib/gcc/arm-none-eabi/10.2.1/../../../../arm-none-eabi/lib/thumb/v7e-m+fp/hard\libc_nano.a(lib_a-lock.o)
                0x080085a0                __retarget_lock_release_recursive
 .text.__swhatbuf_r
                0x080085a2       0x4a c:/program files (x86)/gnu arm embedded toolchain/10 2020-q4-major/bin/../lib/gcc/arm-none-eabi/10.2.1/../../../../arm-none-eabi/lib/thumb/v7e-m+fp/hard\libc_nano.a(lib_a-makebuf.o)
                0x080085a2                __swhatbuf_r
 .text.__smakebuf_r
                0x080085ec       0x80 c:/program files (x86)/gnu arm embedded toolchain/10 2020-q4-major/bin/../lib/gcc/arm-none-eabi/10.2.1/../../../../arm-none-eabi/lib/thumb/v7e-m+fp/hard\libc_nano.a(lib_a-makebuf.o)
                0x080085ec                __smakebuf_r
 .text.malloc   0x0800866c       0x10 c:/program files (x86)/gnu arm embedded toolchain/10 2020-q4-major/bin/../lib/gcc/arm-none-eabi/10.2.1/../../../../arm-none-eabi/lib/thumb/v7e-m+fp/hard\libc_nano.a(lib_a-malloc.o)
                0x0800866c                malloc
 .text._Balloc  0x0800867c       0x80 c:/program files (x86)/gnu arm embedded toolchain/10 2020-q4-major/bin/../lib/gcc/arm-none-eabi/10.2.1/../../../../arm-none-eabi/lib/thumb/v7e-m+fp/hard\libc_nano.a(lib_a-mprec.o)
                0x0800867c                _Balloc
 .text._Bfree   0x080086fc       0x44 c:/program files (x86)/gnu arm embedded toolchain/10 2020-q4-major/bin/../lib/gcc/arm-none-eabi/10.2.1/../../../../arm-none-eabi/lib/thumb/v7e-m+fp/hard\libc_nano.a(lib_a-mprec.o)
                0x080086fc                _Bfree
 .text.__multadd
                0x08008740       0x8c c:/program files (x86)/gnu arm embedded toolchain/10 2020-q4-major/bin/../lib/gcc/arm-none-eabi/10.2.1/../../../../arm-none-eabi/lib/thumb/v7e-m+fp/hard\libc_nano.a(lib_a-mprec.o)
                0x08008740                __multadd
 .text.__hi0bits
                0x080087cc       0x40 c:/program files (x86)/gnu arm embedded toolchain/10 2020-q4-major/bin/../lib/gcc/arm-none-eabi/10.2.1/../../../../arm-none-eabi/lib/thumb/v7e-m+fp/hard\libc_nano.a(lib_a-mprec.o)
                0x080087cc                __hi0bits
 .text.__lo0bits
                0x0800880c       0x5e c:/program files (x86)/gnu arm embedded toolchain/10 2020-q4-major/bin/../lib/gcc/arm-none-eabi/10.2.1/../../../../arm-none-eabi/lib/thumb/v7e-m+fp/hard\libc_nano.a(lib_a-mprec.o)
                0x0800880c                __lo0bits
 *fill*         0x0800886a        0x2 
 .text.__i2b    0x0800886c       0x2c c:/program files (x86)/gnu arm embedded toolchain/10 2020-q4-major/bin/../lib/gcc/arm-none-eabi/10.2.1/../../../../arm-none-eabi/lib/thumb/v7e-m+fp/hard\libc_nano.a(lib_a-mprec.o)
                0x0800886c                __i2b
 .text.__multiply
                0x08008898      0x154 c:/program files (x86)/gnu arm embedded toolchain/10 2020-q4-major/bin/../lib/gcc/arm-none-eabi/10.2.1/../../../../arm-none-eabi/lib/thumb/v7e-m+fp/hard\libc_nano.a(lib_a-mprec.o)
                0x08008898                __multiply
 .text.__pow5mult
                0x080089ec       0xb4 c:/program files (x86)/gnu arm embedded toolchain/10 2020-q4-major/bin/../lib/gcc/arm-none-eabi/10.2.1/../../../../arm-none-eabi/lib/thumb/v7e-m+fp/hard\libc_nano.a(lib_a-mprec.o)
                0x080089ec                __pow5mult
 .text.__lshift
                0x08008aa0       0xe0 c:/program files (x86)/gnu arm embedded toolchain/10 2020-q4-major/bin/../lib/gcc/arm-none-eabi/10.2.1/../../../../arm-none-eabi/lib/thumb/v7e-m+fp/hard\libc_nano.a(lib_a-mprec.o)
                0x08008aa0                __lshift
 .text.__mcmp   0x08008b80       0x38 c:/program files (x86)/gnu arm embedded toolchain/10 2020-q4-major/bin/../lib/gcc/arm-none-eabi/10.2.1/../../../../arm-none-eabi/lib/thumb/v7e-m+fp/hard\libc_nano.a(lib_a-mprec.o)
                0x08008b80                __mcmp
 .text.__mdiff  0x08008bb8      0x114 c:/program files (x86)/gnu arm embedded toolchain/10 2020-q4-major/bin/../lib/gcc/arm-none-eabi/10.2.1/../../../../arm-none-eabi/lib/thumb/v7e-m+fp/hard\libc_nano.a(lib_a-mprec.o)
                0x08008bb8                __mdiff
 .text.__d2b    0x08008ccc       0xb8 c:/program files (x86)/gnu arm embedded toolchain/10 2020-q4-major/bin/../lib/gcc/arm-none-eabi/10.2.1/../../../../arm-none-eabi/lib/thumb/v7e-m+fp/hard\libc_nano.a(lib_a-mprec.o)
                0x08008ccc                __d2b
 .text._calloc_r
                0x08008d84       0x1e c:/program files (x86)/gnu arm embedded toolchain/10 2020-q4-major/bin/../lib/gcc/arm-none-eabi/10.2.1/../../../../arm-none-eabi/lib/thumb/v7e-m+fp/hard\libc_nano.a(lib_a-nano-callocr.o)
                0x08008d84                _calloc_r
 *fill*         0x08008da2        0x2 
 .text._free_r  0x08008da4       0x98 c:/program files (x86)/gnu arm embedded toolchain/10 2020-q4-major/bin/../lib/gcc/arm-none-eabi/10.2.1/../../../../arm-none-eabi/lib/thumb/v7e-m+fp/hard\libc_nano.a(lib_a-nano-freer.o)
                0x08008da4                _free_r
 .text._malloc_r
                0x08008e3c       0xb4 c:/program files (x86)/gnu arm embedded toolchain/10 2020-q4-major/bin/../lib/gcc/arm-none-eabi/10.2.1/../../../../arm-none-eabi/lib/thumb/v7e-m+fp/hard\libc_nano.a(lib_a-nano-mallocr.o)
                0x08008e3c                _malloc_r
 .text.__sfputc_r
                0x08008ef0       0x2e c:/program files (x86)/gnu arm embedded toolchain/10 2020-q4-major/bin/../lib/gcc/arm-none-eabi/10.2.1/../../../../arm-none-eabi/lib/thumb/v7e-m+fp/hard\libc_nano.a(lib_a-nano-vfprintf.o)
 .text.__sfputs_r
                0x08008f1e       0x24 c:/program files (x86)/gnu arm embedded toolchain/10 2020-q4-major/bin/../lib/gcc/arm-none-eabi/10.2.1/../../../../arm-none-eabi/lib/thumb/v7e-m+fp/hard\libc_nano.a(lib_a-nano-vfprintf.o)
                0x08008f1e                __sfputs_r
 *fill*         0x08008f42        0x2 
 .text._vfprintf_r
                0x08008f44      0x260 c:/program files (x86)/gnu arm embedded toolchain/10 2020-q4-major/bin/../lib/gcc/arm-none-eabi/10.2.1/../../../../arm-none-eabi/lib/thumb/v7e-m+fp/hard\libc_nano.a(lib_a-nano-vfprintf.o)
                0x08008f44                _vfprintf_r
                0x08008f44                _vfiprintf_r
 .text._sbrk_r  0x080091a4       0x20 c:/program files (x86)/gnu arm embedded toolchain/10 2020-q4-major/bin/../lib/gcc/arm-none-eabi/10.2.1/../../../../arm-none-eabi/lib/thumb/v7e-m+fp/hard\libc_nano.a(lib_a-sbrkr.o)
                0x080091a4                _sbrk_r
 .text.__sread  0x080091c4       0x22 c:/program files (x86)/gnu arm embedded toolchain/10 2020-q4-major/bin/../lib/gcc/arm-none-eabi/10.2.1/../../../../arm-none-eabi/lib/thumb/v7e-m+fp/hard\libc_nano.a(lib_a-stdio.o)
                0x080091c4                __sread
 .text.__swrite
                0x080091e6       0x38 c:/program files (x86)/gnu arm embedded toolchain/10 2020-q4-major/bin/../lib/gcc/arm-none-eabi/10.2.1/../../../../arm-none-eabi/lib/thumb/v7e-m+fp/hard\libc_nano.a(lib_a-stdio.o)
                0x080091e6                __swrite
 .text.__sseek  0x0800921e       0x24 c:/program files (x86)/gnu arm embedded toolchain/10 2020-q4-major/bin/../lib/gcc/arm-none-eabi/10.2.1/../../../../arm-none-eabi/lib/thumb/v7e-m+fp/hard\libc_nano.a(lib_a-stdio.o)
                0x0800921e                __sseek
 .text.__sclose
                0x08009242        0x8 c:/program files (x86)/gnu arm embedded toolchain/10 2020-q4-major/bin/../lib/gcc/arm-none-eabi/10.2.1/../../../../arm-none-eabi/lib/thumb/v7e-m+fp/hard\libc_nano.a(lib_a-stdio.o)
                0x08009242                __sclose
 *fill*         0x0800924a        0x2 
 .text._write_r
                0x0800924c       0x24 c:/program files (x86)/gnu arm embedded toolchain/10 2020-q4-major/bin/../lib/gcc/arm-none-eabi/10.2.1/../../../../arm-none-eabi/lib/thumb/v7e-m+fp/hard\libc_nano.a(lib_a-writer.o)
                0x0800924c                _write_r
 .text.__assert_func
                0x08009270       0x3c c:/program files (x86)/gnu arm embedded toolchain/10 2020-q4-major/bin/../lib/gcc/arm-none-eabi/10.2.1/../../../../arm-none-eabi/lib/thumb/v7e-m+fp/hard\libc_nano.a(lib_a-assert.o)
                0x08009270                __assert_func
 .text._close_r
                0x080092ac       0x20 c:/program files (x86)/gnu arm embedded toolchain/10 2020-q4-major/bin/../lib/gcc/arm-none-eabi/10.2.1/../../../../arm-none-eabi/lib/thumb/v7e-m+fp/hard\libc_nano.a(lib_a-closer.o)
                0x080092ac                _close_r
 .text.fprintf  0x080092cc       0x24 c:/program files (x86)/gnu arm embedded toolchain/10 2020-q4-major/bin/../lib/gcc/arm-none-eabi/10.2.1/../../../../arm-none-eabi/lib/thumb/v7e-m+fp/hard\libc_nano.a(lib_a-fprintf.o)
                0x080092cc                fiprintf
                0x080092cc                fprintf
 .text._fstat_r
                0x080092f0       0x24 c:/program files (x86)/gnu arm embedded toolchain/10 2020-q4-major/bin/../lib/gcc/arm-none-eabi/10.2.1/../../../../arm-none-eabi/lib/thumb/v7e-m+fp/hard\libc_nano.a(lib_a-fstatr.o)
                0x080092f0                _fstat_r
 .text._isatty_r
                0x08009314       0x20 c:/program files (x86)/gnu arm embedded toolchain/10 2020-q4-major/bin/../lib/gcc/arm-none-eabi/10.2.1/../../../../arm-none-eabi/lib/thumb/v7e-m+fp/hard\libc_nano.a(lib_a-isattyr.o)
                0x08009314                _isatty_r
 .text._lseek_r
                0x08009334       0x24 c:/program files (x86)/gnu arm embedded toolchain/10 2020-q4-major/bin/../lib/gcc/arm-none-eabi/10.2.1/../../../../arm-none-eabi/lib/thumb/v7e-m+fp/hard\libc_nano.a(lib_a-lseekr.o)
                0x08009334                _lseek_r
 .text.__ascii_mbtowc
                0x08009358       0x24 c:/program files (x86)/gnu arm embedded toolchain/10 2020-q4-major/bin/../lib/gcc/arm-none-eabi/10.2.1/../../../../arm-none-eabi/lib/thumb/v7e-m+fp/hard\libc_nano.a(lib_a-mbtowc_r.o)
                0x08009358                __ascii_mbtowc
 .text.__malloc_lock
                0x0800937c        0xc c:/program files (x86)/gnu arm embedded toolchain/10 2020-q4-major/bin/../lib/gcc/arm-none-eabi/10.2.1/../../../../arm-none-eabi/lib/thumb/v7e-m+fp/hard\libc_nano.a(lib_a-mlock.o)
                0x0800937c                __malloc_lock
 .text.__malloc_unlock
                0x08009388        0xc c:/program files (x86)/gnu arm embedded toolchain/10 2020-q4-major/bin/../lib/gcc/arm-none-eabi/10.2.1/../../../../arm-none-eabi/lib/thumb/v7e-m+fp/hard\libc_nano.a(lib_a-mlock.o)
                0x08009388                __malloc_unlock
 .text._read_r  0x08009394       0x24 c:/program files (x86)/gnu arm embedded toolchain/10 2020-q4-major/bin/../lib/gcc/arm-none-eabi/10.2.1/../../../../arm-none-eabi/lib/thumb/v7e-m+fp/hard\libc_nano.a(lib_a-readr.o)
                0x08009394                _read_r
 .text.__ascii_wctomb
                0x080093b8       0x1a c:/program files (x86)/gnu arm embedded toolchain/10 2020-q4-major/bin/../lib/gcc/arm-none-eabi/10.2.1/../../../../arm-none-eabi/lib/thumb/v7e-m+fp/hard\libc_nano.a(lib_a-wctomb_r.o)
                0x080093b8                __ascii_wctomb
 .text.abort    0x080093d2        0xe c:/program files (x86)/gnu arm embedded toolchain/10 2020-q4-major/bin/../lib/gcc/arm-none-eabi/10.2.1/../../../../arm-none-eabi/lib/thumb/v7e-m+fp/hard\libc_nano.a(lib_a-abort.o)
                0x080093d2                abort
 .text._raise_r
                0x080093e0       0x50 c:/program files (x86)/gnu arm embedded toolchain/10 2020-q4-major/bin/../lib/gcc/arm-none-eabi/10.2.1/../../../../arm-none-eabi/lib/thumb/v7e-m+fp/hard\libc_nano.a(lib_a-signal.o)
                0x080093e0                _raise_r
 .text.raise    0x08009430       0x10 c:/program files (x86)/gnu arm embedded toolchain/10 2020-q4-major/bin/../lib/gcc/arm-none-eabi/10.2.1/../../../../arm-none-eabi/lib/thumb/v7e-m+fp/hard\libc_nano.a(lib_a-signal.o)
                0x08009430                raise
 .text._kill_r  0x08009440       0x24 c:/program files (x86)/gnu arm embedded toolchain/10 2020-q4-major/bin/../lib/gcc/arm-none-eabi/10.2.1/../../../../arm-none-eabi/lib/thumb/v7e-m+fp/hard\libc_nano.a(lib_a-signalr.o)
                0x08009440                _kill_r
 .text._getpid_r
                0x08009464        0x4 c:/program files (x86)/gnu arm embedded toolchain/10 2020-q4-major/bin/../lib/gcc/arm-none-eabi/10.2.1/../../../../arm-none-eabi/lib/thumb/v7e-m+fp/hard\libc_nano.a(lib_a-signalr.o)
                0x08009464                _getpid_r
 .text._close   0x08009468       0x10 c:/program files (x86)/gnu arm embedded toolchain/10 2020-q4-major/bin/../lib/gcc/arm-none-eabi/10.2.1/../../../../arm-none-eabi/lib/thumb/v7e-m+fp/hard\libnosys.a(close.o)
                0x08009468                _close
 .text._fstat   0x08009478       0x10 c:/program files (x86)/gnu arm embedded toolchain/10 2020-q4-major/bin/../lib/gcc/arm-none-eabi/10.2.1/../../../../arm-none-eabi/lib/thumb/v7e-m+fp/hard\libnosys.a(fstat.o)
                0x08009478                _fstat
 .text._getpid  0x08009488       0x10 c:/program files (x86)/gnu arm embedded toolchain/10 2020-q4-major/bin/../lib/gcc/arm-none-eabi/10.2.1/../../../../arm-none-eabi/lib/thumb/v7e-m+fp/hard\libnosys.a(getpid.o)
                0x08009488                _getpid
 .text._isatty  0x08009498       0x10 c:/program files (x86)/gnu arm embedded toolchain/10 2020-q4-major/bin/../lib/gcc/arm-none-eabi/10.2.1/../../../../arm-none-eabi/lib/thumb/v7e-m+fp/hard\libnosys.a(isatty.o)
                0x08009498                _isatty
 .text._kill    0x080094a8       0x10 c:/program files (x86)/gnu arm embedded toolchain/10 2020-q4-major/bin/../lib/gcc/arm-none-eabi/10.2.1/../../../../arm-none-eabi/lib/thumb/v7e-m+fp/hard\libnosys.a(kill.o)
                0x080094a8                _kill
 .text._lseek   0x080094b8       0x10 c:/program files (x86)/gnu arm embedded toolchain/10 2020-q4-major/bin/../lib/gcc/arm-none-eabi/10.2.1/../../../../arm-none-eabi/lib/thumb/v7e-m+fp/hard\libnosys.a(lseek.o)
                0x080094b8                _lseek
 .text._read    0x080094c8       0x10 c:/program files (x86)/gnu arm embedded toolchain/10 2020-q4-major/bin/../lib/gcc/arm-none-eabi/10.2.1/../../../../arm-none-eabi/lib/thumb/v7e-m+fp/hard\libnosys.a(read.o)
                0x080094c8                _read
 .text._sbrk    0x080094d8       0x1c c:/program files (x86)/gnu arm embedded toolchain/10 2020-q4-major/bin/../lib/gcc/arm-none-eabi/10.2.1/../../../../arm-none-eabi/lib/thumb/v7e-m+fp/hard\libnosys.a(sbrk.o)
                0x080094d8                _sbrk
 .text._exit    0x080094f4        0x4 c:/program files (x86)/gnu arm embedded toolchain/10 2020-q4-major/bin/../lib/gcc/arm-none-eabi/10.2.1/../../../../arm-none-eabi/lib/thumb/v7e-m+fp/hard\libnosys.a(_exit.o)
                0x080094f4                _exit
 *(.glue_7)
 .glue_7        0x080094f8        0x0 linker stubs
 *(.glue_7t)
 .glue_7t       0x080094f8        0x0 linker stubs
 *(.eh_frame)
 .eh_frame      0x080094f8        0x0 c:/program files (x86)/gnu arm embedded toolchain/10 2020-q4-major/bin/../lib/gcc/arm-none-eabi/10.2.1/thumb/v7e-m+fp/hard/crtbegin.o
 *(.init)
 .init          0x080094f8        0x4 c:/program files (x86)/gnu arm embedded toolchain/10 2020-q4-major/bin/../lib/gcc/arm-none-eabi/10.2.1/thumb/v7e-m+fp/hard/crti.o
                0x080094f8                _init
 .init          0x080094fc        0x8 c:/program files (x86)/gnu arm embedded toolchain/10 2020-q4-major/bin/../lib/gcc/arm-none-eabi/10.2.1/thumb/v7e-m+fp/hard/crtn.o
 *(.fini)
 .fini          0x08009504        0x4 c:/program files (x86)/gnu arm embedded toolchain/10 2020-q4-major/bin/../lib/gcc/arm-none-eabi/10.2.1/thumb/v7e-m+fp/hard/crti.o
                0x08009504                _fini
 .fini          0x08009508        0x8 c:/program files (x86)/gnu arm embedded toolchain/10 2020-q4-major/bin/../lib/gcc/arm-none-eabi/10.2.1/thumb/v7e-m+fp/hard/crtn.o
                0x08009510                . = ALIGN (0x4)
                0x08009510                _etext = .

.vfp11_veneer   0x08009510        0x0
 .vfp11_veneer  0x08009510        0x0 linker stubs

.v4_bx          0x08009510        0x0
 .v4_bx         0x08009510        0x0 linker stubs

.iplt           0x08009510        0x0
 .iplt          0x08009510        0x0 c:/program files (x86)/gnu arm embedded toolchain/10 2020-q4-major/bin/../lib/gcc/arm-none-eabi/10.2.1/thumb/v7e-m+fp/hard/crtbegin.o

.rodata         0x08009510      0x6e4
                0x08009510                . = ALIGN (0x4)
 *(.rodata)
 .rodata        0x08009510       0x1c build/freertos.o
 *(.rodata*)
 .rodata.start_task.str1.4
                0x0800952c       0x1d build/main.o
 *fill*         0x08009549        0x3 
 .rodata.main.str1.4
                0x0800954c       0x42 build/main.o
 *fill*         0x0800958e        0x2 
 .rodata.str1.4
                0x08009590        0xb build/freertos.o
 *fill*         0x0800959b        0x1 
 .rodata.flagBitshiftOffset.0
                0x0800959c        0x8 build/stm32f4xx_hal_dma.o
 .rodata.AHBPrescTable
                0x080095a4       0x10 build/system_stm32f4xx.o
                0x080095a4                AHBPrescTable
 .rodata.APBPrescTable
                0x080095b4        0x8 build/system_stm32f4xx.o
                0x080095b4                APBPrescTable
 .rodata.vTaskStartScheduler.str1.4
                0x080095bc        0x5 build/tasks.o
 *fill*         0x080095c1        0x3 
 .rodata.prvCheckForValidListAndQueue.str1.4
                0x080095c4        0x5 build/timers.o
 *fill*         0x080095c9        0x3 
 .rodata.xTimerCreateTimerTask.str1.4
                0x080095cc        0x8 build/timers.o
 .rodata.auchCRCHi
                0x080095d4      0x100 build/modbus.o
                0x080095d4                auchCRCHi
 .rodata.auchCRCLo
                0x080096d4      0x100 build/modbus.o
                0x080096d4                auchCRCLo
 .rodata._global_impure_ptr
                0x080097d4        0x4 c:/program files (x86)/gnu arm embedded toolchain/10 2020-q4-major/bin/../lib/gcc/arm-none-eabi/10.2.1/../../../../arm-none-eabi/lib/thumb/v7e-m+fp/hard\libc_nano.a(lib_a-impure.o)
                0x080097d4                _global_impure_ptr
 .rodata._printf_float.str1.1
                0x080097d8       0x12 c:/program files (x86)/gnu arm embedded toolchain/10 2020-q4-major/bin/../lib/gcc/arm-none-eabi/10.2.1/../../../../arm-none-eabi/lib/thumb/v7e-m+fp/hard\libc_nano.a(lib_a-nano-vfprintf_float.o)
 .rodata._printf_i.str1.1
                0x080097ea       0x22 c:/program files (x86)/gnu arm embedded toolchain/10 2020-q4-major/bin/../lib/gcc/arm-none-eabi/10.2.1/../../../../arm-none-eabi/lib/thumb/v7e-m+fp/hard\libc_nano.a(lib_a-nano-vfprintf_i.o)
 .rodata._dtoa_r.str1.1
                0x0800980c       0xb2 c:/program files (x86)/gnu arm embedded toolchain/10 2020-q4-major/bin/../lib/gcc/arm-none-eabi/10.2.1/../../../../arm-none-eabi/lib/thumb/v7e-m+fp/hard\libc_nano.a(lib_a-dtoa.o)
                                 0xb4 (size before relaxing)
 *fill*         0x080098be        0x2 
 .rodata.__sf_fake_stderr
                0x080098c0       0x20 c:/program files (x86)/gnu arm embedded toolchain/10 2020-q4-major/bin/../lib/gcc/arm-none-eabi/10.2.1/../../../../arm-none-eabi/lib/thumb/v7e-m+fp/hard\libc_nano.a(lib_a-findfp.o)
                0x080098c0                __sf_fake_stderr
 .rodata.__sf_fake_stdin
                0x080098e0       0x20 c:/program files (x86)/gnu arm embedded toolchain/10 2020-q4-major/bin/../lib/gcc/arm-none-eabi/10.2.1/../../../../arm-none-eabi/lib/thumb/v7e-m+fp/hard\libc_nano.a(lib_a-findfp.o)
                0x080098e0                __sf_fake_stdin
 .rodata.__sf_fake_stdout
                0x08009900       0x20 c:/program files (x86)/gnu arm embedded toolchain/10 2020-q4-major/bin/../lib/gcc/arm-none-eabi/10.2.1/../../../../arm-none-eabi/lib/thumb/v7e-m+fp/hard\libc_nano.a(lib_a-findfp.o)
                0x08009900                __sf_fake_stdout
 .rodata._Balloc.str1.1
                0x08009920       0x7e c:/program files (x86)/gnu arm embedded toolchain/10 2020-q4-major/bin/../lib/gcc/arm-none-eabi/10.2.1/../../../../arm-none-eabi/lib/thumb/v7e-m+fp/hard\libc_nano.a(lib_a-mprec.o)
                                 0x95 (size before relaxing)
 .rodata.__multadd.str1.1
                0x0800999e       0x11 c:/program files (x86)/gnu arm embedded toolchain/10 2020-q4-major/bin/../lib/gcc/arm-none-eabi/10.2.1/../../../../arm-none-eabi/lib/thumb/v7e-m+fp/hard\libc_nano.a(lib_a-mprec.o)
 *fill*         0x0800999e        0x2 
 .rodata.__mprec_bigtens
                0x080099a0       0x28 c:/program files (x86)/gnu arm embedded toolchain/10 2020-q4-major/bin/../lib/gcc/arm-none-eabi/10.2.1/../../../../arm-none-eabi/lib/thumb/v7e-m+fp/hard\libc_nano.a(lib_a-mprec.o)
                0x080099a0                __mprec_bigtens
 .rodata.__mprec_tens
                0x080099c8       0xc8 c:/program files (x86)/gnu arm embedded toolchain/10 2020-q4-major/bin/../lib/gcc/arm-none-eabi/10.2.1/../../../../arm-none-eabi/lib/thumb/v7e-m+fp/hard\libc_nano.a(lib_a-mprec.o)
                0x080099c8                __mprec_tens
 .rodata.p05.0  0x08009a90        0xc c:/program files (x86)/gnu arm embedded toolchain/10 2020-q4-major/bin/../lib/gcc/arm-none-eabi/10.2.1/../../../../arm-none-eabi/lib/thumb/v7e-m+fp/hard\libc_nano.a(lib_a-mprec.o)
 .rodata._vfprintf_r.str1.1
                0x08009a9c       0x11 c:/program files (x86)/gnu arm embedded toolchain/10 2020-q4-major/bin/../lib/gcc/arm-none-eabi/10.2.1/../../../../arm-none-eabi/lib/thumb/v7e-m+fp/hard\libc_nano.a(lib_a-nano-vfprintf.o)
 .rodata.__assert_func.str1.1
                0x08009aad       0x3c c:/program files (x86)/gnu arm embedded toolchain/10 2020-q4-major/bin/../lib/gcc/arm-none-eabi/10.2.1/../../../../arm-none-eabi/lib/thumb/v7e-m+fp/hard\libc_nano.a(lib_a-assert.o)
                                 0x3d (size before relaxing)
 .rodata._setlocale_r.str1.1
                0x08009ae9        0x8 c:/program files (x86)/gnu arm embedded toolchain/10 2020-q4-major/bin/../lib/gcc/arm-none-eabi/10.2.1/../../../../arm-none-eabi/lib/thumb/v7e-m+fp/hard\libc_nano.a(lib_a-locale.o)
                                  0x9 (size before relaxing)
 .rodata.str1.1
                0x08009af1        0x2 c:/program files (x86)/gnu arm embedded toolchain/10 2020-q4-major/bin/../lib/gcc/arm-none-eabi/10.2.1/../../../../arm-none-eabi/lib/thumb/v7e-m+fp/hard\libc_nano.a(lib_a-locale.o)
 .rodata._ctype_
                0x08009af3      0x101 c:/program files (x86)/gnu arm embedded toolchain/10 2020-q4-major/bin/../lib/gcc/arm-none-eabi/10.2.1/../../../../arm-none-eabi/lib/thumb/v7e-m+fp/hard\libc_nano.a(lib_a-ctype_.o)
                0x08009af3                _ctype_
                0x08009bf4                . = ALIGN (0x4)

.ARM.extab
 *(.ARM.extab* .gnu.linkonce.armextab.*)

.ARM            0x08009bf4        0x8
                0x08009bf4                __exidx_start = .
 *(.ARM.exidx*)
 .ARM.exidx     0x08009bf4        0x8 c:/program files (x86)/gnu arm embedded toolchain/10 2020-q4-major/bin/../lib/gcc/arm-none-eabi/10.2.1/thumb/v7e-m+fp/hard\libgcc.a(_udivmoddi4.o)
                0x08009bfc                __exidx_end = .

.rel.dyn        0x08009bfc        0x0
 .rel.iplt      0x08009bfc        0x0 c:/program files (x86)/gnu arm embedded toolchain/10 2020-q4-major/bin/../lib/gcc/arm-none-eabi/10.2.1/thumb/v7e-m+fp/hard/crtbegin.o

.preinit_array  0x08009bfc        0x0
                0x08009bfc                PROVIDE (__preinit_array_start = .)
 *(.preinit_array*)
                0x08009bfc                PROVIDE (__preinit_array_end = .)

.init_array     0x08009bfc        0x4
                0x08009bfc                PROVIDE (__init_array_start = .)
 *(SORT_BY_NAME(.init_array.*))
 *(.init_array*)
 .init_array    0x08009bfc        0x4 c:/program files (x86)/gnu arm embedded toolchain/10 2020-q4-major/bin/../lib/gcc/arm-none-eabi/10.2.1/thumb/v7e-m+fp/hard/crtbegin.o
                0x08009c00                PROVIDE (__init_array_end = .)

.fini_array     0x08009c00        0x4
                [!provide]                PROVIDE (__fini_array_start = .)
 *(SORT_BY_NAME(.fini_array.*))
 *(.fini_array*)
 .fini_array    0x08009c00        0x4 c:/program files (x86)/gnu arm embedded toolchain/10 2020-q4-major/bin/../lib/gcc/arm-none-eabi/10.2.1/thumb/v7e-m+fp/hard/crtbegin.o
                [!provide]                PROVIDE (__fini_array_end = .)
                0x08009c04                _sidata = LOADADDR (.data)

.data           0x20000000      0x1e0 load address 0x08009c04
                0x20000000                . = ALIGN (0x4)
                0x20000000                _sdata = .
 *(.data)
 *(.data*)
 .data.uwTickFreq
                0x20000000        0x1 build/stm32f4xx_hal.o
                0x20000000                uwTickFreq
 *fill*         0x20000001        0x3 
 .data.uwTickPrio
                0x20000004        0x4 build/stm32f4xx_hal.o
                0x20000004                uwTickPrio
 .data.SystemCoreClock
                0x20000008        0x4 build/system_stm32f4xx.o
                0x20000008                SystemCoreClock
 .data.uxCriticalNesting
                0x2000000c        0x4 build/port.o
 .data._impure_ptr
                0x20000010        0x4 c:/program files (x86)/gnu arm embedded toolchain/10 2020-q4-major/bin/../lib/gcc/arm-none-eabi/10.2.1/../../../../arm-none-eabi/lib/thumb/v7e-m+fp/hard\libc_nano.a(lib_a-impure.o)
                0x20000010                _impure_ptr
 .data.impure_data
                0x20000014       0x60 c:/program files (x86)/gnu arm embedded toolchain/10 2020-q4-major/bin/../lib/gcc/arm-none-eabi/10.2.1/../../../../arm-none-eabi/lib/thumb/v7e-m+fp/hard\libc_nano.a(lib_a-impure.o)
 .data.__global_locale
                0x20000074      0x16c c:/program files (x86)/gnu arm embedded toolchain/10 2020-q4-major/bin/../lib/gcc/arm-none-eabi/10.2.1/../../../../arm-none-eabi/lib/thumb/v7e-m+fp/hard\libc_nano.a(lib_a-locale.o)
                0x20000074                __global_locale
                0x200001e0                . = ALIGN (0x4)
                0x200001e0                _edata = .
                0x08009de4                _siccmram = LOADADDR (.ccmram)

.igot.plt       0x200001e0        0x0 load address 0x08009de4
 .igot.plt      0x200001e0        0x0 c:/program files (x86)/gnu arm embedded toolchain/10 2020-q4-major/bin/../lib/gcc/arm-none-eabi/10.2.1/thumb/v7e-m+fp/hard/crtbegin.o

.ccmram         0x10000000        0x0 load address 0x08009de4
                0x10000000                . = ALIGN (0x4)
                0x10000000                _sccmram = .
 *(.ccmram)
 *(.ccmram*)
                0x10000000                . = ALIGN (0x4)
                0x10000000                _eccmram = .
                0x10000000                . = ALIGN (0x4)

.bss            0x200001e0     0x4a3c
                0x200001e0                _sbss = .
                0x200001e0                __bss_start__ = _sbss
 *(.bss)
 .bss           0x200001e0       0x1c c:/program files (x86)/gnu arm embedded toolchain/10 2020-q4-major/bin/../lib/gcc/arm-none-eabi/10.2.1/thumb/v7e-m+fp/hard/crtbegin.o
 *(.bss*)
 .bss.ESC_TASK_Handler
                0x200001fc        0x4 build/main.o
                0x200001fc                ESC_TASK_Handler
 .bss.IMUReadyToRECEIVE_Semaphore
                0x20000200        0x4 build/main.o
                0x20000200                IMUReadyToRECEIVE_Semaphore
 .bss.LED_TASK_Handler
                0x20000204        0x4 build/main.o
                0x20000204                LED_TASK_Handler
 .bss.LORARedyToRECEIVE_Semaphore
                0x20000208        0x4 build/main.o
                0x20000208                LORARedyToRECEIVE_Semaphore
 .bss.LORA_RECEIVE_TASK_Handler
                0x2000020c        0x4 build/main.o
                0x2000020c                LORA_RECEIVE_TASK_Handler
 .bss.MODBUSReadyToRECEIVE_Semaphore
                0x20000210        0x4 build/main.o
                0x20000210                MODBUSReadyToRECEIVE_Semaphore
 .bss.MODBUS_TASK_Handler
                0x20000214        0x4 build/main.o
                0x20000214                MODBUS_TASK_Handler
 .bss.ROBOT_UNLOCK_Handler
                0x20000218        0x4 build/main.o
                0x20000218                ROBOT_UNLOCK_Handler
 .bss.Start_Task_Handler
                0x2000021c        0x4 build/main.o
                0x2000021c                Start_Task_Handler
 .bss.game_startHandle
                0x20000220        0x4 build/freertos.o
                0x20000220                game_startHandle
 .bss.xIdleStack
                0x20000224      0x200 build/freertos.o
 .bss.xIdleTaskTCBBuffer
                0x20000424       0x60 build/freertos.o
 .bss.xTimerStack
                0x20000484      0x400 build/freertos.o
 .bss.xTimerTaskTCBBuffer
                0x20000884       0x60 build/freertos.o
 .bss.htim1     0x200008e4       0x48 build/stm32f4xx_hal_timebase_tim.o
                0x200008e4                htim1
 .bss.uwTick    0x2000092c        0x4 build/stm32f4xx_hal.o
                0x2000092c                uwTick
 .bss.xQueueRegistry
                0x20000930       0x40 build/queue.o
                0x20000930                xQueueRegistry
 .bss.pxCurrentTCB
                0x20000970        0x4 build/tasks.o
                0x20000970                pxCurrentTCB
 .bss.pxDelayedTaskList
                0x20000974        0x4 build/tasks.o
 .bss.pxOverflowDelayedTaskList
                0x20000978        0x4 build/tasks.o
 .bss.pxReadyTasksLists
                0x2000097c       0x8c build/tasks.o
 .bss.ulTaskSwitchedInTime
                0x20000a08        0x4 build/tasks.o
 .bss.ulTotalRunTime
                0x20000a0c        0x4 build/tasks.o
 .bss.uxCurrentNumberOfTasks
                0x20000a10        0x4 build/tasks.o
 .bss.uxDeletedTasksWaitingCleanUp
                0x20000a14        0x4 build/tasks.o
 .bss.uxSchedulerSuspended
                0x20000a18        0x4 build/tasks.o
 .bss.uxTaskNumber
                0x20000a1c        0x4 build/tasks.o
 .bss.uxTopReadyPriority
                0x20000a20        0x4 build/tasks.o
 .bss.xDelayedTaskList1
                0x20000a24       0x14 build/tasks.o
 .bss.xDelayedTaskList2
                0x20000a38       0x14 build/tasks.o
 .bss.xIdleTaskHandle
                0x20000a4c        0x4 build/tasks.o
 .bss.xNextTaskUnblockTime
                0x20000a50        0x4 build/tasks.o
 .bss.xNumOfOverflows
                0x20000a54        0x4 build/tasks.o
 .bss.xPendedTicks
                0x20000a58        0x4 build/tasks.o
 .bss.xPendingReadyList
                0x20000a5c       0x14 build/tasks.o
 .bss.xSchedulerRunning
                0x20000a70        0x4 build/tasks.o
 .bss.xSuspendedTaskList
                0x20000a74       0x14 build/tasks.o
 .bss.xTasksWaitingTermination
                0x20000a88       0x14 build/tasks.o
 .bss.xTickCount
                0x20000a9c        0x4 build/tasks.o
 .bss.xYieldPending
                0x20000aa0        0x4 build/tasks.o
 .bss.pxCurrentTimerList
                0x20000aa4        0x4 build/timers.o
 .bss.pxOverflowTimerList
                0x20000aa8        0x4 build/timers.o
 .bss.ucStaticTimerQueueStorage.1
                0x20000aac       0x78 build/timers.o
 .bss.xActiveTimerList1
                0x20000b24       0x14 build/timers.o
 .bss.xActiveTimerList2
                0x20000b38       0x14 build/timers.o
 .bss.xLastTime.2
                0x20000b4c        0x4 build/timers.o
 .bss.xStaticTimerQueue.0
                0x20000b50       0x50 build/timers.o
 .bss.xTimerQueue
                0x20000ba0        0x4 build/timers.o
 .bss.xTimerTaskHandle
                0x20000ba4        0x4 build/timers.o
 .bss.pxEnd     0x20000ba8        0x4 build/heap_4.o
 .bss.ucHeap    0x20000bac     0x3c00 build/heap_4.o
 .bss.xBlockAllocatedBit
                0x200047ac        0x4 build/heap_4.o
 .bss.xFreeBytesRemaining
                0x200047b0        0x4 build/heap_4.o
 .bss.xMinimumEverFreeBytesRemaining
                0x200047b4        0x4 build/heap_4.o
 .bss.xNumberOfSuccessfulAllocations
                0x200047b8        0x4 build/heap_4.o
 .bss.xNumberOfSuccessfulFrees
                0x200047bc        0x4 build/heap_4.o
 .bss.xStart    0x200047c0        0x8 build/heap_4.o
 .bss.ucMaxSysCallPriority
                0x200047c8        0x1 build/port.o
 *fill*         0x200047c9        0x3 
 .bss.ulMaxPRIGROUPValue
                0x200047cc        0x4 build/port.o
 .bss.hdma_uart4_rx
                0x200047d0       0x60 build/usart.o
                0x200047d0                hdma_uart4_rx
 .bss.hdma_usart2_rx
                0x20004830       0x60 build/usart.o
                0x20004830                hdma_usart2_rx
 .bss.hdma_usart3_rx
                0x20004890       0x60 build/usart.o
                0x20004890                hdma_usart3_rx
 .bss.huart1    0x200048f0       0x44 build/usart.o
                0x200048f0                huart1
 .bss.huart2    0x20004934       0x44 build/usart.o
                0x20004934                huart2
 .bss.huart3    0x20004978       0x44 build/usart.o
                0x20004978                huart3
 .bss.huart4    0x200049bc       0x44 build/usart.o
                0x200049bc                huart4
 .bss.LORA_DATA_RECEIVE
                0x20004a00       0x2c build/remoter.o
                0x20004a00                LORA_DATA_RECEIVE
 .bss.LoseLoraSignalFlag
                0x20004a2c        0x1 build/remoter.o
                0x20004a2c                LoseLoraSignalFlag
 *fill*         0x20004a2d        0x3 
 .bss.RemoteCommand
                0x20004a30       0x38 build/remoter.o
                0x20004a30                RemoteCommand
 .bss.Request_lora_flag
                0x20004a68        0x1 build/remoter.o
                0x20004a68                Request_lora_flag
 .bss.Request_imu_data_flag
                0x20004a69        0x1 build/imu.o
                0x20004a69                Request_imu_data_flag
 *fill*         0x20004a6a        0x2 
 .bss.htim10    0x20004a6c       0x48 build/tim.o
                0x20004a6c                htim10
 .bss.htim11    0x20004ab4       0x48 build/tim.o
                0x20004ab4                htim11
 .bss.htim2     0x20004afc       0x48 build/tim.o
                0x20004afc                htim2
 .bss.htim3     0x20004b44       0x48 build/tim.o
                0x20004b44                htim3
 .bss.htim4     0x20004b8c       0x48 build/tim.o
                0x20004b8c                htim4
 *fill*         0x20004bd4        0x4 
 .bss.FreeRTOSRunTimeTicks
                0x20004bd8        0x8 build/taskstatedisplay.o
                0x20004bd8                FreeRTOSRunTimeTicks
 .bss.RobotUnlockFlag
                0x20004be0        0x1 build/unlock.o
                0x20004be0                RobotUnlockFlag
 .bss.RobotUnlockSignalCnt.0
                0x20004be1        0x1 build/unlock.o
 .bss.OverLoadWarnning
                0x20004be2        0x1 build/modbus.o
                0x20004be2                OverLoadWarnning
 *fill*         0x20004be3        0x1 
 .bss.RS485_RX_BUFF
                0x20004be4       0x14 build/modbus.o
                0x20004be4                RS485_RX_BUFF
 .bss.RS485_TX_BUFF
                0x20004bf8        0xa build/modbus.o
                0x20004bf8                RS485_TX_BUFF
 .bss.Wind_Left
                0x20004c02        0x2 build/modbus.o
                0x20004c02                Wind_Left
 .bss.Wind_Right
                0x20004c04        0x2 build/modbus.o
                0x20004c04                Wind_Right
 .bss.__lock___malloc_recursive_mutex
                0x20004c06        0x1 c:/program files (x86)/gnu arm embedded toolchain/10 2020-q4-major/bin/../lib/gcc/arm-none-eabi/10.2.1/../../../../arm-none-eabi/lib/thumb/v7e-m+fp/hard\libc_nano.a(lib_a-lock.o)
                0x20004c06                __lock___malloc_recursive_mutex
 .bss.__lock___sfp_recursive_mutex
                0x20004c07        0x1 c:/program files (x86)/gnu arm embedded toolchain/10 2020-q4-major/bin/../lib/gcc/arm-none-eabi/10.2.1/../../../../arm-none-eabi/lib/thumb/v7e-m+fp/hard\libc_nano.a(lib_a-lock.o)
                0x20004c07                __lock___sfp_recursive_mutex
 .bss.__lock___sinit_recursive_mutex
                0x20004c08        0x1 c:/program files (x86)/gnu arm embedded toolchain/10 2020-q4-major/bin/../lib/gcc/arm-none-eabi/10.2.1/../../../../arm-none-eabi/lib/thumb/v7e-m+fp/hard\libc_nano.a(lib_a-lock.o)
                0x20004c08                __lock___sinit_recursive_mutex
 *fill*         0x20004c09        0x3 
 .bss.__malloc_free_list
                0x20004c0c        0x4 c:/program files (x86)/gnu arm embedded toolchain/10 2020-q4-major/bin/../lib/gcc/arm-none-eabi/10.2.1/../../../../arm-none-eabi/lib/thumb/v7e-m+fp/hard\libc_nano.a(lib_a-nano-mallocr.o)
                0x20004c0c                __malloc_free_list
 .bss.__malloc_sbrk_start
                0x20004c10        0x4 c:/program files (x86)/gnu arm embedded toolchain/10 2020-q4-major/bin/../lib/gcc/arm-none-eabi/10.2.1/../../../../arm-none-eabi/lib/thumb/v7e-m+fp/hard\libc_nano.a(lib_a-nano-mallocr.o)
                0x20004c10                __malloc_sbrk_start
 .bss.errno     0x20004c14        0x4 c:/program files (x86)/gnu arm embedded toolchain/10 2020-q4-major/bin/../lib/gcc/arm-none-eabi/10.2.1/../../../../arm-none-eabi/lib/thumb/v7e-m+fp/hard\libc_nano.a(lib_a-reent.o)
                0x20004c14                errno
 .bss.heap_end.0
                0x20004c18        0x4 c:/program files (x86)/gnu arm embedded toolchain/10 2020-q4-major/bin/../lib/gcc/arm-none-eabi/10.2.1/../../../../arm-none-eabi/lib/thumb/v7e-m+fp/hard\libnosys.a(sbrk.o)
 *(COMMON)
                0x20004c1c                . = ALIGN (0x4)
                0x20004c1c                _ebss = .
                0x20004c1c                __bss_end__ = _ebss

._user_heap_stack
                0x20004c1c      0x604
                0x20004c20                . = ALIGN (0x8)
 *fill*         0x20004c1c        0x4 
                0x20004c20                PROVIDE (end = .)
                [!provide]                PROVIDE (_end = .)
                0x20004e20                . = (. + _Min_Heap_Size)
 *fill*         0x20004c20      0x200 
                0x20005220                . = (. + _Min_Stack_Size)
 *fill*         0x20004e20      0x400 
                0x20005220                . = ALIGN (0x8)

/DISCARD/
 libc.a(*)
 libm.a(*)
 libgcc.a(*)

.ARM.attributes
                0x00000000       0x30
 *(.ARM.attributes)
 .ARM.attributes
                0x00000000       0x1e c:/program files (x86)/gnu arm embedded toolchain/10 2020-q4-major/bin/../lib/gcc/arm-none-eabi/10.2.1/thumb/v7e-m+fp/hard/crti.o
 .ARM.attributes
                0x0000001e       0x34 c:/program files (x86)/gnu arm embedded toolchain/10 2020-q4-major/bin/../lib/gcc/arm-none-eabi/10.2.1/thumb/v7e-m+fp/hard/crtbegin.o
 .ARM.attributes
                0x00000052       0x34 build/main.o
 .ARM.attributes
                0x00000086       0x34 build/gpio.o
 .ARM.attributes
                0x000000ba       0x34 build/freertos.o
 .ARM.attributes
                0x000000ee       0x34 build/stm32f4xx_it.o
 .ARM.attributes
                0x00000122       0x34 build/stm32f4xx_hal_msp.o
 .ARM.attributes
                0x00000156       0x34 build/stm32f4xx_hal_timebase_tim.o
 .ARM.attributes
                0x0000018a       0x34 build/stm32f4xx_hal_rcc.o
 .ARM.attributes
                0x000001be       0x34 build/stm32f4xx_hal_gpio.o
 .ARM.attributes
                0x000001f2       0x34 build/stm32f4xx_hal_dma.o
 .ARM.attributes
                0x00000226       0x34 build/stm32f4xx_hal_cortex.o
 .ARM.attributes
                0x0000025a       0x34 build/stm32f4xx_hal.o
 .ARM.attributes
                0x0000028e       0x34 build/stm32f4xx_hal_tim.o
 .ARM.attributes
                0x000002c2       0x34 build/stm32f4xx_hal_tim_ex.o
 .ARM.attributes
                0x000002f6       0x34 build/system_stm32f4xx.o
 .ARM.attributes
                0x0000032a       0x34 build/list.o
 .ARM.attributes
                0x0000035e       0x34 build/queue.o
 .ARM.attributes
                0x00000392       0x34 build/tasks.o
 .ARM.attributes
                0x000003c6       0x34 build/timers.o
 .ARM.attributes
                0x000003fa       0x34 build/cmsis_os.o
 .ARM.attributes
                0x0000042e       0x34 build/heap_4.o
 .ARM.attributes
                0x00000462       0x34 build/port.o
 .ARM.attributes
                0x00000496       0x34 build/usart.o
 .ARM.attributes
                0x000004ca       0x34 build/led.o
 .ARM.attributes
                0x000004fe       0x34 build/remoter.o
 .ARM.attributes
                0x00000532       0x34 build/imu.o
 .ARM.attributes
                0x00000566       0x34 build/stm32f4xx_hal_uart.o
 .ARM.attributes
                0x0000059a       0x34 build/dma.o
 .ARM.attributes
                0x000005ce       0x34 build/tim.o
 .ARM.attributes
                0x00000602       0x34 build/bsp.o
 .ARM.attributes
                0x00000636       0x34 build/taskstatedisplay.o
 .ARM.attributes
                0x0000066a       0x34 build/unlock.o
 .ARM.attributes
                0x0000069e       0x34 build/modbus.o
 .ARM.attributes
                0x000006d2       0x21 build/startup_stm32f407xx.o
 .ARM.attributes
                0x000006f3       0x32 c:/program files (x86)/gnu arm embedded toolchain/10 2020-q4-major/bin/../lib/gcc/arm-none-eabi/10.2.1/../../../../arm-none-eabi/lib/thumb/v7e-m+fp/hard\libc_nano.a(lib_a-impure.o)
 .ARM.attributes
                0x00000725       0x34 c:/program files (x86)/gnu arm embedded toolchain/10 2020-q4-major/bin/../lib/gcc/arm-none-eabi/10.2.1/../../../../arm-none-eabi/lib/thumb/v7e-m+fp/hard\libc_nano.a(lib_a-init.o)
 .ARM.attributes
                0x00000759       0x34 c:/program files (x86)/gnu arm embedded toolchain/10 2020-q4-major/bin/../lib/gcc/arm-none-eabi/10.2.1/../../../../arm-none-eabi/lib/thumb/v7e-m+fp/hard\libc_nano.a(lib_a-memcpy-stub.o)
 .ARM.attributes
                0x0000078d       0x34 c:/program files (x86)/gnu arm embedded toolchain/10 2020-q4-major/bin/../lib/gcc/arm-none-eabi/10.2.1/../../../../arm-none-eabi/lib/thumb/v7e-m+fp/hard\libc_nano.a(lib_a-memset.o)
 .ARM.attributes
                0x000007c1       0x34 c:/program files (x86)/gnu arm embedded toolchain/10 2020-q4-major/bin/../lib/gcc/arm-none-eabi/10.2.1/../../../../arm-none-eabi/lib/thumb/v7e-m+fp/hard\libc_nano.a(lib_a-nano-vfprintf_float.o)
 .ARM.attributes
                0x000007f5       0x34 c:/program files (x86)/gnu arm embedded toolchain/10 2020-q4-major/bin/../lib/gcc/arm-none-eabi/10.2.1/../../../../arm-none-eabi/lib/thumb/v7e-m+fp/hard\libc_nano.a(lib_a-nano-vfprintf_i.o)
 .ARM.attributes
                0x00000829       0x17 c:/program files (x86)/gnu arm embedded toolchain/10 2020-q4-major/bin/../lib/gcc/arm-none-eabi/10.2.1/../../../../arm-none-eabi/lib/thumb/v7e-m+fp/hard\libc_nano.a(lib_a-strlen.o)
 .ARM.attributes
                0x00000840       0x34 c:/program files (x86)/gnu arm embedded toolchain/10 2020-q4-major/bin/../lib/gcc/arm-none-eabi/10.2.1/../../../../arm-none-eabi/lib/thumb/v7e-m+fp/hard\libc_nano.a(lib_a-wbuf.o)
 .ARM.attributes
                0x00000874       0x34 c:/program files (x86)/gnu arm embedded toolchain/10 2020-q4-major/bin/../lib/gcc/arm-none-eabi/10.2.1/../../../../arm-none-eabi/lib/thumb/v7e-m+fp/hard\libc_nano.a(lib_a-wsetup.o)
 .ARM.attributes
                0x000008a8       0x34 c:/program files (x86)/gnu arm embedded toolchain/10 2020-q4-major/bin/../lib/gcc/arm-none-eabi/10.2.1/../../../../arm-none-eabi/lib/thumb/v7e-m+fp/hard\libc_nano.a(lib_a-dtoa.o)
 .ARM.attributes
                0x000008dc       0x34 c:/program files (x86)/gnu arm embedded toolchain/10 2020-q4-major/bin/../lib/gcc/arm-none-eabi/10.2.1/../../../../arm-none-eabi/lib/thumb/v7e-m+fp/hard\libc_nano.a(lib_a-fflush.o)
 .ARM.attributes
                0x00000910       0x34 c:/program files (x86)/gnu arm embedded toolchain/10 2020-q4-major/bin/../lib/gcc/arm-none-eabi/10.2.1/../../../../arm-none-eabi/lib/thumb/v7e-m+fp/hard\libc_nano.a(lib_a-findfp.o)
 .ARM.attributes
                0x00000944       0x34 c:/program files (x86)/gnu arm embedded toolchain/10 2020-q4-major/bin/../lib/gcc/arm-none-eabi/10.2.1/../../../../arm-none-eabi/lib/thumb/v7e-m+fp/hard\libc_nano.a(lib_a-fwalk.o)
 .ARM.attributes
                0x00000978       0x34 c:/program files (x86)/gnu arm embedded toolchain/10 2020-q4-major/bin/../lib/gcc/arm-none-eabi/10.2.1/../../../../arm-none-eabi/lib/thumb/v7e-m+fp/hard\libc_nano.a(lib_a-localeconv.o)
 .ARM.attributes
                0x000009ac       0x34 c:/program files (x86)/gnu arm embedded toolchain/10 2020-q4-major/bin/../lib/gcc/arm-none-eabi/10.2.1/../../../../arm-none-eabi/lib/thumb/v7e-m+fp/hard\libc_nano.a(lib_a-lock.o)
 .ARM.attributes